Archive member included to satisfy reference by file (symbol)

c:/program files (x86)/gnu tools arm embedded/7 2018-q2-update/bin/../lib/gcc/arm-none-eabi/7.3.1/../../../../arm-none-eabi/lib/thumb/v7e-m/fpv4-sp/hard\libc_nano.a(lib_a-exit.o)
                              c:/program files (x86)/gnu tools arm embedded/7 2018-q2-update/bin/../lib/gcc/arm-none-eabi/7.3.1/../../../../arm-none-eabi/lib/thumb/v7e-m/fpv4-sp/hard/crt0.o (exit)
c:/program files (x86)/gnu tools arm embedded/7 2018-q2-update/bin/../lib/gcc/arm-none-eabi/7.3.1/../../../../arm-none-eabi/lib/thumb/v7e-m/fpv4-sp/hard\libc_nano.a(lib_a-impure.o)
                              c:/program files (x86)/gnu tools arm embedded/7 2018-q2-update/bin/../lib/gcc/arm-none-eabi/7.3.1/../../../../arm-none-eabi/lib/thumb/v7e-m/fpv4-sp/hard\libc_nano.a(lib_a-exit.o) (_global_impure_ptr)
c:/program files (x86)/gnu tools arm embedded/7 2018-q2-update/bin/../lib/gcc/arm-none-eabi/7.3.1/../../../../arm-none-eabi/lib/thumb/v7e-m/fpv4-sp/hard\libc_nano.a(lib_a-init.o)
                              c:/program files (x86)/gnu tools arm embedded/7 2018-q2-update/bin/../lib/gcc/arm-none-eabi/7.3.1/../../../../arm-none-eabi/lib/thumb/v7e-m/fpv4-sp/hard/crt0.o (__libc_init_array)
c:/program files (x86)/gnu tools arm embedded/7 2018-q2-update/bin/../lib/gcc/arm-none-eabi/7.3.1/../../../../arm-none-eabi/lib/thumb/v7e-m/fpv4-sp/hard\libc_nano.a(lib_a-memcpy-stub.o)
                              build/queue.o (memcpy)
c:/program files (x86)/gnu tools arm embedded/7 2018-q2-update/bin/../lib/gcc/arm-none-eabi/7.3.1/../../../../arm-none-eabi/lib/thumb/v7e-m/fpv4-sp/hard\libc_nano.a(lib_a-memset.o)
                              c:/program files (x86)/gnu tools arm embedded/7 2018-q2-update/bin/../lib/gcc/arm-none-eabi/7.3.1/../../../../arm-none-eabi/lib/thumb/v7e-m/fpv4-sp/hard/crt0.o (memset)
c:/program files (x86)/gnu tools arm embedded/7 2018-q2-update/bin/../lib/gcc/arm-none-eabi/7.3.1/../../../../arm-none-eabi/lib/thumb/v7e-m/fpv4-sp/hard\libm.a(lib_a-w_log.o)
                              build/drawing.o (log)
c:/program files (x86)/gnu tools arm embedded/7 2018-q2-update/bin/../lib/gcc/arm-none-eabi/7.3.1/../../../../arm-none-eabi/lib/thumb/v7e-m/fpv4-sp/hard\libm.a(lib_a-e_log.o)
                              c:/program files (x86)/gnu tools arm embedded/7 2018-q2-update/bin/../lib/gcc/arm-none-eabi/7.3.1/../../../../arm-none-eabi/lib/thumb/v7e-m/fpv4-sp/hard\libm.a(lib_a-w_log.o) (__ieee754_log)
c:/program files (x86)/gnu tools arm embedded/7 2018-q2-update/bin/../lib/gcc/arm-none-eabi/7.3.1/../../../../arm-none-eabi/lib/thumb/v7e-m/fpv4-sp/hard\libm.a(lib_a-s_lib_ver.o)
                              c:/program files (x86)/gnu tools arm embedded/7 2018-q2-update/bin/../lib/gcc/arm-none-eabi/7.3.1/../../../../arm-none-eabi/lib/thumb/v7e-m/fpv4-sp/hard\libm.a(lib_a-w_log.o) (__fdlib_version)
c:/program files (x86)/gnu tools arm embedded/7 2018-q2-update/bin/../lib/gcc/arm-none-eabi/7.3.1/../../../../arm-none-eabi/lib/thumb/v7e-m/fpv4-sp/hard\libm.a(lib_a-s_matherr.o)
                              c:/program files (x86)/gnu tools arm embedded/7 2018-q2-update/bin/../lib/gcc/arm-none-eabi/7.3.1/../../../../arm-none-eabi/lib/thumb/v7e-m/fpv4-sp/hard\libm.a(lib_a-w_log.o) (matherr)
c:/program files (x86)/gnu tools arm embedded/7 2018-q2-update/bin/../lib/gcc/arm-none-eabi/7.3.1/../../../../arm-none-eabi/lib/thumb/v7e-m/fpv4-sp/hard\libm.a(lib_a-s_nan.o)
                              c:/program files (x86)/gnu tools arm embedded/7 2018-q2-update/bin/../lib/gcc/arm-none-eabi/7.3.1/../../../../arm-none-eabi/lib/thumb/v7e-m/fpv4-sp/hard\libm.a(lib_a-w_log.o) (nan)
c:/program files (x86)/gnu tools arm embedded/7 2018-q2-update/bin/../lib/gcc/arm-none-eabi/7.3.1/../../../../arm-none-eabi/lib/thumb/v7e-m/fpv4-sp/hard\libnosys.a(_exit.o)
                              c:/program files (x86)/gnu tools arm embedded/7 2018-q2-update/bin/../lib/gcc/arm-none-eabi/7.3.1/../../../../arm-none-eabi/lib/thumb/v7e-m/fpv4-sp/hard\libc_nano.a(lib_a-exit.o) (_exit)
c:/program files (x86)/gnu tools arm embedded/7 2018-q2-update/bin/../lib/gcc/arm-none-eabi/7.3.1/thumb/v7e-m/fpv4-sp/hard\libgcc.a(_arm_addsubdf3.o)
                              c:/program files (x86)/gnu tools arm embedded/7 2018-q2-update/bin/../lib/gcc/arm-none-eabi/7.3.1/../../../../arm-none-eabi/lib/thumb/v7e-m/fpv4-sp/hard\libm.a(lib_a-e_log.o) (__aeabi_dsub)
c:/program files (x86)/gnu tools arm embedded/7 2018-q2-update/bin/../lib/gcc/arm-none-eabi/7.3.1/thumb/v7e-m/fpv4-sp/hard\libgcc.a(_arm_muldivdf3.o)
                              build/drawing.o (__aeabi_dmul)
c:/program files (x86)/gnu tools arm embedded/7 2018-q2-update/bin/../lib/gcc/arm-none-eabi/7.3.1/thumb/v7e-m/fpv4-sp/hard\libgcc.a(_arm_cmpdf2.o)
[...]
Memory Configuration

Name             Origin             Length             Attributes
RAM              0x20000000         0x00050000         xrw
FLASH            0x08000000         0x00100000         xr
*default*        0x00000000         0xffffffff

Linker script and memory map

LOAD c:/program files (x86)/gnu tools arm embedded/7 2018-q2-update/bin/../lib/gcc/arm-none-eabi/7.3.1/thumb/v7e-m/fpv4-sp/hard/crti.o
LOAD c:/program files (x86)/gnu tools arm embedded/7 2018-q2-update/bin/../lib/gcc/arm-none-eabi/7.3.1/thumb/v7e-m/fpv4-sp/hard/crtbegin.o
LOAD c:/program files (x86)/gnu tools arm embedded/7 2018-q2-update/bin/../lib/gcc/arm-none-eabi/7.3.1/../../../../arm-none-eabi/lib/thumb/v7e-m/fpv4-sp/hard/crt0.o
LOAD build/main.o
LOAD build/freertos.o
LOAD build/stm32f7xx_it.o
LOAD build/stm32f7xx_hal_msp.o
LOAD build/stm32f7xx_hal_timebase_TIM.o
LOAD build/stm32f7xx_hal_adc.o
LOAD build/stm32f7xx_hal_adc_ex.o
LOAD build/stm32f7xx_hal_cortex.o
LOAD build/stm32f7xx_hal_dac.o
LOAD build/stm32f7xx_hal_dac_ex.o
LOAD build/stm32f7xx_hal_i2c.o
LOAD build/stm32f7xx_hal_i2c_ex.o
LOAD build/stm32f7xx_hal_rtc.o
LOAD build/stm32f7xx_hal_rtc_ex.o
LOAD build/stm32f7xx_ll_sdmmc.o
LOAD build/stm32f7xx_hal_mmc.o
LOAD build/stm32f7xx_hal_spi.o
LOAD build/stm32f7xx_hal_tim.o
LOAD build/stm32f7xx_hal_tim_ex.o
LOAD build/stm32f7xx_hal_uart.o
LOAD build/stm32f7xx_hal_rcc.o
LOAD build/stm32f7xx_hal_rcc_ex.o
LOAD build/stm32f7xx_hal_flash.o
LOAD build/stm32f7xx_hal_flash_ex.o
LOAD build/stm32f7xx_hal_gpio.o
LOAD build/stm32f7xx_hal_dma.o
LOAD build/stm32f7xx_hal_dma_ex.o
LOAD build/stm32f7xx_hal_pwr.o
LOAD build/stm32f7xx_hal_pwr_ex.o
LOAD build/stm32f7xx_hal.o
LOAD build/system_stm32f7xx.o
LOAD build/heap_4.o
LOAD build/port.o
LOAD build/croutine.o
LOAD build/event_groups.o
LOAD build/list.o
LOAD build/queue.o
LOAD build/tasks.o
LOAD build/timers.o
LOAD build/cmsis_os.o
LOAD build/gpio.o
LOAD build/adc.o
LOAD build/dac.o
LOAD build/i2c.o
LOAD build/rtc.o
LOAD build/sdmmc.o
LOAD build/spi.o
LOAD build/tim.o
LOAD build/usart.o
LOAD build/usb_otg.o
LOAD build/dma.o
LOAD build/Adafruit_ILI9340.o
LOAD build/Adafruit_GFX.o
LOAD build/glcdfont.o
LOAD build/images.o
LOAD build/drawing.o
LOAD build/startup_stm32f756xx.o
LOAD c:/program files (x86)/gnu tools arm embedded/7 2018-q2-update/bin/../lib/gcc/arm-none-eabi/7.3.1/../../../../arm-none-eabi/lib/thumb/v7e-m/fpv4-sp/hard\libc_nano.a
LOAD c:/program files (x86)/gnu tools arm embedded/7 2018-q2-update/bin/../lib/gcc/arm-none-eabi/7.3.1/../../../../arm-none-eabi/lib/thumb/v7e-m/fpv4-sp/hard\libm.a
LOAD c:/program files (x86)/gnu tools arm embedded/7 2018-q2-update/bin/../lib/gcc/arm-none-eabi/7.3.1/../../../../arm-none-eabi/lib/thumb/v7e-m/fpv4-sp/hard\libnosys.a
START GROUP
LOAD c:/program files (x86)/gnu tools arm embedded/7 2018-q2-update/bin/../lib/gcc/arm-none-eabi/7.3.1/thumb/v7e-m/fpv4-sp/hard\libgcc.a
LOAD c:/program files (x86)/gnu tools arm embedded/7 2018-q2-update/bin/../lib/gcc/arm-none-eabi/7.3.1/../../../../arm-none-eabi/lib/thumb/v7e-m/fpv4-sp/hard\libc_nano.a
END GROUP
START GROUP
LOAD c:/program files (x86)/gnu tools arm embedded/7 2018-q2-update/bin/../lib/gcc/arm-none-eabi/7.3.1/thumb/v7e-m/fpv4-sp/hard\libgcc.a
LOAD c:/program files (x86)/gnu tools arm embedded/7 2018-q2-update/bin/../lib/gcc/arm-none-eabi/7.3.1/../../../../arm-none-eabi/lib/thumb/v7e-m/fpv4-sp/hard\libc_nano.a
END GROUP
LOAD c:/program files (x86)/gnu tools arm embedded/7 2018-q2-update/bin/../lib/gcc/arm-none-eabi/7.3.1/thumb/v7e-m/fpv4-sp/hard/crtend.o
LOAD c:/program files (x86)/gnu tools arm embedded/7 2018-q2-update/bin/../lib/gcc/arm-none-eabi/7.3.1/thumb/v7e-m/fpv4-sp/hard/crtn.o
                0x20050000                _estack = 0x20050000
                0x00000200                _Min_Heap_Size = 0x200
                0x00000400                _Min_Stack_Size = 0x400

.isr_vector     0x08000000      0x1c8
                0x08000000                . = ALIGN (0x4)
 *(.isr_vector)
 .isr_vector    0x08000000      0x1c8 build/startup_stm32f756xx.o
                0x08000000                g_pfnVectors
                0x080001c8                . = ALIGN (0x4)

.text           0x080001d0     0x52f4
                0x080001d0                . = ALIGN (0x4)
 *(.text)
 .text          0x080001d0       0x40 c:/program files (x86)/gnu tools arm embedded/7 2018-q2-update/bin/../lib/gcc/arm-none-eabi/7.3.1/thumb/v7e-m/fpv4-sp/hard/crtbegin.o
 .text          0x08000210       0x30 c:/program files (x86)/gnu tools arm embedded/7 2018-q2-update/bin/../lib/gcc/arm-none-eabi/7.3.1/thumb/v7e-m/fpv4-sp/hard\libgcc.a(_aeabi_uldivmod.o)
                0x08000210                __aeabi_uldivmod
 .text          0x08000240      0x2cc c:/program files (x86)/gnu tools arm embedded/7 2018-q2-update/bin/../lib/gcc/arm-none-eabi/7.3.1/thumb/v7e-m/fpv4-sp/hard\libgcc.a(_udivmoddi4.o)
                0x08000240                __udivmoddi4
 .text          0x0800050c        0x4 c:/program files (x86)/gnu tools arm embedded/7 2018-q2-update/bin/../lib/gcc/arm-none-eabi/7.3.1/thumb/v7e-m/fpv4-sp/hard\libgcc.a(_dvmd_tls.o)
                0x0800050c                __aeabi_idiv0
                0x0800050c                __aeabi_ldiv0
 *(.text*)
 .text.HAL_TIM_PeriodElapsedCallback
                0x08000510       0x12 build/main.o
                0x08000510                HAL_TIM_PeriodElapsedCallback
 .text._Error_Handler
                0x08000522        0x2 build/main.o
                0x08000522                _Error_Handler
 .text.SystemClock_Config
                0x08000524      0x100 build/main.o
                0x08000524                SystemClock_Config
 .text.main     0x08000624       0x5c build/main.o
                0x08000624                main
 .text.StartDefaultTask
                0x08000680       0x34 build/freertos.o
                0x08000680                StartDefaultTask
 .text.StartDisplayManager
                0x080006b4       0x58 build/freertos.o
                0x080006b4                StartDisplayManager
 .text.MX_FREERTOS_Init
                0x0800070c       0x48 build/freertos.o
                0x0800070c                MX_FREERTOS_Init
 .text.NMI_Handler
                0x08000754        0x2 build/stm32f7xx_it.o
                0x08000754                NMI_Handler
 .text.HardFault_Handler
                0x08000756        0x2 build/stm32f7xx_it.o
                0x08000756                HardFault_Handler
 .text.MemManage_Handler
                0x08000758        0x2 build/stm32f7xx_it.o
                0x08000758                MemManage_Handler
 .text.BusFault_Handler
                0x0800075a        0x2 build/stm32f7xx_it.o
                0x0800075a                BusFault_Handler
 .text.UsageFault_Handler
                0x0800075c        0x2 build/stm32f7xx_it.o
                0x0800075c                UsageFault_Handler
 .text.DebugMon_Handler
                0x0800075e        0x2 build/stm32f7xx_it.o
                0x0800075e                DebugMon_Handler
 .text.SysTick_Handler
                0x08000760        0x8 build/stm32f7xx_it.o
                0x08000760                SysTick_Handler
 .text.TIM2_IRQHandler
                0x08000768       0x10 build/stm32f7xx_it.o
                0x08000768                TIM2_IRQHandler
 .text.DMA2_Stream3_IRQHandler
                0x08000778       0x10 build/stm32f7xx_it.o
                0x08000778                DMA2_Stream3_IRQHandler
 .text.HAL_MspInit
                0x08000788       0x90 build/stm32f7xx_hal_msp.o
                0x08000788                HAL_MspInit
 .text.HAL_InitTick
                0x08000818       0x78 build/stm32f7xx_hal_timebase_TIM.o
                0x08000818                HAL_InitTick
 .text.ADC_Init
                0x08000890      0x130 build/stm32f7xx_hal_adc.o
 .text.HAL_ADC_Init
                0x080009c0       0x54 build/stm32f7xx_hal_adc.o
                0x080009c0                HAL_ADC_Init
 .text.HAL_ADC_ConfigChannel
                0x08000a14      0x1ac build/stm32f7xx_hal_adc.o
                0x08000a14                HAL_ADC_ConfigChannel
 .text.HAL_NVIC_SetPriorityGrouping
                0x08000bc0       0x24 build/stm32f7xx_hal_cortex.o
                0x08000bc0                HAL_NVIC_SetPriorityGrouping
 .text.HAL_NVIC_SetPriority
                0x08000be4       0x64 build/stm32f7xx_hal_cortex.o
                0x08000be4                HAL_NVIC_SetPriority
 .text.HAL_NVIC_EnableIRQ
                0x08000c48       0x18 build/stm32f7xx_hal_cortex.o
                0x08000c48                HAL_NVIC_EnableIRQ
 .text.HAL_SYSTICK_Config
                0x08000c60       0x2c build/stm32f7xx_hal_cortex.o
                0x08000c60                HAL_SYSTICK_Config
 .text.HAL_SYSTICK_CLKSourceConfig
                0x08000c8c       0x20 build/stm32f7xx_hal_cortex.o
                0x08000c8c                HAL_SYSTICK_CLKSourceConfig
 .text.HAL_DAC_Init
                0x08000cac       0x24 build/stm32f7xx_hal_dac.o
                0x08000cac                HAL_DAC_Init
 .text.HAL_DAC_ConfigChannel
                0x08000cd0       0x4a build/stm32f7xx_hal_dac.o
                0x08000cd0                HAL_DAC_ConfigChannel
 *fill*         0x08000d1a        0x2 
 .text.HAL_I2C_Init
                0x08000d1c       0xbc build/stm32f7xx_hal_i2c.o
                0x08000d1c                HAL_I2C_Init
 .text.HAL_I2CEx_ConfigAnalogFilter
                0x08000dd8       0x5c build/stm32f7xx_hal_i2c_ex.o
                0x08000dd8                HAL_I2CEx_ConfigAnalogFilter
 .text.HAL_I2CEx_ConfigDigitalFilter
                0x08000e34       0x58 build/stm32f7xx_hal_i2c_ex.o
                0x08000e34                HAL_I2CEx_ConfigDigitalFilter
 .text.RTC_EnterInitMode
                0x08000e8c       0x3c build/stm32f7xx_hal_rtc.o
                0x08000e8c                RTC_EnterInitMode
 .text.HAL_RTC_Init
                0x08000ec8       0xa4 build/stm32f7xx_hal_rtc.o
                0x08000ec8                HAL_RTC_Init
 .text.SPI_WaitFlagStateUntilTimeout
                0x08000f6c       0x8a build/stm32f7xx_hal_spi.o
 .text.SPI_WaitFifoStateUntilTimeout
                0x08000ff6       0xa8 build/stm32f7xx_hal_spi.o
 .text.SPI_EndRxTxTransaction
                0x0800109e       0x66 build/stm32f7xx_hal_spi.o
 .text.HAL_SPI_Init
                0x08001104       0xba build/stm32f7xx_hal_spi.o
                0x08001104                HAL_SPI_Init
 .text.HAL_SPI_Transmit
                0x080011be      0x16e build/stm32f7xx_hal_spi.o
                0x080011be                HAL_SPI_Transmit
 .text.HAL_SPI_Transmit_DMA
                0x0800132c      0x118 build/stm32f7xx_hal_spi.o
                0x0800132c                HAL_SPI_Transmit_DMA
 .text.HAL_SPI_TxCpltCallback
                0x08001444        0x2 build/stm32f7xx_hal_spi.o
                0x08001444                HAL_SPI_TxCpltCallback
 .text.HAL_SPI_TxHalfCpltCallback
                0x08001446        0x2 build/stm32f7xx_hal_spi.o
                0x08001446                HAL_SPI_TxHalfCpltCallback
 .text.SPI_DMAHalfTransmitCplt
                0x08001448        0xa build/stm32f7xx_hal_spi.o
 .text.HAL_SPI_ErrorCallback
                0x08001452        0x2 build/stm32f7xx_hal_spi.o
                0x08001452                HAL_SPI_ErrorCallback
 .text.SPI_DMAError
                0x08001454       0x22 build/stm32f7xx_hal_spi.o
 .text.SPI_DMATransmitCplt
                0x08001476       0x70 build/stm32f7xx_hal_spi.o
 .text.HAL_SPI_GetState
                0x080014e6        0x6 build/stm32f7xx_hal_spi.o
                0x080014e6                HAL_SPI_GetState
 .text.TIM_TI1_ConfigInputStage
                0x080014ec       0x26 build/stm32f7xx_hal_tim.o
 .text.TIM_TI2_SetConfig
                0x08001512       0x34 build/stm32f7xx_hal_tim.o
 .text.TIM_TI2_ConfigInputStage
                0x08001546       0x28 build/stm32f7xx_hal_tim.o
 .text.TIM_TI3_SetConfig
                0x0800156e       0x32 build/stm32f7xx_hal_tim.o
 .text.TIM_TI4_SetConfig
                0x080015a0       0x34 build/stm32f7xx_hal_tim.o
 .text.TIM_ITRx_SetConfig
                0x080015d4       0x10 build/stm32f7xx_hal_tim.o
 .text.HAL_TIM_Base_Start_IT
                0x080015e4       0x18 build/stm32f7xx_hal_tim.o
                0x080015e4                HAL_TIM_Base_Start_IT
 .text.HAL_TIM_PWM_MspInit
                0x080015fc        0x2 build/stm32f7xx_hal_tim.o
                0x080015fc                HAL_TIM_PWM_MspInit
 .text.HAL_TIM_IC_MspInit
                0x080015fe        0x2 build/stm32f7xx_hal_tim.o
                0x080015fe                HAL_TIM_IC_MspInit
 .text.HAL_TIM_OC_DelayElapsedCallback
                0x08001600        0x2 build/stm32f7xx_hal_tim.o
                0x08001600                HAL_TIM_OC_DelayElapsedCallback
 .text.HAL_TIM_IC_CaptureCallback
                0x08001602        0x2 build/stm32f7xx_hal_tim.o
                0x08001602                HAL_TIM_IC_CaptureCallback
 .text.HAL_TIM_PWM_PulseFinishedCallback
                0x08001604        0x2 build/stm32f7xx_hal_tim.o
                0x08001604                HAL_TIM_PWM_PulseFinishedCallback
 .text.HAL_TIM_TriggerCallback
                0x08001606        0x2 build/stm32f7xx_hal_tim.o
                0x08001606                HAL_TIM_TriggerCallback
 .text.HAL_TIM_IRQHandler
                0x08001608      0x19a build/stm32f7xx_hal_tim.o
                0x08001608                HAL_TIM_IRQHandler
 *fill*         0x080017a2        0x2 
 .text.TIM_Base_SetConfig
                0x080017a4      0x10c build/stm32f7xx_hal_tim.o
                0x080017a4                TIM_Base_SetConfig
 .text.HAL_TIM_Base_Init
                0x080018b0       0x32 build/stm32f7xx_hal_tim.o
                0x080018b0                HAL_TIM_Base_Init
 .text.HAL_TIM_PWM_Init
                0x080018e2       0x32 build/stm32f7xx_hal_tim.o
                0x080018e2                HAL_TIM_PWM_Init
 .text.HAL_TIM_IC_Init
                0x08001914       0x32 build/stm32f7xx_hal_tim.o
                0x08001914                HAL_TIM_IC_Init
 *fill*         0x08001946        0x2 
 .text.TIM_OC1_SetConfig
                0x08001948       0x60 build/stm32f7xx_hal_tim.o
                0x08001948                TIM_OC1_SetConfig
 .text.TIM_OC2_SetConfig
                0x080019a8       0x68 build/stm32f7xx_hal_tim.o
                0x080019a8                TIM_OC2_SetConfig
 .text.TIM_OC3_SetConfig
                0x08001a10       0x68 build/stm32f7xx_hal_tim.o
                0x08001a10                TIM_OC3_SetConfig
 .text.TIM_OC4_SetConfig
                0x08001a78       0x54 build/stm32f7xx_hal_tim.o
                0x08001a78                TIM_OC4_SetConfig
 .text.TIM_TI1_SetConfig
                0x08001acc       0x90 build/stm32f7xx_hal_tim.o
                0x08001acc                TIM_TI1_SetConfig
 .text.HAL_TIM_IC_ConfigChannel
                0x08001b5c       0xc0 build/stm32f7xx_hal_tim.o
                0x08001b5c                HAL_TIM_IC_ConfigChannel
 .text.TIM_ETR_SetConfig
                0x08001c1c       0x18 build/stm32f7xx_hal_tim.o
                0x08001c1c                TIM_ETR_SetConfig
 .text.HAL_TIM_ConfigClockSource
                0x08001c34      0x114 build/stm32f7xx_hal_tim.o
                0x08001c34                HAL_TIM_ConfigClockSource
 .text.HAL_TIM_SlaveConfigSynchronization
                0x08001d48       0xa0 build/stm32f7xx_hal_tim.o
                0x08001d48                HAL_TIM_SlaveConfigSynchronization
 .text.TIM_OC5_SetConfig
                0x08001de8       0x54 build/stm32f7xx_hal_tim_ex.o
 .text.TIM_OC6_SetConfig
                0x08001e3c       0x54 build/stm32f7xx_hal_tim_ex.o
 .text.HAL_TIMEx_MasterConfigSynchronization
                0x08001e90       0x58 build/stm32f7xx_hal_tim_ex.o
                0x08001e90                HAL_TIMEx_MasterConfigSynchronization
 .text.HAL_TIMEx_CommutationCallback
                0x08001ee8        0x2 build/stm32f7xx_hal_tim_ex.o
                0x08001ee8                HAL_TIMEx_CommutationCallback
 .text.HAL_TIMEx_BreakCallback
                0x08001eea        0x2 build/stm32f7xx_hal_tim_ex.o
                0x08001eea                HAL_TIMEx_BreakCallback
 .text.HAL_TIM_PWM_ConfigChannel
                0x08001eec      0x134 build/stm32f7xx_hal_tim_ex.o
                0x08001eec                HAL_TIM_PWM_ConfigChannel
 .text.UART_WaitOnFlagUntilTimeout
                0x08002020       0x62 build/stm32f7xx_hal_uart.o
                0x08002020                UART_WaitOnFlagUntilTimeout
 *fill*         0x08002082        0x2 
 .text.UART_SetConfig
                0x08002084      0x35c build/stm32f7xx_hal_uart.o
                0x08002084                UART_SetConfig
 .text.UART_AdvFeatureConfig
                0x080023e0       0xca build/stm32f7xx_hal_uart.o
                0x080023e0                UART_AdvFeatureConfig
 .text.UART_CheckIdleState
                0x080024aa       0x48 build/stm32f7xx_hal_uart.o
                0x080024aa                UART_CheckIdleState
 .text.HAL_UART_Init
                0x080024f2       0x66 build/stm32f7xx_hal_uart.o
                0x080024f2                HAL_UART_Init
 .text.HAL_RCC_OscConfig
                0x08002558      0x3d4 build/stm32f7xx_hal_rcc.o
                0x08002558                HAL_RCC_OscConfig
 .text.HAL_RCC_GetSysClockFreq
                0x0800292c       0xa8 build/stm32f7xx_hal_rcc.o
                0x0800292c                HAL_RCC_GetSysClockFreq
 .text.HAL_RCC_ClockConfig
                0x080029d4      0x164 build/stm32f7xx_hal_rcc.o
                0x080029d4                HAL_RCC_ClockConfig
 .text.HAL_RCC_GetHCLKFreq
                0x08002b38        0xc build/stm32f7xx_hal_rcc.o
                0x08002b38                HAL_RCC_GetHCLKFreq
 .text.HAL_RCC_GetPCLK1Freq
                0x08002b44       0x20 build/stm32f7xx_hal_rcc.o
                0x08002b44                HAL_RCC_GetPCLK1Freq
 .text.HAL_RCC_GetPCLK2Freq
                0x08002b64       0x20 build/stm32f7xx_hal_rcc.o
                0x08002b64                HAL_RCC_GetPCLK2Freq
 .text.HAL_RCC_GetClockConfig
                0x08002b84       0x3c build/stm32f7xx_hal_rcc.o
                0x08002b84                HAL_RCC_GetClockConfig
 .text.HAL_RCCEx_PeriphCLKConfig
                0x08002bc0      0x5ac build/stm32f7xx_hal_rcc_ex.o
                0x08002bc0                HAL_RCCEx_PeriphCLKConfig
 .text.HAL_GPIO_Init
                0x0800316c      0x1e0 build/stm32f7xx_hal_gpio.o
                0x0800316c                HAL_GPIO_Init
 .text.HAL_GPIO_WritePin
                0x0800334c        0xc build/stm32f7xx_hal_gpio.o
                0x0800334c                HAL_GPIO_WritePin
 .text.DMA_SetConfig
                0x08003358       0x2c build/stm32f7xx_hal_dma.o
 .text.DMA_CalcBaseAndBitshift
                0x08003384       0x38 build/stm32f7xx_hal_dma.o
 .text.DMA_CheckFifoParam
                0x080033bc       0x8e build/stm32f7xx_hal_dma.o
 *fill*         0x0800344a        0x2 
 .text.HAL_DMA_Init
                0x0800344c       0xcc build/stm32f7xx_hal_dma.o
                0x0800344c                HAL_DMA_Init
 .text.HAL_DMA_Start_IT
                0x08003518       0x74 build/stm32f7xx_hal_dma.o
                0x08003518                HAL_DMA_Start_IT
 .text.HAL_DMA_IRQHandler
                0x0800358c      0x1dc build/stm32f7xx_hal_dma.o
                0x0800358c                HAL_DMA_IRQHandler
 .text.HAL_PWREx_EnableOverDrive
                0x08003768       0x7c build/stm32f7xx_hal_pwr_ex.o
                0x08003768                HAL_PWREx_EnableOverDrive
 .text.HAL_Init
                0x080037e4       0x16 build/stm32f7xx_hal.o
                0x080037e4                HAL_Init
 *fill*         0x080037fa        0x2 
 .text.HAL_IncTick
                0x080037fc       0x18 build/stm32f7xx_hal.o
                0x080037fc                HAL_IncTick
 .text.HAL_GetTick
                0x08003814        0xc build/stm32f7xx_hal.o
                0x08003814                HAL_GetTick
 .text.HAL_Delay
                0x08003820       0x28 build/stm32f7xx_hal.o
                0x08003820                HAL_Delay
 .text.SystemInit
                0x08003848       0x50 build/system_stm32f7xx.o
                0x08003848                SystemInit
 .text.prvHeapInit
                0x08003898       0x64 build/heap_4.o
 .text.prvInsertBlockIntoFreeList
                0x080038fc       0x58 build/heap_4.o
 .text.pvPortMalloc
                0x08003954      0x114 build/heap_4.o
                0x08003954                pvPortMalloc
 .text.vPortFree
                0x08003a68       0x78 build/heap_4.o
                0x08003a68                vPortFree
 .text.prvTaskExitError
                0x08003ae0       0x3c build/port.o
 .text.prvPortStartFirstTask
                0x08003b1c       0x20 build/port.o
 .text.vPortEnableVFP
                0x08003b3c       0x14 build/port.o
 .text.pxPortInitialiseStack
                0x08003b50       0x2c build/port.o
                0x08003b50                pxPortInitialiseStack
 *fill*         0x08003b7c        0x4 
 .text.SVC_Handler
                0x08003b80       0x24 build/port.o
                0x08003b80                SVC_Handler
 .text.vPortEnterCritical
                0x08003ba4       0x4c build/port.o
                0x08003ba4                vPortEnterCritical
 .text.vPortExitCritical
                0x08003bf0       0x30 build/port.o
                0x08003bf0                vPortExitCritical
 .text.PendSV_Handler
                0x08003c20       0x64 build/port.o
                0x08003c20                PendSV_Handler
 .text.xPortSysTickHandler
                0x08003c84       0x30 build/port.o
                0x08003c84                xPortSysTickHandler
 .text.vPortSetupTimerInterrupt
                0x08003cb4       0x2c build/port.o
                0x08003cb4                vPortSetupTimerInterrupt
 .text.xPortStartScheduler
                0x08003ce0       0xa8 build/port.o
                0x08003ce0                xPortStartScheduler
 .text.vListInitialise
                0x08003d88       0x16 build/list.o
                0x08003d88                vListInitialise
 .text.vListInitialiseItem
                0x08003d9e        0x6 build/list.o
                0x08003d9e                vListInitialiseItem
 .text.vListInsertEnd
                0x08003da4       0x18 build/list.o
                0x08003da4                vListInsertEnd
 .text.vListInsert
                0x08003dbc       0x34 build/list.o
                0x08003dbc                vListInsert
 .text.uxListRemove
                0x08003df0       0x26 build/list.o
                0x08003df0                uxListRemove
 *fill*         0x08003e16        0x2 
 .text.prvResetNextTaskUnblockTime
                0x08003e18       0x2c build/tasks.o
 .text.prvDeleteTCB
                0x08003e44       0x12 build/tasks.o
 .text.prvInitialiseNewTask
                0x08003e56       0x80 build/tasks.o
 *fill*         0x08003ed6        0x2 
 .text.prvInitialiseTaskLists
                0x08003ed8       0x68 build/tasks.o
 .text.prvAddNewTaskToReadyList
                0x08003f40       0x8c build/tasks.o
 .text.prvAddCurrentTaskToDelayedList
                0x08003fcc       0xa0 build/tasks.o
 .text.xTaskCreate
                0x0800406c       0x62 build/tasks.o
                0x0800406c                xTaskCreate
 *fill*         0x080040ce        0x2 
 .text.vTaskStartScheduler
                0x080040d0       0x84 build/tasks.o
                0x080040d0                vTaskStartScheduler
 .text.vTaskSuspendAll
                0x08004154       0x10 build/tasks.o
                0x08004154                vTaskSuspendAll
 .text.xTaskIncrementTick
                0x08004164       0xe4 build/tasks.o
                0x08004164                xTaskIncrementTick
 .text.xTaskResumeAll
                0x08004248       0xd4 build/tasks.o
                0x08004248                xTaskResumeAll
 .text.vTaskDelay
                0x0800431c       0x50 build/tasks.o
                0x0800431c                vTaskDelay
 .text.prvCheckTasksWaitingTermination
                0x0800436c       0x5c build/tasks.o
 .text.prvIdleTask
                0x080043c8       0x1c build/tasks.o
 .text.vTaskSwitchContext
                0x080043e4       0x9c build/tasks.o
                0x080043e4                vTaskSwitchContext
 .text.xTaskGetSchedulerState
                0x08004480       0x20 build/tasks.o
                0x08004480                xTaskGetSchedulerState
 .text.makeFreeRtosPriority
                0x080044a0        0xc build/cmsis_os.o
 .text.osKernelStart
                0x080044ac        0xa build/cmsis_os.o
                0x080044ac                osKernelStart
 .text.osThreadCreate
                0x080044b6       0x34 build/cmsis_os.o
                0x080044b6                osThreadCreate
 .text.osDelay  0x080044ea       0x12 build/cmsis_os.o
                0x080044ea                osDelay
 .text.osSystickHandler
                0x080044fc       0x10 build/cmsis_os.o
                0x080044fc                osSystickHandler
 .text.MX_GPIO_Init
                0x0800450c      0x1bc build/gpio.o
                0x0800450c                MX_GPIO_Init
 .text.MX_ADC1_Init
                0x080046c8       0x70 build/adc.o
                0x080046c8                MX_ADC1_Init
 .text.MX_ADC2_Init
                0x08004738       0x70 build/adc.o
                0x08004738                MX_ADC2_Init
 .text.MX_ADC3_Init
                0x080047a8       0x70 build/adc.o
                0x080047a8                MX_ADC3_Init
 .text.HAL_ADC_MspInit
                0x08004818       0xe4 build/adc.o
                0x08004818                HAL_ADC_MspInit
 .text.MX_DAC_Init
                0x080048fc       0x5c build/dac.o
                0x080048fc                MX_DAC_Init
 .text.HAL_DAC_MspInit
                0x08004958       0x48 build/dac.o
                0x08004958                HAL_DAC_MspInit
 .text.MX_I2C2_Init
                0x080049a0       0x68 build/i2c.o
                0x080049a0                MX_I2C2_Init
 .text.HAL_I2C_MspInit
                0x08004a08       0x54 build/i2c.o
                0x08004a08                HAL_I2C_MspInit
 .text.MX_RTC_Init
                0x08004a5c       0x38 build/rtc.o
                0x08004a5c                MX_RTC_Init
 .text.HAL_RTC_MspInit
                0x08004a94       0x20 build/rtc.o
                0x08004a94                HAL_RTC_MspInit
 .text.MX_SPI1_Init
                0x08004ab4       0x54 build/spi.o
                0x08004ab4                MX_SPI1_Init
 .text.MX_SPI2_Init
                0x08004b08       0x54 build/spi.o
                0x08004b08                MX_SPI2_Init
 .text.HAL_SPI_MspInit
                0x08004b5c       0xd8 build/spi.o
                0x08004b5c                HAL_SPI_MspInit
 .text.MX_TIM1_Init
                0x08004c34       0xac build/tim.o
                0x08004c34                MX_TIM1_Init
 .text.HAL_TIM_Base_MspInit
                0x08004ce0       0x70 build/tim.o
                0x08004ce0                HAL_TIM_Base_MspInit
 .text.HAL_TIM_MspPostInit
                0x08004d50       0x38 build/tim.o
                0x08004d50                HAL_TIM_MspPostInit
 .text.MX_TIM4_Init
                0x08004d88       0xa8 build/tim.o
                0x08004d88                MX_TIM4_Init
 .text.MX_USART6_UART_Init
                0x08004e30       0x40 build/usart.o
                0x08004e30                MX_USART6_UART_Init
 .text.HAL_UART_MspInit
                0x08004e70       0x50 build/usart.o
                0x08004e70                HAL_UART_MspInit
 .text.MX_USB_OTG_FS_USB_Init
                0x08004ec0        0x2 build/usb_otg.o
                0x08004ec0                MX_USB_OTG_FS_USB_Init
 *fill*         0x08004ec2        0x2 
 .text.MX_DMA_Init
                0x08004ec4       0x34 build/dma.o
                0x08004ec4                MX_DMA_Init
 .text.Adafruit_ILI9340_writecommand
                0x08004ef8       0x5c build/Adafruit_ILI9340.o
                0x08004ef8                Adafruit_ILI9340_writecommand
 .text.Adafruit_ILI9340_writedata
                0x08004f54       0x5c build/Adafruit_ILI9340.o
                0x08004f54                Adafruit_ILI9340_writedata
 .text.Adafruit_ILI9340_begin
                0x08004fb0      0x258 build/Adafruit_ILI9340.o
                0x08004fb0                Adafruit_ILI9340_begin
 .text.Adafruit_ILI9340_setAddrWindow
                0x08005208       0x4e build/Adafruit_ILI9340.o
                0x08005208                Adafruit_ILI9340_setAddrWindow
 *fill*         0x08005256        0x2 
 .text.Adafruit_ILI9340_fillRect
                0x08005258      0x114 build/Adafruit_ILI9340.o
                0x08005258                Adafruit_ILI9340_fillRect
 .text.Adafruit_ILI9340_fillScreen
                0x0800536c       0x28 build/Adafruit_ILI9340.o
                0x0800536c                Adafruit_ILI9340_fillScreen
 .text.Adafruit_ILI9340_setRotation
                0x08005394       0x7c build/Adafruit_ILI9340.o
                0x08005394                Adafruit_ILI9340_setRotation
 .text.Reset_Handler
                0x08005410       0x50 build/startup_stm32f756xx.o
                0x08005410                Reset_Handler
 .text.Default_Handler
                0x08005460        0x2 build/startup_stm32f756xx.o
                0x08005460                RTC_Alarm_IRQHandler
                0x08005460                HASH_RNG_IRQHandler
                0x08005460                EXTI2_IRQHandler
                0x08005460                TIM8_CC_IRQHandler
                0x08005460                UART8_IRQHandler
                0x08005460                SPI4_IRQHandler
                0x08005460                TIM1_CC_IRQHandler
                0x08005460                DMA2_Stream5_IRQHandler
                0x08005460                DMA1_Stream5_IRQHandler
                0x08005460                PVD_IRQHandler
                0x08005460                TAMP_STAMP_IRQHandler
                0x08005460                CAN2_RX1_IRQHandler
                0x08005460                EXTI3_IRQHandler
                0x08005460                TIM8_TRG_COM_TIM14_IRQHandler
                0x08005460                TIM1_UP_TIM10_IRQHandler
                0x08005460                TIM8_UP_TIM13_IRQHandler
                0x08005460                I2C3_ER_IRQHandler
                0x08005460                EXTI0_IRQHandler
                0x08005460                I2C2_EV_IRQHandler
                0x08005460                DMA1_Stream2_IRQHandler
                0x08005460                CAN1_RX0_IRQHandler
                0x08005460                FPU_IRQHandler
                0x08005460                OTG_HS_WKUP_IRQHandler
                0x08005460                LTDC_ER_IRQHandler
                0x08005460                CAN2_SCE_IRQHandler
                0x08005460                DMA2_Stream2_IRQHandler
                0x08005460                SPI1_IRQHandler
                0x08005460                TIM6_DAC_IRQHandler
                0x08005460                TIM1_BRK_TIM9_IRQHandler
                0x08005460                DCMI_IRQHandler
                0x08005460                CAN2_RX0_IRQHandler
                0x08005460                SAI2_IRQHandler
                0x08005460                USART6_IRQHandler
                0x08005460                USART3_IRQHandler
                0x08005460                CRYP_IRQHandler
                0x08005460                CAN1_RX1_IRQHandler
                0x08005460                UART5_IRQHandler
                0x08005460                DMA2_Stream0_IRQHandler
                0x08005460                TIM4_IRQHandler
                0x08005460                QUADSPI_IRQHandler
                0x08005460                I2C1_EV_IRQHandler
                0x08005460                DMA1_Stream6_IRQHandler
                0x08005460                DMA1_Stream1_IRQHandler
                0x08005460                UART4_IRQHandler
                0x08005460                TIM3_IRQHandler
                0x08005460                RCC_IRQHandler
                0x08005460                TIM8_BRK_TIM12_IRQHandler
                0x08005460                Default_Handler
                0x08005460                CEC_IRQHandler
                0x08005460                EXTI15_10_IRQHandler
                0x08005460                ADC_IRQHandler
                0x08005460                DMA1_Stream7_IRQHandler
                0x08005460                SPI5_IRQHandler
                0x08005460                TIM7_IRQHandler
                0x08005460                SDMMC1_IRQHandler
                0x08005460                CAN2_TX_IRQHandler
                0x08005460                TIM5_IRQHandler
                0x08005460                DMA2_Stream7_IRQHandler
                0x08005460                I2C3_EV_IRQHandler
                0x08005460                EXTI9_5_IRQHandler
                0x08005460                RTC_WKUP_IRQHandler
                0x08005460                LTDC_IRQHandler
                0x08005460                ETH_WKUP_IRQHandler
                0x08005460                SPDIF_RX_IRQHandler
                0x08005460                SPI2_IRQHandler
                0x08005460                OTG_HS_EP1_IN_IRQHandler
                0x08005460                DMA1_Stream0_IRQHandler
                0x08005460                CAN1_TX_IRQHandler
                0x08005460                EXTI4_IRQHandler
                0x08005460                ETH_IRQHandler
                0x08005460                OTG_HS_EP1_OUT_IRQHandler
                0x08005460                WWDG_IRQHandler
                0x08005460                SPI6_IRQHandler
                0x08005460                I2C4_EV_IRQHandler
                0x08005460                OTG_FS_WKUP_IRQHandler
                0x08005460                TIM1_TRG_COM_TIM11_IRQHandler
                0x08005460                OTG_HS_IRQHandler
                0x08005460                DMA2D_IRQHandler
                0x08005460                EXTI1_IRQHandler
                0x08005460                UART7_IRQHandler
                0x08005460                USART2_IRQHandler
                0x08005460                I2C2_ER_IRQHandler
                0x08005460                DMA2_Stream1_IRQHandler
                0x08005460                CAN1_SCE_IRQHandler
                0x08005460                FLASH_IRQHandler
                0x08005460                DMA2_Stream4_IRQHandler
                0x08005460                USART1_IRQHandler
                0x08005460                OTG_FS_IRQHandler
                0x08005460                SPI3_IRQHandler
                0x08005460                DMA1_Stream4_IRQHandler
                0x08005460                I2C1_ER_IRQHandler
                0x08005460                FMC_IRQHandler
                0x08005460                LPTIM1_IRQHandler
                0x08005460                I2C4_ER_IRQHandler
                0x08005460                DMA2_Stream6_IRQHandler
                0x08005460                SAI1_IRQHandler
                0x08005460                DMA1_Stream3_IRQHandler
 *fill*         0x08005462        0x2 
 .text.__libc_init_array
                0x08005464       0x48 c:/program files (x86)/gnu tools arm embedded/7 2018-q2-update/bin/../lib/gcc/arm-none-eabi/7.3.1/../../../../arm-none-eabi/lib/thumb/v7e-m/fpv4-sp/hard\libc_nano.a(lib_a-init.o)
                0x08005464                __libc_init_array
 *(.glue_7)
 .glue_7        0x080054ac        0x0 linker stubs
 *(.glue_7t)
 .glue_7t       0x080054ac        0x0 linker stubs
 *(.eh_frame)
 .eh_frame      0x080054ac        0x0 c:/program files (x86)/gnu tools arm embedded/7 2018-q2-update/bin/../lib/gcc/arm-none-eabi/7.3.1/thumb/v7e-m/fpv4-sp/hard/crtbegin.o
 *(.init)
 .init          0x080054ac        0x4 c:/program files (x86)/gnu tools arm embedded/7 2018-q2-update/bin/../lib/gcc/arm-none-eabi/7.3.1/thumb/v7e-m/fpv4-sp/hard/crti.o
                0x080054ac                _init
 .init          0x080054b0        0x8 c:/program files (x86)/gnu tools arm embedded/7 2018-q2-update/bin/../lib/gcc/arm-none-eabi/7.3.1/thumb/v7e-m/fpv4-sp/hard/crtn.o
 *(.fini)
 .fini          0x080054b8        0x4 c:/program files (x86)/gnu tools arm embedded/7 2018-q2-update/bin/../lib/gcc/arm-none-eabi/7.3.1/thumb/v7e-m/fpv4-sp/hard/crti.o
                0x080054b8                _fini
 .fini          0x080054bc        0x8 c:/program files (x86)/gnu tools arm embedded/7 2018-q2-update/bin/../lib/gcc/arm-none-eabi/7.3.1/thumb/v7e-m/fpv4-sp/hard/crtn.o
                0x080054c4                . = ALIGN (0x4)
                0x080054c4                _etext = .

.vfp11_veneer   0x080054c4        0x0
 .vfp11_veneer  0x080054c4        0x0 linker stubs

.v4_bx          0x080054c4        0x0
 .v4_bx         0x080054c4        0x0 linker stubs

.iplt           0x080054c4        0x0
 .iplt          0x080054c4        0x0 c:/program files (x86)/gnu tools arm embedded/7 2018-q2-update/bin/../lib/gcc/arm-none-eabi/7.3.1/thumb/v7e-m/fpv4-sp/hard/crtbegin.o

.rodata         0x080054c4       0xec
                0x080054c4                . = ALIGN (0x4)
 *(.rodata)
 .rodata        0x080054c4       0x28 build/freertos.o
 *(.rodata*)
 .rodata.SystemClock_Config.str1.4
                0x080054ec        0xb build/main.o
 *fill*         0x080054f7        0x1 
 .rodata.str1.4
                0x080054f8       0x1c build/freertos.o
 .rodata.flagBitshiftOffset.10567
                0x08005514        0x8 build/stm32f7xx_hal_dma.o
 .rodata.AHBPrescTable
                0x0800551c       0x10 build/system_stm32f7xx.o
                0x0800551c                AHBPrescTable
 .rodata.APBPrescTable
                0x0800552c        0x8 build/system_stm32f7xx.o
                0x0800552c                APBPrescTable
 .rodata.vTaskStartScheduler.str1.4
                0x08005534        0x5 build/tasks.o
 *fill*         0x08005539        0x3 
 .rodata.LCD_DC
                0x0800553c        0x8 build/gpio.o
                0x0800553c                LCD_DC
 .rodata.LCD_NSS
                0x08005544        0x8 build/gpio.o
                0x08005544                LCD_NSS
 .rodata.LCD_RESET
                0x0800554c        0x8 build/gpio.o
                0x0800554c                LCD_RESET
 .rodata.LCD_SCK
                0x08005554        0x8 build/gpio.o
                0x08005554                LCD_SCK
 .rodata.MX_ADC1_Init.str1.4
                0x0800555c        0xa build/adc.o
 *fill*         0x08005566        0x2 
 .rodata.MX_DAC_Init.str1.4
                0x08005568        0xa build/dac.o
 *fill*         0x08005572        0x2 
 .rodata.MX_I2C2_Init.str1.4
                0x08005574        0xa build/i2c.o
 *fill*         0x0800557e        0x2 
 .rodata.MX_RTC_Init.str1.4
                0x08005580        0xa build/rtc.o
 *fill*         0x0800558a        0x2 
 .rodata.MX_SPI1_Init.str1.4
                0x0800558c        0xa build/spi.o
 *fill*         0x08005596        0x2 
 .rodata.MX_TIM1_Init.str1.4
                0x08005598        0xa build/tim.o
 *fill*         0x080055a2        0x2 
 .rodata.MX_USART6_UART_Init.str1.4
                0x080055a4        0xc build/usart.o
                0x080055b0                . = ALIGN (0x4)

.ARM.extab
 *(.ARM.extab* .gnu.linkonce.armextab.*)

.ARM            0x080055b0        0x8
                0x080055b0                __exidx_start = .
 *(.ARM.exidx*)
 .ARM.exidx     0x080055b0        0x8 c:/program files (x86)/gnu tools arm embedded/7 2018-q2-update/bin/../lib/gcc/arm-none-eabi/7.3.1/thumb/v7e-m/fpv4-sp/hard\libgcc.a(_udivmoddi4.o)
                0x080055b8                __exidx_end = .

.rel.dyn        0x080055b8        0x0
 .rel.iplt      0x080055b8        0x0 c:/program files (x86)/gnu tools arm embedded/7 2018-q2-update/bin/../lib/gcc/arm-none-eabi/7.3.1/thumb/v7e-m/fpv4-sp/hard/crtbegin.o

.preinit_array  0x080055b8        0x0
                0x080055b8                PROVIDE (__preinit_array_start = .)
 *(.preinit_array*)
                0x080055b8                PROVIDE (__preinit_array_end = .)

.init_array     0x080055b8        0x4
                0x080055b8                PROVIDE (__init_array_start = .)
 *(SORT_BY_NAME(.init_array.*))
 *(.init_array*)
 .init_array    0x080055b8        0x4 c:/program files (x86)/gnu tools arm embedded/7 2018-q2-update/bin/../lib/gcc/arm-none-eabi/7.3.1/thumb/v7e-m/fpv4-sp/hard/crtbegin.o
                0x080055bc                PROVIDE (__init_array_end = .)

.fini_array     0x080055bc        0x4
                [!provide]                PROVIDE (__fini_array_start = .)
 *(SORT_BY_NAME(.fini_array.*))
 *(.fini_array*)
 .fini_array    0x080055bc        0x4 c:/program files (x86)/gnu tools arm embedded/7 2018-q2-update/bin/../lib/gcc/arm-none-eabi/7.3.1/thumb/v7e-m/fpv4-sp/hard/crtbegin.o
                [!provide]                PROVIDE (__fini_array_end = .)
                0x080055c0                _sidata = LOADADDR (.data)

.data           0x20000000       0x14 load address 0x080055c0
                0x20000000                . = ALIGN (0x4)
                0x20000000                _sdata = .
 *(.data)
 *(.data*)
 .data.uwTickFreq
                0x20000000        0x1 build/stm32f7xx_hal.o
                0x20000000                uwTickFreq
 *fill*         0x20000001        0x3 
 .data.SystemCoreClock
                0x20000004        0x4 build/system_stm32f7xx.o
                0x20000004                SystemCoreClock
 .data.uxCriticalNesting
                0x20000008        0x4 build/port.o
 .data._height  0x2000000c        0x4 build/Adafruit_ILI9340.o
                0x2000000c                _height
 .data._width   0x20000010        0x4 build/Adafruit_ILI9340.o
                0x20000010                _width
                0x20000014                . = ALIGN (0x4)
                0x20000014                _edata = .

.igot.plt       0x20000014        0x0 load address 0x080055d4
 .igot.plt      0x20000014        0x0 c:/program files (x86)/gnu tools arm embedded/7 2018-q2-update/bin/../lib/gcc/arm-none-eabi/7.3.1/thumb/v7e-m/fpv4-sp/hard/crtbegin.o
                0x20000014                . = ALIGN (0x4)

.bss            0x20000014     0x4150 load address 0x080055d4
                0x20000014                _sbss = .
                0x20000014                __bss_start__ = _sbss
 *(.bss)
 .bss           0x20000014       0x1c c:/program files (x86)/gnu tools arm embedded/7 2018-q2-update/bin/../lib/gcc/arm-none-eabi/7.3.1/thumb/v7e-m/fpv4-sp/hard/crtbegin.o
 *(.bss*)
 .bss.pxEnd     0x20000030        0x4 build/heap_4.o
 .bss.ucHeap    0x20000034     0x3c00 build/heap_4.o
 .bss.xBlockAllocatedBit
                0x20003c34        0x4 build/heap_4.o
 .bss.xFreeBytesRemaining
                0x20003c38        0x4 build/heap_4.o
 .bss.xMinimumEverFreeBytesRemaining
                0x20003c3c        0x4 build/heap_4.o
 .bss.xStart    0x20003c40        0x8 build/heap_4.o
 .bss.ucMaxSysCallPriority
                0x20003c48        0x1 build/port.o
 *fill*         0x20003c49        0x3 
 .bss.ulMaxPRIGROUPValue
                0x20003c4c        0x4 build/port.o
 .bss.pxCurrentTCB
                0x20003c50        0x4 build/tasks.o
                0x20003c50                pxCurrentTCB
 .bss.pxDelayedTaskList
                0x20003c54        0x4 build/tasks.o
 .bss.pxOverflowDelayedTaskList
                0x20003c58        0x4 build/tasks.o
 .bss.pxReadyTasksLists
                0x20003c5c       0x8c build/tasks.o
 .bss.uxCurrentNumberOfTasks
                0x20003ce8        0x4 build/tasks.o
 .bss.uxDeletedTasksWaitingCleanUp
                0x20003cec        0x4 build/tasks.o
 .bss.uxPendedTicks
                0x20003cf0        0x4 build/tasks.o
 .bss.uxSchedulerSuspended
                0x20003cf4        0x4 build/tasks.o
 .bss.uxTaskNumber
                0x20003cf8        0x4 build/tasks.o
 .bss.uxTopReadyPriority
                0x20003cfc        0x4 build/tasks.o
 .bss.xDelayedTaskList1
                0x20003d00       0x14 build/tasks.o
 .bss.xDelayedTaskList2
                0x20003d14       0x14 build/tasks.o
 .bss.xIdleTaskHandle
                0x20003d28        0x4 build/tasks.o
 .bss.xNextTaskUnblockTime
                0x20003d2c        0x4 build/tasks.o
 .bss.xNumOfOverflows
                0x20003d30        0x4 build/tasks.o
 .bss.xPendingReadyList
                0x20003d34       0x14 build/tasks.o
 .bss.xSchedulerRunning
                0x20003d48        0x4 build/tasks.o
 .bss.xSuspendedTaskList
                0x20003d4c       0x14 build/tasks.o
 .bss.xTasksWaitingTermination
                0x20003d60       0x14 build/tasks.o
 .bss.xTickCount
                0x20003d74        0x4 build/tasks.o
 .bss.xYieldPending
                0x20003d78        0x4 build/tasks.o
 *(COMMON)
 COMMON         0x20003d7c       0x22 build/freertos.o
                0x20003d7c                defaultTaskHandle
                0x20003d80                cursor_y
                0x20003d84                displayManagerHandle
                0x20003d88                WIDTH
                0x20003d8c                displayQueue
                0x20003d90                rotation
                0x20003d92                HEIGHT
                0x20003d94                hwSPI
                0x20003d96                cursor_x
                0x20003d98                wrap
                0x20003d99                textsize
                0x20003d9a                textbgcolor
                0x20003d9c                textcolor
 *fill*         0x20003d9e        0x2 
 COMMON         0x20003da0       0x40 build/stm32f7xx_hal_timebase_TIM.o
                0x20003da0                htim2
 COMMON         0x20003de0        0x4 build/stm32f7xx_hal.o
                0x20003de0                uwTick
 COMMON         0x20003de4       0xd8 build/adc.o
                0x20003de4                hadc2
                0x20003e2c                hadc1
                0x20003e74                hadc3
 COMMON         0x20003ebc       0x14 build/dac.o
                0x20003ebc                hdac
 COMMON         0x20003ed0       0x4c build/i2c.o
                0x20003ed0                hi2c2
 COMMON         0x20003f1c       0x20 build/rtc.o
                0x20003f1c                hrtc
 COMMON         0x20003f3c      0x128 build/spi.o
                0x20003f3c                hspi2
                0x20003fa0                hspi1
                0x20004004                hdma_spi1_tx
 COMMON         0x20004064       0x80 build/tim.o
                0x20004064                htim4
                0x200040a4                htim1
 COMMON         0x200040e4       0x70 build/usart.o
                0x200040e4                huart6
 COMMON         0x20004154        0xe build/Adafruit_ILI9340.o
                0x20004154                txBuf
                0x20004158                rxBuf
                0x20004164                . = ALIGN (0x4)
 *fill*         0x20004162        0x2 
                0x20004164                _ebss = .
                0x20004164                __bss_end__ = _ebss

._user_heap_stack
                0x20004164      0x604 load address 0x080055d4
                0x20004168                . = ALIGN (0x8)
 *fill*         0x20004164        0x4 
                [!provide]                PROVIDE (end = .)
                [!provide]                PROVIDE (_end = .)
                0x20004368                . = (. + _Min_Heap_Size)
 *fill*         0x20004168      0x200 
                0x20004768                . = (. + _Min_Stack_Size)
 *fill*         0x20004368      0x400 
                0x20004768                . = ALIGN (0x8)

/DISCARD/
 libc.a(*)
 libm.a(*)
 libgcc.a(*)

.ARM.attributes
                0x00000000       0x30
 *(.ARM.attributes)
 .ARM.attributes
                0x00000000       0x22 c:/program files (x86)/gnu tools arm embedded/7 2018-q2-update/bin/../lib/gcc/arm-none-eabi/7.3.1/thumb/v7e-m/fpv4-sp/hard/crti.o
 .ARM.attributes
                0x00000022       0x34 c:/program files (x86)/gnu tools arm embedded/7 2018-q2-update/bin/../lib/gcc/arm-none-eabi/7.3.1/thumb/v7e-m/fpv4-sp/hard/crtbegin.o
 .ARM.attributes
                0x00000056       0x39 build/main.o
 .ARM.attributes
                0x0000008f       0x39 build/freertos.o
 .ARM.attributes
                0x000000c8       0x39 build/stm32f7xx_it.o
 .ARM.attributes
                0x00000101       0x39 build/stm32f7xx_hal_msp.o
 .ARM.attributes
                0x0000013a       0x39 build/stm32f7xx_hal_timebase_TIM.o
 .ARM.attributes
                0x00000173       0x39 build/stm32f7xx_hal_adc.o
 .ARM.attributes
                0x000001ac       0x39 build/stm32f7xx_hal_cortex.o
 .ARM.attributes
                0x000001e5       0x39 build/stm32f7xx_hal_dac.o
 .ARM.attributes
                0x0000021e       0x39 build/stm32f7xx_hal_i2c.o
 .ARM.attributes
                0x00000257       0x39 build/stm32f7xx_hal_i2c_ex.o
 .ARM.attributes
                0x00000290       0x39 build/stm32f7xx_hal_rtc.o
 .ARM.attributes
                0x000002c9       0x39 build/stm32f7xx_hal_spi.o
 .ARM.attributes
                0x00000302       0x39 build/stm32f7xx_hal_tim.o
 .ARM.attributes
                0x0000033b       0x39 build/stm32f7xx_hal_tim_ex.o
 .ARM.attributes
                0x00000374       0x39 build/stm32f7xx_hal_uart.o
 .ARM.attributes
                0x000003ad       0x39 build/stm32f7xx_hal_rcc.o
 .ARM.attributes
                0x000003e6       0x39 build/stm32f7xx_hal_rcc_ex.o
 .ARM.attributes
                0x0000041f       0x39 build/stm32f7xx_hal_gpio.o
 .ARM.attributes
                0x00000458       0x39 build/stm32f7xx_hal_dma.o
 .ARM.attributes
                0x00000491       0x39 build/stm32f7xx_hal_pwr_ex.o
 .ARM.attributes
                0x000004ca       0x39 build/stm32f7xx_hal.o
 .ARM.attributes
                0x00000503       0x39 build/system_stm32f7xx.o
 .ARM.attributes
                0x0000053c       0x39 build/heap_4.o
 .ARM.attributes
                0x00000575       0x39 build/port.o
 .ARM.attributes
                0x000005ae       0x39 build/list.o
 .ARM.attributes
                0x000005e7       0x39 build/tasks.o
 .ARM.attributes
                0x00000620       0x39 build/cmsis_os.o
 .ARM.attributes
                0x00000659       0x39 build/gpio.o
 .ARM.attributes
                0x00000692       0x39 build/adc.o
 .ARM.attributes
                0x000006cb       0x39 build/dac.o
 .ARM.attributes
                0x00000704       0x39 build/i2c.o
 .ARM.attributes
                0x0000073d       0x39 build/rtc.o
 .ARM.attributes
                0x00000776       0x39 build/spi.o
 .ARM.attributes
                0x000007af       0x39 build/tim.o
 .ARM.attributes
                0x000007e8       0x39 build/usart.o
 .ARM.attributes
                0x00000821       0x39 build/usb_otg.o
 .ARM.attributes
                0x0000085a       0x39 build/dma.o
 .ARM.attributes
                0x00000893       0x39 build/Adafruit_ILI9340.o
 .ARM.attributes
                0x000008cc       0x21 build/startup_stm32f756xx.o
 .ARM.attributes
                0x000008ed       0x34 c:/program files (x86)/gnu tools arm embedded/7 2018-q2-update/bin/../lib/gcc/arm-none-eabi/7.3.1/../../../../arm-none-eabi/lib/thumb/v7e-m/fpv4-sp/hard\libc_nano.a(lib_a-init.o)
 .ARM.attributes
                0x00000921       0x22 c:/program files (x86)/gnu tools arm embedded/7 2018-q2-update/bin/../lib/gcc/arm-none-eabi/7.3.1/thumb/v7e-m/fpv4-sp/hard\libgcc.a(_aeabi_uldivmod.o)
 .ARM.attributes
                0x00000943       0x34 c:/program files (x86)/gnu tools arm embedded/7 2018-q2-update/bin/../lib/gcc/arm-none-eabi/7.3.1/thumb/v7e-m/fpv4-sp/hard\libgcc.a(_udivmoddi4.o)
 .ARM.attributes
                0x00000977       0x22 c:/program files (x86)/gnu tools arm embedded/7 2018-q2-update/bin/../lib/gcc/arm-none-eabi/7.3.1/thumb/v7e-m/fpv4-sp/hard\libgcc.a(_dvmd_tls.o)
 .ARM.attributes
                0x00000999       0x22 c:/program files (x86)/gnu tools arm embedded/7 2018-q2-update/bin/../lib/gcc/arm-none-eabi/7.3.1/thumb/v7e-m/fpv4-sp/hard/crtn.o
OUTPUT(build/PSDR.elf elf32-littlearm)

.debug_info     0x00000000    0x3c95b
 .debug_info    0x00000000     0x353b build/main.o
 .debug_info    0x0000353b     0x11ac build/freertos.o
 .debug_info    0x000046e7     0x10ce build/stm32f7xx_it.o
 .debug_info    0x000057b5     0x101c build/stm32f7xx_hal_msp.o
 .debug_info    0x000067d1     0x1673 build/stm32f7xx_hal_timebase_TIM.o
 .debug_info    0x00007e44     0x179e build/stm32f7xx_hal_adc.o
 .debug_info    0x000095e2     0x1b7a build/stm32f7xx_hal_cortex.o
 .debug_info    0x0000b15c     0x14ab build/stm32f7xx_hal_dac.o
 .debug_info    0x0000c607     0x3cc9 build/stm32f7xx_hal_i2c.o
 .debug_info    0x000102d0     0x1081 build/stm32f7xx_hal_i2c_ex.o
 .debug_info    0x00011351     0x18e2 build/stm32f7xx_hal_rtc.o
 .debug_info    0x00012c33     0x2883 build/stm32f7xx_hal_spi.o
 .debug_info    0x000154b6     0x3acb build/stm32f7xx_hal_tim.o
 .debug_info    0x00018f81     0x215c build/stm32f7xx_hal_tim_ex.o
 .debug_info    0x0001b0dd     0x230f build/stm32f7xx_hal_uart.o
 .debug_info    0x0001d3ec     0x14d6 build/stm32f7xx_hal_rcc.o
 .debug_info    0x0001e8c2     0x1217 build/stm32f7xx_hal_rcc_ex.o
 .debug_info    0x0001fad9     0x113f build/stm32f7xx_hal_gpio.o
 .debug_info    0x00020c18     0x13f0 build/stm32f7xx_hal_dma.o
 .debug_info    0x00022008     0x1428 build/stm32f7xx_hal_pwr_ex.o
 .debug_info    0x00023430     0x144d build/stm32f7xx_hal.o
 .debug_info    0x0002487d     0x10b2 build/system_stm32f7xx.o
 .debug_info    0x0002592f      0xd7b build/heap_4.o
 .debug_info    0x000266aa      0x523 build/port.o
 .debug_info    0x00026bcd      0xbdc build/list.o
 .debug_info    0x000277a9     0x2b23 build/tasks.o
 .debug_info    0x0002a2cc     0x2587 build/cmsis_os.o
 .debug_info    0x0002c853     0x15a4 build/gpio.o
 .debug_info    0x0002ddf7     0x1a29 build/adc.o
 .debug_info    0x0002f820     0x16b6 build/dac.o
 .debug_info    0x00030ed6     0x17ea build/i2c.o
 .debug_info    0x000326c0     0x1189 build/rtc.o
 .debug_info    0x00033849     0x1857 build/spi.o
 .debug_info    0x000350a0     0x1c58 build/tim.o
 .debug_info    0x00036cf8     0x178f build/usart.o
 .debug_info    0x00038487      0xdf6 build/usb_otg.o
 .debug_info    0x0003927d      0xf4d build/dma.o
 .debug_info    0x0003a1ca     0x276f build/Adafruit_ILI9340.o
 .debug_info    0x0003c939       0x22 build/startup_stm32f756xx.o

.debug_abbrev   0x00000000     0x647c
 .debug_abbrev  0x00000000      0x298 build/main.o
 .debug_abbrev  0x00000298      0x292 build/freertos.o
 .debug_abbrev  0x0000052a      0x203 build/stm32f7xx_it.o
 .debug_abbrev  0x0000072d      0x216 build/stm32f7xx_hal_msp.o
 .debug_abbrev  0x00000943      0x27b build/stm32f7xx_hal_timebase_TIM.o
 .debug_abbrev  0x00000bbe      0x2f1 build/stm32f7xx_hal_adc.o
 .debug_abbrev  0x00000eaf      0x3dc build/stm32f7xx_hal_cortex.o
 .debug_abbrev  0x0000128b      0x2f0 build/stm32f7xx_hal_dac.o
 .debug_abbrev  0x0000157b      0x33b build/stm32f7xx_hal_i2c.o
 .debug_abbrev  0x000018b6      0x1f7 build/stm32f7xx_hal_i2c_ex.o
 .debug_abbrev  0x00001aad      0x2e1 build/stm32f7xx_hal_rtc.o
 .debug_abbrev  0x00001d8e      0x30b build/stm32f7xx_hal_spi.o
 .debug_abbrev  0x00002099      0x2e5 build/stm32f7xx_hal_tim.o
 .debug_abbrev  0x0000237e      0x2f8 build/stm32f7xx_hal_tim_ex.o
 .debug_abbrev  0x00002676      0x345 build/stm32f7xx_hal_uart.o
 .debug_abbrev  0x000029bb      0x2fd build/stm32f7xx_hal_rcc.o
 .debug_abbrev  0x00002cb8      0x28f build/stm32f7xx_hal_rcc_ex.o
 .debug_abbrev  0x00002f47      0x2be build/stm32f7xx_hal_gpio.o
 .debug_abbrev  0x00003205      0x328 build/stm32f7xx_hal_dma.o
 .debug_abbrev  0x0000352d      0x2bd build/stm32f7xx_hal_pwr_ex.o
 .debug_abbrev  0x000037ea      0x2c7 build/stm32f7xx_hal.o
 .debug_abbrev  0x00003ab1      0x1f3 build/system_stm32f7xx.o
 .debug_abbrev  0x00003ca4      0x312 build/heap_4.o
 .debug_abbrev  0x00003fb6      0x230 build/port.o
 .debug_abbrev  0x000041e6      0x217 build/list.o
 .debug_abbrev  0x000043fd      0x400 build/tasks.o
 .debug_abbrev  0x000047fd      0x3d3 build/cmsis_os.o
 .debug_abbrev  0x00004bd0      0x236 build/gpio.o
 .debug_abbrev  0x00004e06      0x23b build/adc.o
 .debug_abbrev  0x00005041      0x23b build/dac.o
 .debug_abbrev  0x0000527c      0x23b build/i2c.o
 .debug_abbrev  0x000054b7      0x23b build/rtc.o
 .debug_abbrev  0x000056f2      0x257 build/spi.o
 .debug_abbrev  0x00005949      0x24c build/tim.o
 .debug_abbrev  0x00005b95      0x23b build/usart.o
 .debug_abbrev  0x00005dd0      0x1a1 build/usb_otg.o
 .debug_abbrev  0x00005f71      0x216 build/dma.o
 .debug_abbrev  0x00006187      0x2e3 build/Adafruit_ILI9340.o
 .debug_abbrev  0x0000646a       0x12 build/startup_stm32f756xx.o

.debug_loc      0x00000000    0x172e4
 .debug_loc     0x00000000       0xc0 build/main.o
 .debug_loc     0x000000c0       0xc6 build/freertos.o
 .debug_loc     0x00000186       0x60 build/stm32f7xx_it.o
 .debug_loc     0x000001e6       0x38 build/stm32f7xx_hal_msp.o
 .debug_loc     0x0000021e       0xbd build/stm32f7xx_hal_timebase_TIM.o
 .debug_loc     0x000002db      0xacf build/stm32f7xx_hal_adc.o
 .debug_loc     0x00000daa      0x650 build/stm32f7xx_hal_cortex.o
 .debug_loc     0x000013fa      0x940 build/stm32f7xx_hal_dac.o
 .debug_loc     0x00001d3a     0x4526 build/stm32f7xx_hal_i2c.o
 .debug_loc     0x00006260      0x134 build/stm32f7xx_hal_i2c_ex.o
 .debug_loc     0x00006394      0xd54 build/stm32f7xx_hal_rtc.o
 .debug_loc     0x000070e8     0x21e5 build/stm32f7xx_hal_spi.o
 .debug_loc     0x000092cd     0x4145 build/stm32f7xx_hal_tim.o
 .debug_loc     0x0000d412     0x1e55 build/stm32f7xx_hal_tim_ex.o
 .debug_loc     0x0000f267     0x1a1e build/stm32f7xx_hal_uart.o
 .debug_loc     0x00010c85      0x63d build/stm32f7xx_hal_rcc.o
 .debug_loc     0x000112c2      0x6e2 build/stm32f7xx_hal_rcc_ex.o
 .debug_loc     0x000119a4      0x531 build/stm32f7xx_hal_gpio.o
 .debug_loc     0x00011ed5      0xd0e build/stm32f7xx_hal_dma.o
 .debug_loc     0x00012be3      0x2dc build/stm32f7xx_hal_pwr_ex.o
 .debug_loc     0x00012ebf      0x19d build/stm32f7xx_hal.o
 .debug_loc     0x0001305c      0x16a build/system_stm32f7xx.o
 .debug_loc     0x000131c6      0x324 build/heap_4.o
 .debug_loc     0x000134ea      0x128 build/port.o
 .debug_loc     0x00013612       0x9c build/list.o
 .debug_loc     0x000136ae     0x1626 build/tasks.o
 .debug_loc     0x00014cd4     0x15ed build/cmsis_os.o
 .debug_loc     0x000162c1       0x39 build/gpio.o
 .debug_loc     0x000162fa      0x208 build/adc.o
 .debug_loc     0x00016502       0xf7 build/dac.o
 .debug_loc     0x000165f9       0xd3 build/i2c.o
 .debug_loc     0x000166cc       0x20 build/rtc.o
 .debug_loc     0x000166ec      0x144 build/spi.o
 .debug_loc     0x00016830      0x1d1 build/tim.o
 .debug_loc     0x00016a01       0xd3 build/usart.o
 .debug_loc     0x00016ad4       0x38 build/dma.o
 .debug_loc     0x00016b0c      0x7d8 build/Adafruit_ILI9340.o

.debug_aranges  0x00000000     0x1968
 .debug_aranges
                0x00000000       0x38 build/main.o
 .debug_aranges
                0x00000038       0x30 build/freertos.o
 .debug_aranges
                0x00000068       0x60 build/stm32f7xx_it.o
 .debug_aranges
                0x000000c8       0x20 build/stm32f7xx_hal_msp.o
 .debug_aranges
                0x000000e8       0x30 build/stm32f7xx_hal_timebase_TIM.o
 .debug_aranges
                0x00000118       0xe8 build/stm32f7xx_hal_adc.o
 .debug_aranges
                0x00000200       0xa8 build/stm32f7xx_hal_cortex.o
 .debug_aranges
                0x000002a8       0xc0 build/stm32f7xx_hal_dac.o
 .debug_aranges
                0x00000368      0x260 build/stm32f7xx_hal_i2c.o
 .debug_aranges
                0x000005c8       0x28 build/stm32f7xx_hal_i2c_ex.o
 .debug_aranges
                0x000005f0       0xb8 build/stm32f7xx_hal_rtc.o
 .debug_aranges
                0x000006a8      0x1d8 build/stm32f7xx_hal_spi.o
 .debug_aranges
                0x00000880      0x368 build/stm32f7xx_hal_tim.o
 .debug_aranges
                0x00000be8      0x170 build/stm32f7xx_hal_tim_ex.o
 .debug_aranges
                0x00000d58      0x190 build/stm32f7xx_hal_uart.o
 .debug_aranges
                0x00000ee8       0x88 build/stm32f7xx_hal_rcc.o
 .debug_aranges
                0x00000f70       0x50 build/stm32f7xx_hal_rcc_ex.o
 .debug_aranges
                0x00000fc0       0x58 build/stm32f7xx_hal_gpio.o
 .debug_aranges
                0x00001018       0x90 build/stm32f7xx_hal_dma.o
 .debug_aranges
                0x000010a8       0x80 build/stm32f7xx_hal_pwr_ex.o
 .debug_aranges
                0x00001128      0x100 build/stm32f7xx_hal.o
 .debug_aranges
                0x00001228       0x28 build/system_stm32f7xx.o
 .debug_aranges
                0x00001250       0x50 build/heap_4.o
 .debug_aranges
                0x000012a0       0x80 build/port.o
 .debug_aranges
                0x00001320       0x40 build/list.o
 .debug_aranges
                0x00001360      0x190 build/tasks.o
 .debug_aranges
                0x000014f0      0x1d8 build/cmsis_os.o
 .debug_aranges
                0x000016c8       0x20 build/gpio.o
 .debug_aranges
                0x000016e8       0x40 build/adc.o
 .debug_aranges
                0x00001728       0x30 build/dac.o
 .debug_aranges
                0x00001758       0x30 build/i2c.o
 .debug_aranges
                0x00001788       0x30 build/rtc.o
 .debug_aranges
                0x000017b8       0x38 build/spi.o
 .debug_aranges
                0x000017f0       0x40 build/tim.o
 .debug_aranges
                0x00001830       0x30 build/usart.o
 .debug_aranges
                0x00001860       0x20 build/usb_otg.o
 .debug_aranges
                0x00001880       0x20 build/dma.o
 .debug_aranges
                0x000018a0       0xa0 build/Adafruit_ILI9340.o
 .debug_aranges
                0x00001940       0x28 build/startup_stm32f756xx.o

.debug_ranges   0x00000000     0x17e8
 .debug_ranges  0x00000000       0x28 build/main.o
 .debug_ranges  0x00000028       0x20 build/freertos.o
 .debug_ranges  0x00000048       0x50 build/stm32f7xx_it.o
 .debug_ranges  0x00000098       0x10 build/stm32f7xx_hal_msp.o
 .debug_ranges  0x000000a8       0x20 build/stm32f7xx_hal_timebase_TIM.o
 .debug_ranges  0x000000c8       0xd8 build/stm32f7xx_hal_adc.o
 .debug_ranges  0x000001a0       0xf8 build/stm32f7xx_hal_cortex.o
 .debug_ranges  0x00000298       0xb0 build/stm32f7xx_hal_dac.o
 .debug_ranges  0x00000348      0x250 build/stm32f7xx_hal_i2c.o
 .debug_ranges  0x00000598       0x18 build/stm32f7xx_hal_i2c_ex.o
 .debug_ranges  0x000005b0       0xa8 build/stm32f7xx_hal_rtc.o
 .debug_ranges  0x00000658      0x1c8 build/stm32f7xx_hal_spi.o
 .debug_ranges  0x00000820      0x358 build/stm32f7xx_hal_tim.o
 .debug_ranges  0x00000b78      0x160 build/stm32f7xx_hal_tim_ex.o
 .debug_ranges  0x00000cd8      0x180 build/stm32f7xx_hal_uart.o
 .debug_ranges  0x00000e58       0x78 build/stm32f7xx_hal_rcc.o
 .debug_ranges  0x00000ed0       0x40 build/stm32f7xx_hal_rcc_ex.o
 .debug_ranges  0x00000f10       0x48 build/stm32f7xx_hal_gpio.o
 .debug_ranges  0x00000f58       0x80 build/stm32f7xx_hal_dma.o
 .debug_ranges  0x00000fd8       0x70 build/stm32f7xx_hal_pwr_ex.o
 .debug_ranges  0x00001048       0xf0 build/stm32f7xx_hal.o
 .debug_ranges  0x00001138       0x18 build/system_stm32f7xx.o
 .debug_ranges  0x00001150       0x40 build/heap_4.o
 .debug_ranges  0x00001190       0x70 build/port.o
 .debug_ranges  0x00001200       0x30 build/list.o
 .debug_ranges  0x00001230      0x208 build/tasks.o
 .debug_ranges  0x00001438      0x1c8 build/cmsis_os.o
 .debug_ranges  0x00001600       0x10 build/gpio.o
 .debug_ranges  0x00001610       0x30 build/adc.o
 .debug_ranges  0x00001640       0x20 build/dac.o
 .debug_ranges  0x00001660       0x20 build/i2c.o
 .debug_ranges  0x00001680       0x20 build/rtc.o
 .debug_ranges  0x000016a0       0x28 build/spi.o
 .debug_ranges  0x000016c8       0x30 build/tim.o
 .debug_ranges  0x000016f8       0x20 build/usart.o
 .debug_ranges  0x00001718       0x10 build/usb_otg.o
 .debug_ranges  0x00001728       0x10 build/dma.o
 .debug_ranges  0x00001738       0x90 build/Adafruit_ILI9340.o
 .debug_ranges  0x000017c8       0x20 build/startup_stm32f756xx.o

.debug_line     0x00000000     0xd673
 .debug_line    0x00000000      0x4e8 build/main.o
 .debug_line    0x000004e8      0x37c build/freertos.o
 .debug_line    0x00000864      0x34d build/stm32f7xx_it.o
 .debug_line    0x00000bb1      0x269 build/stm32f7xx_hal_msp.o
 .debug_line    0x00000e1a      0x2f7 build/stm32f7xx_hal_timebase_TIM.o
 .debug_line    0x00001111      0x733 build/stm32f7xx_hal_adc.o
 .debug_line    0x00001844      0x4c5 build/stm32f7xx_hal_cortex.o
 .debug_line    0x00001d09      0x533 build/stm32f7xx_hal_dac.o
 .debug_line    0x0000223c     0x13c6 build/stm32f7xx_hal_i2c.o
 .debug_line    0x00003602      0x334 build/stm32f7xx_hal_i2c_ex.o
 .debug_line    0x00003936      0x671 build/stm32f7xx_hal_rtc.o
 .debug_line    0x00003fa7      0xd49 build/stm32f7xx_hal_spi.o
 .debug_line    0x00004cf0     0x1293 build/stm32f7xx_hal_tim.o
 .debug_line    0x00005f83      0x9a8 build/stm32f7xx_hal_tim_ex.o
 .debug_line    0x0000692b      0xc88 build/stm32f7xx_hal_uart.o
 .debug_line    0x000075b3      0x589 build/stm32f7xx_hal_rcc.o
 .debug_line    0x00007b3c      0x4d4 build/stm32f7xx_hal_rcc_ex.o
 .debug_line    0x00008010      0x41b build/stm32f7xx_hal_gpio.o
 .debug_line    0x0000842b      0x5ce build/stm32f7xx_hal_dma.o
 .debug_line    0x000089f9      0x3e2 build/stm32f7xx_hal_pwr_ex.o
 .debug_line    0x00008ddb      0x4b8 build/stm32f7xx_hal.o
 .debug_line    0x00009293      0x256 build/system_stm32f7xx.o
 .debug_line    0x000094e9      0x3ec build/heap_4.o
 .debug_line    0x000098d5      0x32a build/port.o
 .debug_line    0x00009bff      0x343 build/list.o
 .debug_line    0x00009f42      0xb79 build/tasks.o
 .debug_line    0x0000aabb      0x911 build/cmsis_os.o
 .debug_line    0x0000b3cc      0x29d build/gpio.o
 .debug_line    0x0000b669      0x38c build/adc.o
 .debug_line    0x0000b9f5      0x2ec build/dac.o
 .debug_line    0x0000bce1      0x30c build/i2c.o
 .debug_line    0x0000bfed      0x2a8 build/rtc.o
 .debug_line    0x0000c295      0x340 build/spi.o
 .debug_line    0x0000c5d5      0x374 build/tim.o
 .debug_line    0x0000c949      0x2f2 build/usart.o
 .debug_line    0x0000cc3b      0x228 build/usb_otg.o
 .debug_line    0x0000ce63      0x255 build/dma.o
 .debug_line    0x0000d0b8      0x547 build/Adafruit_ILI9340.o
 .debug_line    0x0000d5ff       0x74 build/startup_stm32f756xx.o

.debug_str      0x00000000     0x8479
 .debug_str     0x00000000     0x25a8 build/main.o
                               0x2727 (size before relaxing)
 .debug_str     0x000025a8      0x455 build/freertos.o
                                0xabf (size before relaxing)
 .debug_str     0x000029fd       0xfa build/stm32f7xx_it.o
                                0xb16 (size before relaxing)
 .debug_str     0x00002af7       0x74 build/stm32f7xx_hal_msp.o
                                0xcf6 (size before relaxing)
 .debug_str     0x00002b6b      0x102 build/stm32f7xx_hal_timebase_TIM.o
                               0x128e (size before relaxing)
 .debug_str     0x00002c6d      0x33f build/stm32f7xx_hal_adc.o
                                0xd52 (size before relaxing)
 .debug_str     0x00002fac      0x464 build/stm32f7xx_hal_cortex.o
                               0x11c9 (size before relaxing)
 .debug_str     0x00003410      0x231 build/stm32f7xx_hal_dac.o
                                0xbef (size before relaxing)
 .debug_str     0x00003641      0x7c7 build/stm32f7xx_hal_i2c.o
                               0x1323 (size before relaxing)
 .debug_str     0x00003e08       0x73 build/stm32f7xx_hal_i2c_ex.o
                                0xb9b (size before relaxing)
 .debug_str     0x00003e7b      0x2f2 build/stm32f7xx_hal_rtc.o
                                0xbaf (size before relaxing)
 .debug_str     0x0000416d      0x527 build/stm32f7xx_hal_spi.o
                               0x1003 (size before relaxing)
 .debug_str     0x00004694      0xcc7 build/stm32f7xx_hal_tim.o
                               0x1808 (size before relaxing)
 .debug_str     0x0000535b      0x595 build/stm32f7xx_hal_tim_ex.o
                               0x128e (size before relaxing)
 .debug_str     0x000058f0      0x566 build/stm32f7xx_hal_uart.o
                               0x123c (size before relaxing)
 .debug_str     0x00005e56      0x17b build/stm32f7xx_hal_rcc.o
                                0xaf8 (size before relaxing)
 .debug_str     0x00005fd1      0x144 build/stm32f7xx_hal_rcc_ex.o
                                0xb22 (size before relaxing)
 .debug_str     0x00006115      0x12f build/stm32f7xx_hal_gpio.o
                                0x92a (size before relaxing)
 .debug_str     0x00006244      0x2c1 build/stm32f7xx_hal_dma.o
                                0xb93 (size before relaxing)
 .debug_str     0x00006505      0x1df build/stm32f7xx_hal_pwr_ex.o
                                0xa85 (size before relaxing)
 .debug_str     0x000066e4      0x2aa build/stm32f7xx_hal.o
                               0x108b (size before relaxing)
 .debug_str     0x0000698e       0x42 build/system_stm32f7xx.o
                                0x857 (size before relaxing)
 .debug_str     0x000069d0      0x24f build/heap_4.o
                                0x7ed (size before relaxing)
 .debug_str     0x00006c1f      0x28b build/port.o
                                0x477 (size before relaxing)
 .debug_str     0x00006eaa      0x141 build/list.o
                                0x704 (size before relaxing)
 .debug_str     0x00006feb      0x9cd build/tasks.o
                               0x11ff (size before relaxing)
 .debug_str     0x000079b8      0x795 build/cmsis_os.o
                               0x11b7 (size before relaxing)
 .debug_str     0x0000814d       0x13 build/gpio.o
                                0xa5f (size before relaxing)
 .debug_str     0x00008160       0x14 build/adc.o
                                0xedd (size before relaxing)
 .debug_str     0x00008174       0x14 build/dac.o
                                0xe4a (size before relaxing)
 .debug_str     0x00008188       0x14 build/i2c.o
                                0xfdb (size before relaxing)
 .debug_str     0x0000819c       0x14 build/rtc.o
                                0x9c9 (size before relaxing)
 .debug_str     0x000081b0       0x14 build/spi.o
                                0xf26 (size before relaxing)
 .debug_str     0x000081c4       0x4b build/tim.o
                               0x11bc (size before relaxing)
 .debug_str     0x0000820f       0x17 build/usart.o
                                0xf6e (size before relaxing)
 .debug_str     0x00008226        0xe build/usb_otg.o
                                0x8cd (size before relaxing)
 .debug_str     0x00008234        0xa build/dma.o
                                0xcde (size before relaxing)
 .debug_str     0x0000823e      0x217 build/Adafruit_ILI9340.o
                               0x100f (size before relaxing)
 .debug_str     0x00008455       0x24 build/startup_stm32f756xx.o
                                 0x62 (size before relaxing)

.comment        0x00000000       0x7f
 .comment       0x00000000       0x7f build/main.o
                                 0x80 (size before relaxing)
 .comment       0x0000007f       0x80 build/freertos.o
 .comment       0x0000007f       0x80 build/stm32f7xx_it.o
 .comment       0x0000007f       0x80 build/stm32f7xx_hal_msp.o
 .comment       0x0000007f       0x80 build/stm32f7xx_hal_timebase_TIM.o
 .comment       0x0000007f       0x80 build/stm32f7xx_hal_adc.o
 .comment       0x0000007f       0x80 build/stm32f7xx_hal_cortex.o
 .comment       0x0000007f       0x80 build/stm32f7xx_hal_dac.o
 .comment       0x0000007f       0x80 build/stm32f7xx_hal_i2c.o
 .comment       0x0000007f       0x80 build/stm32f7xx_hal_i2c_ex.o
 .comment       0x0000007f       0x80 build/stm32f7xx_hal_rtc.o
 .comment       0x0000007f       0x80 build/stm32f7xx_hal_spi.o
 .comment       0x0000007f       0x80 build/stm32f7xx_hal_tim.o
 .comment       0x0000007f       0x80 build/stm32f7xx_hal_tim_ex.o
 .comment       0x0000007f       0x80 build/stm32f7xx_hal_uart.o
 .comment       0x0000007f       0x80 build/stm32f7xx_hal_rcc.o
 .comment       0x0000007f       0x80 build/stm32f7xx_hal_rcc_ex.o
 .comment       0x0000007f       0x80 build/stm32f7xx_hal_gpio.o
 .comment       0x0000007f       0x80 build/stm32f7xx_hal_dma.o
 .comment       0x0000007f       0x80 build/stm32f7xx_hal_pwr_ex.o
 .comment       0x0000007f       0x80 build/stm32f7xx_hal.o
 .comment       0x0000007f       0x80 build/system_stm32f7xx.o
 .comment       0x0000007f       0x80 build/heap_4.o
 .comment       0x0000007f       0x80 build/port.o
 .comment       0x0000007f       0x80 build/list.o
 .comment       0x0000007f       0x80 build/tasks.o
 .comment       0x0000007f       0x80 build/cmsis_os.o
 .comment       0x0000007f       0x80 build/gpio.o
 .comment       0x0000007f       0x80 build/adc.o
 .comment       0x0000007f       0x80 build/dac.o
 .comment       0x0000007f       0x80 build/i2c.o
 .comment       0x0000007f       0x80 build/rtc.o
 .comment       0x0000007f       0x80 build/spi.o
 .comment       0x0000007f       0x80 build/tim.o
 .comment       0x0000007f       0x80 build/usart.o
 .comment       0x0000007f       0x80 build/usb_otg.o
 .comment       0x0000007f       0x80 build/dma.o
 .comment       0x0000007f       0x80 build/Adafruit_ILI9340.o

.debug_frame    0x00000000     0x4d94
 .debug_frame   0x00000000       0x7c build/main.o
 .debug_frame   0x0000007c       0x74 build/freertos.o
 .debug_frame   0x000000f0       0xc4 build/stm32f7xx_it.o
 .debug_frame   0x000001b4       0x30 build/stm32f7xx_hal_msp.o
 .debug_frame   0x000001e4       0x50 build/stm32f7xx_hal_timebase_TIM.o
 .debug_frame   0x00000234      0x2b8 build/stm32f7xx_hal_adc.o
 .debug_frame   0x000004ec      0x16c build/stm32f7xx_hal_cortex.o
 .debug_frame   0x00000658      0x224 build/stm32f7xx_hal_dac.o
 .debug_frame   0x0000087c      0x970 build/stm32f7xx_hal_i2c.o
 .debug_frame   0x000011ec       0x30 build/stm32f7xx_hal_i2c_ex.o
 .debug_frame   0x0000121c      0x260 build/stm32f7xx_hal_rtc.o
 .debug_frame   0x0000147c      0x670 build/stm32f7xx_hal_spi.o
 .debug_frame   0x00001aec      0xb44 build/stm32f7xx_hal_tim.o
 .debug_frame   0x00002630      0x4e4 build/stm32f7xx_hal_tim_ex.o
 .debug_frame   0x00002b14      0x4d8 build/stm32f7xx_hal_uart.o
 .debug_frame   0x00002fec      0x1d4 build/stm32f7xx_hal_rcc.o
 .debug_frame   0x000031c0       0xe8 build/stm32f7xx_hal_rcc_ex.o
 .debug_frame   0x000032a8       0xec build/stm32f7xx_hal_gpio.o
 .debug_frame   0x00003394      0x1b8 build/stm32f7xx_hal_dma.o
 .debug_frame   0x0000354c      0x150 build/stm32f7xx_hal_pwr_ex.o
 .debug_frame   0x0000369c      0x220 build/stm32f7xx_hal.o
 .debug_frame   0x000038bc       0x3c build/system_stm32f7xx.o
 .debug_frame   0x000038f8       0xbc build/heap_4.o
 .debug_frame   0x000039b4       0xf8 build/port.o
 .debug_frame   0x00003aac       0x70 build/list.o
 .debug_frame   0x00003b1c      0x584 build/tasks.o
 .debug_frame   0x000040a0      0x62c build/cmsis_os.o
 .debug_frame   0x000046cc       0x44 build/gpio.o
 .debug_frame   0x00004710       0xb4 build/adc.o
 .debug_frame   0x000047c4       0x68 build/dac.o
 .debug_frame   0x0000482c       0x64 build/i2c.o
 .debug_frame   0x00004890       0x4c build/rtc.o
 .debug_frame   0x000048dc       0x8c build/spi.o
 .debug_frame   0x00004968       0xa8 build/tim.o
 .debug_frame   0x00004a10       0x64 build/usart.o
 .debug_frame   0x00004a74       0x20 build/usb_otg.o
 .debug_frame   0x00004a94       0x2c build/dma.o
 .debug_frame   0x00004ac0      0x248 build/Adafruit_ILI9340.o
 .debug_frame   0x00004d08       0x2c c:/program files (x86)/gnu tools arm embedded/7 2018-q2-update/bin/../lib/gcc/arm-none-eabi/7.3.1/../../../../arm-none-eabi/lib/thumb/v7e-m/fpv4-sp/hard\libc_nano.a(lib_a-init.o)
 .debug_frame   0x00004d34       0x2c c:/program files (x86)/gnu tools arm embedded/7 2018-q2-update/bin/../lib/gcc/arm-none-eabi/7.3.1/thumb/v7e-m/fpv4-sp/hard\libgcc.a(_aeabi_uldivmod.o)
 .debug_frame   0x00004d60       0x34 c:/program files (x86)/gnu tools arm embedded/7 2018-q2-update/bin/../lib/gcc/arm-none-eabi/7.3.1/thumb/v7e-m/fpv4-sp/hard\libgcc.a(_udivmoddi4.o)

Cross Reference Table

Symbol                                            File
ADC_IRQHandler                                    build/startup_stm32f756xx.o
AHBPrescTable                                     build/system_stm32f7xx.o
                                                  build/stm32f7xx_hal_rcc.o
AMP_POWER                                         build/gpio.o
AMP_SWITCH_A                                      build/gpio.o
AMP_SWITCH_B                                      build/gpio.o
APBPrescTable                                     build/system_stm32f7xx.o
                                                  build/stm32f7xx_hal_rcc.o
AUDIO_AMP_NSHTDWN                                 build/gpio.o
Adafruit_GFX_drawBitmap                           build/Adafruit_GFX.o
Adafruit_GFX_drawChar                             build/Adafruit_GFX.o
Adafruit_GFX_drawCircle                           build/Adafruit_GFX.o
Adafruit_GFX_drawCircleHelper                     build/Adafruit_GFX.o
Adafruit_GFX_drawColorBitmap                      build/Adafruit_GFX.o
                                                  build/drawing.o
Adafruit_GFX_drawFastHLine                        build/Adafruit_GFX.o
Adafruit_GFX_drawFastVLine                        build/Adafruit_GFX.o
Adafruit_GFX_drawLine                             build/Adafruit_GFX.o
Adafruit_GFX_drawRect                             build/Adafruit_GFX.o
Adafruit_GFX_drawRoundRect                        build/Adafruit_GFX.o
Adafruit_GFX_drawTriangle                         build/Adafruit_GFX.o
Adafruit_GFX_fillCircle                           build/Adafruit_GFX.o
Adafruit_GFX_fillCircleHelper                     build/Adafruit_GFX.o
Adafruit_GFX_fillRect                             build/Adafruit_GFX.o
                                                  build/drawing.o
Adafruit_GFX_fillRoundRect                        build/Adafruit_GFX.o
Adafruit_GFX_fillScreen                           build/Adafruit_GFX.o
Adafruit_GFX_fillTriangle                         build/Adafruit_GFX.o
Adafruit_GFX_getRotation                          build/Adafruit_GFX.o
Adafruit_GFX_height                               build/Adafruit_GFX.o
Adafruit_GFX_invertDisplay                        build/Adafruit_GFX.o
Adafruit_GFX_setCursor                            build/Adafruit_GFX.o
Adafruit_GFX_setRotation                          build/Adafruit_GFX.o
Adafruit_GFX_setTextColor                         build/Adafruit_GFX.o
Adafruit_GFX_setTextSize                          build/Adafruit_GFX.o
Adafruit_GFX_setTextWrap                          build/Adafruit_GFX.o
Adafruit_GFX_width                                build/Adafruit_GFX.o
Adafruit_GFX_write                                build/Adafruit_GFX.o
Adafruit_ILI9340_Color565                         build/Adafruit_ILI9340.o
Adafruit_ILI9340_begin                            build/Adafruit_ILI9340.o
                                                  build/freertos.o
Adafruit_ILI9340_drawFastHLine                    build/Adafruit_ILI9340.o
                                                  build/Adafruit_GFX.o
Adafruit_ILI9340_drawFastVLine                    build/Adafruit_ILI9340.o
                                                  build/Adafruit_GFX.o
Adafruit_ILI9340_drawNextPixel                    build/Adafruit_ILI9340.o
Adafruit_ILI9340_drawPixel                        build/Adafruit_ILI9340.o
                                                  build/Adafruit_GFX.o
Adafruit_ILI9340_fillRect                         build/Adafruit_ILI9340.o
                                                  build/Adafruit_GFX.o
                                                  build/freertos.o
Adafruit_ILI9340_fillScreen                       build/Adafruit_ILI9340.o
                                                  build/freertos.o
Adafruit_ILI9340_invertDisplay                    build/Adafruit_ILI9340.o
Adafruit_ILI9340_pushColor                        build/Adafruit_ILI9340.o
Adafruit_ILI9340_setAddrWindow                    build/Adafruit_ILI9340.o
                                                  build/Adafruit_GFX.o
Adafruit_ILI9340_setRotation                      build/Adafruit_ILI9340.o
                                                  build/freertos.o
Adafruit_ILI9340_setVerticalScrollDefinition      build/Adafruit_ILI9340.o
Adafruit_ILI9340_setVerticalScrollStartAddress    build/Adafruit_ILI9340.o
Adafruit_ILI9340_spiwrite                         build/Adafruit_ILI9340.o
Adafruit_ILI9340_writecommand                     build/Adafruit_ILI9340.o
Adafruit_ILI9340_writedata                        build/Adafruit_ILI9340.o
BusFault_Handler                                  build/stm32f7xx_it.o
CAN1_RX0_IRQHandler                               build/startup_stm32f756xx.o
CAN1_RX1_IRQHandler                               build/startup_stm32f756xx.o
CAN1_SCE_IRQHandler                               build/startup_stm32f756xx.o
CAN1_TX_IRQHandler                                build/startup_stm32f756xx.o
CAN2_RX0_IRQHandler                               build/startup_stm32f756xx.o
CAN2_RX1_IRQHandler                               build/startup_stm32f756xx.o
CAN2_SCE_IRQHandler                               build/startup_stm32f756xx.o
CAN2_TX_IRQHandler                                build/startup_stm32f756xx.o
CEC_IRQHandler                                    build/startup_stm32f756xx.o
CHARGE_POWER_SOURCE                               build/gpio.o
CRYP_IRQHandler                                   build/startup_stm32f756xx.o
DAC_DMAConvCpltCh2                                build/stm32f7xx_hal_dac_ex.o
                                                  build/stm32f7xx_hal_dac.o
DAC_DMAErrorCh2                                   build/stm32f7xx_hal_dac_ex.o
                                                  build/stm32f7xx_hal_dac.o
DAC_DMAHalfConvCpltCh2                            build/stm32f7xx_hal_dac_ex.o
                                                  build/stm32f7xx_hal_dac.o
DAC_MUX                                           build/gpio.o
DCMI_IRQHandler                                   build/startup_stm32f756xx.o
DMA1_Stream0_IRQHandler                           build/startup_stm32f756xx.o
DMA1_Stream1_IRQHandler                           build/startup_stm32f756xx.o
DMA1_Stream2_IRQHandler                           build/startup_stm32f756xx.o
DMA1_Stream3_IRQHandler                           build/startup_stm32f756xx.o
DMA1_Stream4_IRQHandler                           build/startup_stm32f756xx.o
DMA1_Stream5_IRQHandler                           build/startup_stm32f756xx.o
DMA1_Stream6_IRQHandler                           build/startup_stm32f756xx.o
DMA1_Stream7_IRQHandler                           build/startup_stm32f756xx.o
DMA2D_IRQHandler                                  build/startup_stm32f756xx.o
DMA2_Stream0_IRQHandler                           build/startup_stm32f756xx.o
DMA2_Stream1_IRQHandler                           build/startup_stm32f756xx.o
DMA2_Stream2_IRQHandler                           build/startup_stm32f756xx.o
DMA2_Stream3_IRQHandler                           build/stm32f7xx_it.o
DMA2_Stream4_IRQHandler                           build/startup_stm32f756xx.o
DMA2_Stream5_IRQHandler                           build/startup_stm32f756xx.o
DMA2_Stream6_IRQHandler                           build/startup_stm32f756xx.o
DMA2_Stream7_IRQHandler                           build/startup_stm32f756xx.o
DebugMon_Handler                                  build/stm32f7xx_it.o
Default_Handler                                   build/startup_stm32f756xx.o
EARPHONE_NOT_INSERTED                             build/gpio.o
ETH_IRQHandler                                    build/startup_stm32f756xx.o
ETH_WKUP_IRQHandler                               build/startup_stm32f756xx.o
EXTI0_IRQHandler                                  build/startup_stm32f756xx.o
EXTI15_10_IRQHandler                              build/startup_stm32f756xx.o
EXTI1_IRQHandler                                  build/startup_stm32f756xx.o
EXTI2_IRQHandler                                  build/startup_stm32f756xx.o
EXTI3_IRQHandler                                  build/startup_stm32f756xx.o
EXTI4_IRQHandler                                  build/startup_stm32f756xx.o
EXTI9_5_IRQHandler                                build/startup_stm32f756xx.o
FILTER_GAIN_POT_MOSI                              build/gpio.o
FILTER_GAIN_POT_SCLK                              build/gpio.o
FILTER_S0                                         build/gpio.o
FILTER_S1                                         build/gpio.o
FIVE_VOLT_REGULATOR_ENABLE                        build/gpio.o
FLASH_Erase_Sector                                build/stm32f7xx_hal_flash_ex.o
                                                  build/stm32f7xx_hal_flash.o
FLASH_IRQHandler                                  build/startup_stm32f756xx.o
FLASH_WaitForLastOperation                        build/stm32f7xx_hal_flash.o
                                                  build/stm32f7xx_hal_flash_ex.o
FLIP_FLOP_ENABLE                                  build/gpio.o
FMC_IRQHandler                                    build/startup_stm32f756xx.o
FPU_IRQHandler                                    build/startup_stm32f756xx.o
GAIN_POT_NSS                                      build/gpio.o
GPS_POWER                                         build/gpio.o
GPS_PPS                                           build/gpio.o
GPS_RESET                                         build/gpio.o
HAL_ADCEx_InjectedConfigChannel                   build/stm32f7xx_hal_adc_ex.o
HAL_ADCEx_InjectedConvCpltCallback                build/stm32f7xx_hal_adc_ex.o
                                                  build/stm32f7xx_hal_adc.o
HAL_ADCEx_InjectedGetValue                        build/stm32f7xx_hal_adc_ex.o
HAL_ADCEx_InjectedPollForConversion               build/stm32f7xx_hal_adc_ex.o
HAL_ADCEx_InjectedStart                           build/stm32f7xx_hal_adc_ex.o
HAL_ADCEx_InjectedStart_IT                        build/stm32f7xx_hal_adc_ex.o
HAL_ADCEx_InjectedStop                            build/stm32f7xx_hal_adc_ex.o
HAL_ADCEx_InjectedStop_IT                         build/stm32f7xx_hal_adc_ex.o
HAL_ADCEx_MultiModeConfigChannel                  build/stm32f7xx_hal_adc_ex.o
HAL_ADCEx_MultiModeGetValue                       build/stm32f7xx_hal_adc_ex.o
HAL_ADCEx_MultiModeStart_DMA                      build/stm32f7xx_hal_adc_ex.o
HAL_ADCEx_MultiModeStop_DMA                       build/stm32f7xx_hal_adc_ex.o
HAL_ADC_AnalogWDGConfig                           build/stm32f7xx_hal_adc.o
HAL_ADC_ConfigChannel                             build/stm32f7xx_hal_adc.o
                                                  build/adc.o
HAL_ADC_ConvCpltCallback                          build/stm32f7xx_hal_adc.o
                                                  build/stm32f7xx_hal_adc_ex.o
HAL_ADC_ConvHalfCpltCallback                      build/stm32f7xx_hal_adc.o
                                                  build/stm32f7xx_hal_adc_ex.o
HAL_ADC_DeInit                                    build/stm32f7xx_hal_adc.o
HAL_ADC_ErrorCallback                             build/stm32f7xx_hal_adc.o
                                                  build/stm32f7xx_hal_adc_ex.o
HAL_ADC_GetError                                  build/stm32f7xx_hal_adc.o
HAL_ADC_GetState                                  build/stm32f7xx_hal_adc.o
HAL_ADC_GetValue                                  build/stm32f7xx_hal_adc.o
HAL_ADC_IRQHandler                                build/stm32f7xx_hal_adc.o
HAL_ADC_Init                                      build/stm32f7xx_hal_adc.o
                                                  build/adc.o
HAL_ADC_LevelOutOfWindowCallback                  build/stm32f7xx_hal_adc.o
HAL_ADC_MspDeInit                                 build/adc.o
                                                  build/stm32f7xx_hal_adc.o
HAL_ADC_MspInit                                   build/adc.o
                                                  build/stm32f7xx_hal_adc.o
HAL_ADC_PollForConversion                         build/stm32f7xx_hal_adc.o
HAL_ADC_PollForEvent                              build/stm32f7xx_hal_adc.o
HAL_ADC_Start                                     build/stm32f7xx_hal_adc.o
HAL_ADC_Start_DMA                                 build/stm32f7xx_hal_adc.o
HAL_ADC_Start_IT                                  build/stm32f7xx_hal_adc.o
HAL_ADC_Stop                                      build/stm32f7xx_hal_adc.o
HAL_ADC_Stop_DMA                                  build/stm32f7xx_hal_adc.o
HAL_ADC_Stop_IT                                   build/stm32f7xx_hal_adc.o
HAL_DACEx_ConvCpltCallbackCh2                     build/stm32f7xx_hal_dac_ex.o
HAL_DACEx_ConvHalfCpltCallbackCh2                 build/stm32f7xx_hal_dac_ex.o
HAL_DACEx_DMAUnderrunCallbackCh2                  build/stm32f7xx_hal_dac_ex.o
                                                  build/stm32f7xx_hal_dac.o
HAL_DACEx_DualGetValue                            build/stm32f7xx_hal_dac_ex.o
HAL_DACEx_DualSetValue                            build/stm32f7xx_hal_dac_ex.o
HAL_DACEx_ErrorCallbackCh2                        build/stm32f7xx_hal_dac_ex.o
HAL_DACEx_NoiseWaveGenerate                       build/stm32f7xx_hal_dac_ex.o
HAL_DACEx_TriangleWaveGenerate                    build/stm32f7xx_hal_dac_ex.o
HAL_DAC_ConfigChannel                             build/stm32f7xx_hal_dac.o
                                                  build/dac.o
HAL_DAC_ConvCpltCallbackCh1                       build/stm32f7xx_hal_dac.o
HAL_DAC_ConvHalfCpltCallbackCh1                   build/stm32f7xx_hal_dac.o
HAL_DAC_DMAUnderrunCallbackCh1                    build/stm32f7xx_hal_dac.o
HAL_DAC_DeInit                                    build/stm32f7xx_hal_dac.o
HAL_DAC_ErrorCallbackCh1                          build/stm32f7xx_hal_dac.o
HAL_DAC_GetError                                  build/stm32f7xx_hal_dac.o
HAL_DAC_GetState                                  build/stm32f7xx_hal_dac.o
HAL_DAC_GetValue                                  build/stm32f7xx_hal_dac.o
HAL_DAC_IRQHandler                                build/stm32f7xx_hal_dac.o
HAL_DAC_Init                                      build/stm32f7xx_hal_dac.o
                                                  build/dac.o
HAL_DAC_MspDeInit                                 build/dac.o
                                                  build/stm32f7xx_hal_dac.o
HAL_DAC_MspInit                                   build/dac.o
                                                  build/stm32f7xx_hal_dac.o
HAL_DAC_SetValue                                  build/stm32f7xx_hal_dac.o
HAL_DAC_Start                                     build/stm32f7xx_hal_dac.o
HAL_DAC_Start_DMA                                 build/stm32f7xx_hal_dac.o
HAL_DAC_Stop                                      build/stm32f7xx_hal_dac.o
HAL_DAC_Stop_DMA                                  build/stm32f7xx_hal_dac.o
HAL_DBGMCU_DisableDBGSleepMode                    build/stm32f7xx_hal.o
HAL_DBGMCU_DisableDBGStandbyMode                  build/stm32f7xx_hal.o
HAL_DBGMCU_DisableDBGStopMode                     build/stm32f7xx_hal.o
HAL_DBGMCU_EnableDBGSleepMode                     build/stm32f7xx_hal.o
HAL_DBGMCU_EnableDBGStandbyMode                   build/stm32f7xx_hal.o
HAL_DBGMCU_EnableDBGStopMode                      build/stm32f7xx_hal.o
HAL_DMAEx_ChangeMemory                            build/stm32f7xx_hal_dma_ex.o
HAL_DMAEx_MultiBufferStart                        build/stm32f7xx_hal_dma_ex.o
HAL_DMAEx_MultiBufferStart_IT                     build/stm32f7xx_hal_dma_ex.o
HAL_DMA_Abort                                     build/stm32f7xx_hal_dma.o
                                                  build/stm32f7xx_hal_uart.o
                                                  build/stm32f7xx_hal_tim.o
                                                  build/stm32f7xx_hal_spi.o
                                                  build/stm32f7xx_hal_mmc.o
                                                  build/stm32f7xx_hal_dac.o
                                                  build/stm32f7xx_hal_adc_ex.o
                                                  build/stm32f7xx_hal_adc.o
HAL_DMA_Abort_IT                                  build/stm32f7xx_hal_dma.o
                                                  build/stm32f7xx_hal_uart.o
                                                  build/stm32f7xx_hal_spi.o
                                                  build/stm32f7xx_hal_mmc.o
                                                  build/stm32f7xx_hal_i2c.o
HAL_DMA_DeInit                                    build/stm32f7xx_hal_dma.o
                                                  build/spi.o
HAL_DMA_GetError                                  build/stm32f7xx_hal_dma.o
                                                  build/stm32f7xx_hal_mmc.o
HAL_DMA_GetState                                  build/stm32f7xx_hal_dma.o
HAL_DMA_IRQHandler                                build/stm32f7xx_hal_dma.o
                                                  build/stm32f7xx_it.o
HAL_DMA_Init                                      build/stm32f7xx_hal_dma.o
                                                  build/spi.o
HAL_DMA_PollForTransfer                           build/stm32f7xx_hal_dma.o
HAL_DMA_RegisterCallback                          build/stm32f7xx_hal_dma.o
HAL_DMA_Start                                     build/stm32f7xx_hal_dma.o
HAL_DMA_Start_IT                                  build/stm32f7xx_hal_dma.o
                                                  build/stm32f7xx_hal_uart.o