Archive member included to satisfy reference by file (symbol)

c:/program files (x86)/gnu tools arm embedded/7 2018-q2-update/bin/../lib/gcc/arm-none-eabi/7.3.1/../../../../arm-none-eabi/lib/thumb/v7e-m/fpv4-sp/hard\libc_nano.a(lib_a-exit.o)
                              c:/program files (x86)/gnu tools arm embedded/7 2018-q2-update/bin/../lib/gcc/arm-none-eabi/7.3.1/../../../../arm-none-eabi/lib/thumb/v7e-m/fpv4-sp/hard/crt0.o (exit)
c:/program files (x86)/gnu tools arm embedded/7 2018-q2-update/bin/../lib/gcc/arm-none-eabi/7.3.1/../../../../arm-none-eabi/lib/thumb/v7e-m/fpv4-sp/hard\libc_nano.a(lib_a-impure.o)
                              c:/program files (x86)/gnu tools arm embedded/7 2018-q2-update/bin/../lib/gcc/arm-none-eabi/7.3.1/../../../../arm-none-eabi/lib/thumb/v7e-m/fpv4-sp/hard\libc_nano.a(lib_a-exit.o) (_global_impure_ptr)
c:/program files (x86)/gnu tools arm embedded/7 2018-q2-update/bin/../lib/gcc/arm-none-eabi/7.3.1/../../../../arm-none-eabi/lib/thumb/v7e-m/fpv4-sp/hard\libc_nano.a(lib_a-init.o)
                              c:/program files (x86)/gnu tools arm embedded/7 2018-q2-update/bin/../lib/gcc/arm-none-eabi/7.3.1/../../../../arm-none-eabi/lib/thumb/v7e-m/fpv4-sp/hard/crt0.o (__libc_init_array)
c:/program files (x86)/gnu tools arm embedded/7 2018-q2-update/bin/../lib/gcc/arm-none-eabi/7.3.1/../../../../arm-none-eabi/lib/thumb/v7e-m/fpv4-sp/hard\libc_nano.a(lib_a-memcpy-stub.o)
                              build/queue.o (memcpy)
c:/program files (x86)/gnu tools arm embedded/7 2018-q2-update/bin/../lib/gcc/arm-none-eabi/7.3.1/../../../../arm-none-eabi/lib/thumb/v7e-m/fpv4-sp/hard\libc_nano.a(lib_a-memset.o)
                              c:/program files (x86)/gnu tools arm embedded/7 2018-q2-update/bin/../lib/gcc/arm-none-eabi/7.3.1/../../../../arm-none-eabi/lib/thumb/v7e-m/fpv4-sp/hard/crt0.o (memset)
c:/program files (x86)/gnu tools arm embedded/7 2018-q2-update/bin/../lib/gcc/arm-none-eabi/7.3.1/../../../../arm-none-eabi/lib/thumb/v7e-m/fpv4-sp/hard\libnosys.a(_exit.o)
                              c:/program files (x86)/gnu tools arm embedded/7 2018-q2-update/bin/../lib/gcc/arm-none-eabi/7.3.1/../../../../arm-none-eabi/lib/thumb/v7e-m/fpv4-sp/hard\libc_nano.a(lib_a-exit.o) (_exit)
c:/program files (x86)/gnu tools arm embedded/7 2018-q2-update/bin/../lib/gcc/arm-none-eabi/7.3.1/thumb/v7e-m/fpv4-sp/hard\libgcc.a(_aeabi_uldivmod.o)
                              build/stm32f7xx_hal_rcc.o (__aeabi_uldivmod)
c:/program files (x86)/gnu tools arm embedded/7 2018-q2-update/bin/../lib/gcc/arm-none-eabi/7.3.1/thumb/v7e-m/fpv4-sp/hard\libgcc.a(_udivmoddi4.o)
                              c:/program files (x86)/gnu tools arm embedded/7 2018-q2-update/bin/../lib/gcc/arm-none-eabi/7.3.1/thumb/v7e-m/fpv4-sp/hard\libgcc.a(_aeabi_uldivmod.o) (__udivmoddi4)
c:/program files (x86)/gnu tools arm embedded/7 2018-q2-update/bin/../lib/gcc/arm-none-eabi/7.3.1/thumb/v7e-m/fpv4-sp/hard\libgcc.a(_dvmd_tls.o)
                              c:/program files (x86)/gnu tools arm embedded/7 2018-q2-update/bin/../lib/gcc/arm-none-eabi/7.3.1/thumb/v7e-m/fpv4-sp/hard\libgcc.a(_aeabi_uldivmod.o) (__aeabi_ldiv0)

Allocating common symbols
Common symbol       size              file

defaultTaskHandle   0x4               build/freertos.o
hspi2               0x64              build/spi.o
htim4               0x40              build/tim.o
hadc2               0x48              build/adc.o
hmmc1               0x80              build/sdmmc.o
hi2c2               0x4c              build/i2c.o
displayManagerHandle
                    0x4               build/freertos.o
uwTick              0x4               build/stm32f7xx_hal.o
xQueueRegistry      0x40              build/queue.o
pFlash              0x1c              build/stm32f7xx_hal_flash.o
hdma_dac1           0x60              build/dac.o
hadc1               0x48              build/adc.o
hadc3               0x48              build/adc.o
hdac                0x14              build/dac.o
hdma_adc1           0x60              build/adc.o
hrtc                0x20              build/rtc.o
htim1               0x40              build/tim.o
huart6              0x70              build/usart.o
hspi1               0x64              build/spi.o
htim2               0x40              build/stm32f7xx_hal_timebase_TIM.o
hdma_spi1_tx        0x60              build/spi.o

Discarded input sections

 .text          0x00000000        0x0 c:/program files (x86)/gnu tools arm embedded/7 2018-q2-update/bin/../lib/gcc/arm-none-eabi/7.3.1/thumb/v7e-m/fpv4-sp/hard/crti.o
 .data          0x00000000        0x0 c:/program files (x86)/gnu tools arm embedded/7 2018-q2-update/bin/../lib/gcc/arm-none-eabi/7.3.1/thumb/v7e-m/fpv4-sp/hard/crti.o
 .bss           0x00000000        0x0 c:/program files (x86)/gnu tools arm embedded/7 2018-q2-update/bin/../lib/gcc/arm-none-eabi/7.3.1/thumb/v7e-m/fpv4-sp/hard/crti.o
[...]
Memory Configuration

Name             Origin             Length             Attributes
RAM              0x20000000         0x00050000         xrw
FLASH            0x08000000         0x00100000         xr
*default*        0x00000000         0xffffffff

Linker script and memory map

LOAD c:/program files (x86)/gnu tools arm embedded/7 2018-q2-update/bin/../lib/gcc/arm-none-eabi/7.3.1/thumb/v7e-m/fpv4-sp/hard/crti.o
LOAD c:/program files (x86)/gnu tools arm embedded/7 2018-q2-update/bin/../lib/gcc/arm-none-eabi/7.3.1/thumb/v7e-m/fpv4-sp/hard/crtbegin.o
LOAD c:/program files (x86)/gnu tools arm embedded/7 2018-q2-update/bin/../lib/gcc/arm-none-eabi/7.3.1/../../../../arm-none-eabi/lib/thumb/v7e-m/fpv4-sp/hard/crt0.o
LOAD build/main.o
LOAD build/gpio.o
LOAD build/adc.o
LOAD build/dac.o
LOAD build/dma.o
LOAD build/freertos.o
LOAD build/i2c.o
LOAD build/rtc.o
LOAD build/sdmmc.o
LOAD build/spi.o
LOAD build/tim.o
LOAD build/usart.o
LOAD build/usb_otg.o
LOAD build/stm32f7xx_it.o
LOAD build/stm32f7xx_hal_msp.o
LOAD build/stm32f7xx_hal_timebase_TIM.o
LOAD build/stm32f7xx_hal_adc.o
LOAD build/stm32f7xx_hal_adc_ex.o
LOAD build/stm32f7xx_hal_cortex.o
LOAD build/stm32f7xx_hal_dac.o
LOAD build/stm32f7xx_hal_dac_ex.o
LOAD build/stm32f7xx_hal_i2c.o
LOAD build/stm32f7xx_hal_i2c_ex.o
LOAD build/stm32f7xx_hal_rtc.o
LOAD build/stm32f7xx_hal_rtc_ex.o
LOAD build/stm32f7xx_ll_sdmmc.o
LOAD build/stm32f7xx_hal_mmc.o
LOAD build/stm32f7xx_hal_spi.o
LOAD build/stm32f7xx_hal_tim.o
LOAD build/stm32f7xx_hal_tim_ex.o
LOAD build/stm32f7xx_hal_uart.o
LOAD build/stm32f7xx_hal_rcc.o
LOAD build/stm32f7xx_hal_rcc_ex.o
LOAD build/stm32f7xx_hal_flash.o
LOAD build/stm32f7xx_hal_flash_ex.o
LOAD build/stm32f7xx_hal_gpio.o
LOAD build/stm32f7xx_hal_dma.o
LOAD build/stm32f7xx_hal_dma_ex.o
LOAD build/stm32f7xx_hal_pwr.o
LOAD build/stm32f7xx_hal_pwr_ex.o
LOAD build/stm32f7xx_hal.o
LOAD build/system_stm32f7xx.o
LOAD build/heap_4.o
LOAD build/port.o
LOAD build/croutine.o
LOAD build/event_groups.o
LOAD build/list.o
LOAD build/queue.o
LOAD build/tasks.o
LOAD build/timers.o
LOAD build/cmsis_os.o
LOAD build/startup_stm32f746xx.o
LOAD c:/program files (x86)/gnu tools arm embedded/7 2018-q2-update/bin/../lib/gcc/arm-none-eabi/7.3.1/../../../../arm-none-eabi/lib/thumb/v7e-m/fpv4-sp/hard\libc_nano.a
LOAD c:/program files (x86)/gnu tools arm embedded/7 2018-q2-update/bin/../lib/gcc/arm-none-eabi/7.3.1/../../../../arm-none-eabi/lib/thumb/v7e-m/fpv4-sp/hard\libm.a
LOAD c:/program files (x86)/gnu tools arm embedded/7 2018-q2-update/bin/../lib/gcc/arm-none-eabi/7.3.1/../../../../arm-none-eabi/lib/thumb/v7e-m/fpv4-sp/hard\libnosys.a
START GROUP
LOAD c:/program files (x86)/gnu tools arm embedded/7 2018-q2-update/bin/../lib/gcc/arm-none-eabi/7.3.1/thumb/v7e-m/fpv4-sp/hard\libgcc.a
LOAD c:/program files (x86)/gnu tools arm embedded/7 2018-q2-update/bin/../lib/gcc/arm-none-eabi/7.3.1/../../../../arm-none-eabi/lib/thumb/v7e-m/fpv4-sp/hard\libc_nano.a
END GROUP
START GROUP
LOAD c:/program files (x86)/gnu tools arm embedded/7 2018-q2-update/bin/../lib/gcc/arm-none-eabi/7.3.1/thumb/v7e-m/fpv4-sp/hard\libgcc.a
LOAD c:/program files (x86)/gnu tools arm embedded/7 2018-q2-update/bin/../lib/gcc/arm-none-eabi/7.3.1/../../../../arm-none-eabi/lib/thumb/v7e-m/fpv4-sp/hard\libc_nano.a
END GROUP
LOAD c:/program files (x86)/gnu tools arm embedded/7 2018-q2-update/bin/../lib/gcc/arm-none-eabi/7.3.1/thumb/v7e-m/fpv4-sp/hard/crtend.o
LOAD c:/program files (x86)/gnu tools arm embedded/7 2018-q2-update/bin/../lib/gcc/arm-none-eabi/7.3.1/thumb/v7e-m/fpv4-sp/hard/crtn.o
                0x20050000                _estack = 0x20050000
                0x00000200                _Min_Heap_Size = 0x200
                0x00000400                _Min_Stack_Size = 0x400

.isr_vector     0x08000000      0x1c8
                0x08000000                . = ALIGN (0x4)
 *(.isr_vector)
 .isr_vector    0x08000000      0x1c8 build/startup_stm32f746xx.o
                0x08000000                g_pfnVectors
                0x080001c8                . = ALIGN (0x4)

.text           0x080001d0     0x5344
                0x080001d0                . = ALIGN (0x4)
 *(.text)
 .text          0x080001d0       0x40 c:/program files (x86)/gnu tools arm embedded/7 2018-q2-update/bin/../lib/gcc/arm-none-eabi/7.3.1/thumb/v7e-m/fpv4-sp/hard/crtbegin.o
 .text          0x08000210       0x30 c:/program files (x86)/gnu tools arm embedded/7 2018-q2-update/bin/../lib/gcc/arm-none-eabi/7.3.1/thumb/v7e-m/fpv4-sp/hard\libgcc.a(_aeabi_uldivmod.o)
                0x08000210                __aeabi_uldivmod
 .text          0x08000240      0x2cc c:/program files (x86)/gnu tools arm embedded/7 2018-q2-update/bin/../lib/gcc/arm-none-eabi/7.3.1/thumb/v7e-m/fpv4-sp/hard\libgcc.a(_udivmoddi4.o)
                0x08000240                __udivmoddi4
 .text          0x0800050c        0x4 c:/program files (x86)/gnu tools arm embedded/7 2018-q2-update/bin/../lib/gcc/arm-none-eabi/7.3.1/thumb/v7e-m/fpv4-sp/hard\libgcc.a(_dvmd_tls.o)
                0x0800050c                __aeabi_idiv0
                0x0800050c                __aeabi_ldiv0
 *(.text*)
 .text.HAL_TIM_PeriodElapsedCallback
                0x08000510       0x12 build/main.o
                0x08000510                HAL_TIM_PeriodElapsedCallback
 .text._Error_Handler
                0x08000522        0x2 build/main.o
                0x08000522                _Error_Handler
 .text.SystemClock_Config
                0x08000524       0xf8 build/main.o
                0x08000524                SystemClock_Config
 .text.main     0x0800061c       0x50 build/main.o
                0x0800061c                main
 .text.MX_GPIO_Init
                0x0800066c      0x1bc build/gpio.o
                0x0800066c                MX_GPIO_Init
 .text.MX_ADC1_Init
                0x08000828       0x70 build/adc.o
                0x08000828                MX_ADC1_Init
 .text.MX_ADC2_Init
                0x08000898       0x70 build/adc.o
                0x08000898                MX_ADC2_Init
 .text.MX_ADC3_Init
                0x08000908       0x70 build/adc.o
                0x08000908                MX_ADC3_Init
 .text.HAL_ADC_MspInit
                0x08000978      0x130 build/adc.o
                0x08000978                HAL_ADC_MspInit
 .text.MX_DAC_Init
                0x08000aa8       0x5c build/dac.o
                0x08000aa8                MX_DAC_Init
 .text.HAL_DAC_MspInit
                0x08000b04       0x94 build/dac.o
                0x08000b04                HAL_DAC_MspInit
 .text.MX_DMA_Init
                0x08000b98       0x64 build/dma.o
                0x08000b98                MX_DMA_Init
 .text.StartDefaultTask
                0x08000bfc        0xa build/freertos.o
                0x08000bfc                StartDefaultTask
 .text.StartDisplayManager
                0x08000c06        0xa build/freertos.o
                0x08000c06                StartDisplayManager
 .text.MX_FREERTOS_Init
                0x08000c10       0x48 build/freertos.o
                0x08000c10                MX_FREERTOS_Init
 .text.MX_I2C2_Init
                0x08000c58       0x68 build/i2c.o
                0x08000c58                MX_I2C2_Init
 .text.HAL_I2C_MspInit
                0x08000cc0       0x54 build/i2c.o
                0x08000cc0                HAL_I2C_MspInit
 .text.MX_RTC_Init
                0x08000d14       0x38 build/rtc.o
                0x08000d14                MX_RTC_Init
 .text.HAL_RTC_MspInit
                0x08000d4c       0x20 build/rtc.o
                0x08000d4c                HAL_RTC_MspInit
 .text.MX_SDMMC1_MMC_Init
                0x08000d6c       0x4c build/sdmmc.o
                0x08000d6c                MX_SDMMC1_MMC_Init
 .text.HAL_MMC_MspInit
                0x08000db8       0x68 build/sdmmc.o
                0x08000db8                HAL_MMC_MspInit
 .text.MX_SPI1_Init
                0x08000e20       0x54 build/spi.o
                0x08000e20                MX_SPI1_Init
 .text.MX_SPI2_Init
                0x08000e74       0x54 build/spi.o
                0x08000e74                MX_SPI2_Init
 .text.HAL_SPI_MspInit
                0x08000ec8       0xd8 build/spi.o
                0x08000ec8                HAL_SPI_MspInit
 .text.MX_TIM1_Init
                0x08000fa0       0xac build/tim.o
                0x08000fa0                MX_TIM1_Init
 .text.HAL_TIM_Base_MspInit
                0x0800104c       0x70 build/tim.o
                0x0800104c                HAL_TIM_Base_MspInit
 .text.HAL_TIM_MspPostInit
                0x080010bc       0x38 build/tim.o
                0x080010bc                HAL_TIM_MspPostInit
 .text.MX_TIM4_Init
                0x080010f4       0xa8 build/tim.o
                0x080010f4                MX_TIM4_Init
 .text.MX_USART6_UART_Init
                0x0800119c       0x40 build/usart.o
                0x0800119c                MX_USART6_UART_Init
 .text.HAL_UART_MspInit
                0x080011dc       0x50 build/usart.o
                0x080011dc                HAL_UART_MspInit
 .text.MX_USB_OTG_FS_USB_Init
                0x0800122c        0x2 build/usb_otg.o
                0x0800122c                MX_USB_OTG_FS_USB_Init
 .text.NMI_Handler
                0x0800122e        0x2 build/stm32f7xx_it.o
                0x0800122e                NMI_Handler
 .text.HardFault_Handler
                0x08001230        0x2 build/stm32f7xx_it.o
                0x08001230                HardFault_Handler
 .text.MemManage_Handler
                0x08001232        0x2 build/stm32f7xx_it.o
                0x08001232                MemManage_Handler
 .text.BusFault_Handler
                0x08001234        0x2 build/stm32f7xx_it.o
                0x08001234                BusFault_Handler
 .text.UsageFault_Handler
                0x08001236        0x2 build/stm32f7xx_it.o
                0x08001236                UsageFault_Handler
 .text.DebugMon_Handler
                0x08001238        0x2 build/stm32f7xx_it.o
                0x08001238                DebugMon_Handler
 .text.SysTick_Handler
                0x0800123a        0x8 build/stm32f7xx_it.o
                0x0800123a                SysTick_Handler
 *fill*         0x08001242        0x2 
 .text.DMA1_Stream5_IRQHandler
                0x08001244       0x10 build/stm32f7xx_it.o
                0x08001244                DMA1_Stream5_IRQHandler
 .text.TIM2_IRQHandler
                0x08001254       0x10 build/stm32f7xx_it.o
                0x08001254                TIM2_IRQHandler
 .text.DMA2_Stream0_IRQHandler
                0x08001264       0x10 build/stm32f7xx_it.o
                0x08001264                DMA2_Stream0_IRQHandler
 .text.DMA2_Stream3_IRQHandler
                0x08001274       0x10 build/stm32f7xx_it.o
                0x08001274                DMA2_Stream3_IRQHandler
 .text.HAL_MspInit
                0x08001284       0x90 build/stm32f7xx_hal_msp.o
                0x08001284                HAL_MspInit
 .text.HAL_InitTick
                0x08001314       0x78 build/stm32f7xx_hal_timebase_TIM.o
                0x08001314                HAL_InitTick
 .text.ADC_Init
                0x0800138c      0x130 build/stm32f7xx_hal_adc.o
 .text.HAL_ADC_Init
                0x080014bc       0x54 build/stm32f7xx_hal_adc.o
                0x080014bc                HAL_ADC_Init
 .text.HAL_ADC_ConfigChannel
                0x08001510      0x1ac build/stm32f7xx_hal_adc.o
                0x08001510                HAL_ADC_ConfigChannel
 .text.HAL_NVIC_SetPriorityGrouping
                0x080016bc       0x24 build/stm32f7xx_hal_cortex.o
                0x080016bc                HAL_NVIC_SetPriorityGrouping
 .text.HAL_NVIC_SetPriority
                0x080016e0       0x64 build/stm32f7xx_hal_cortex.o
                0x080016e0                HAL_NVIC_SetPriority
 .text.HAL_NVIC_EnableIRQ
                0x08001744       0x18 build/stm32f7xx_hal_cortex.o
                0x08001744                HAL_NVIC_EnableIRQ
 .text.HAL_SYSTICK_Config
                0x0800175c       0x2c build/stm32f7xx_hal_cortex.o
                0x0800175c                HAL_SYSTICK_Config
 .text.HAL_SYSTICK_CLKSourceConfig
                0x08001788       0x20 build/stm32f7xx_hal_cortex.o
                0x08001788                HAL_SYSTICK_CLKSourceConfig
 .text.HAL_DAC_Init
                0x080017a8       0x24 build/stm32f7xx_hal_dac.o
                0x080017a8                HAL_DAC_Init
 .text.HAL_DAC_ConfigChannel
                0x080017cc       0x4a build/stm32f7xx_hal_dac.o
                0x080017cc                HAL_DAC_ConfigChannel
 *fill*         0x08001816        0x2 
 .text.HAL_I2C_Init
                0x08001818       0xbc build/stm32f7xx_hal_i2c.o
                0x08001818                HAL_I2C_Init
 .text.HAL_I2CEx_ConfigAnalogFilter
                0x080018d4       0x5c build/stm32f7xx_hal_i2c_ex.o
                0x080018d4                HAL_I2CEx_ConfigAnalogFilter
 .text.HAL_I2CEx_ConfigDigitalFilter
                0x08001930       0x58 build/stm32f7xx_hal_i2c_ex.o
                0x08001930                HAL_I2CEx_ConfigDigitalFilter
 .text.RTC_EnterInitMode
                0x08001988       0x3c build/stm32f7xx_hal_rtc.o
                0x08001988                RTC_EnterInitMode
 .text.HAL_RTC_Init
                0x080019c4       0xa4 build/stm32f7xx_hal_rtc.o
                0x080019c4                HAL_RTC_Init
 .text.SDMMC_GetCmdError
                0x08001a68       0x3c build/stm32f7xx_ll_sdmmc.o
 .text.SDMMC_GetCmdResp2
                0x08001aa4       0x5c build/stm32f7xx_ll_sdmmc.o
 .text.SDMMC_GetCmdResp3
                0x08001b00       0x4c build/stm32f7xx_ll_sdmmc.o
 .text.SDMMC_Init
                0x08001b4c       0x38 build/stm32f7xx_ll_sdmmc.o
                0x08001b4c                SDMMC_Init
 .text.SDMMC_PowerState_ON
                0x08001b84        0x8 build/stm32f7xx_ll_sdmmc.o
                0x08001b84                SDMMC_PowerState_ON
 .text.SDMMC_GetPowerState
                0x08001b8c        0x8 build/stm32f7xx_ll_sdmmc.o
                0x08001b8c                SDMMC_GetPowerState
 .text.SDMMC_SendCommand
                0x08001b94       0x24 build/stm32f7xx_ll_sdmmc.o
                0x08001b94                SDMMC_SendCommand
 .text.SDMMC_GetCommandResponse
                0x08001bb8        0x6 build/stm32f7xx_ll_sdmmc.o
                0x08001bb8                SDMMC_GetCommandResponse
 .text.SDMMC_GetResponse
                0x08001bbe       0x14 build/stm32f7xx_ll_sdmmc.o
                0x08001bbe                SDMMC_GetResponse
 *fill*         0x08001bd2        0x2 
 .text.SDMMC_GetCmdResp1
                0x08001bd4      0x154 build/stm32f7xx_ll_sdmmc.o
 .text.SDMMC_GetCmdResp6
                0x08001d28       0xa0 build/stm32f7xx_ll_sdmmc.o
 .text.SDMMC_CmdSelDesel
                0x08001dc8       0x30 build/stm32f7xx_ll_sdmmc.o
                0x08001dc8                SDMMC_CmdSelDesel
 .text.SDMMC_CmdGoIdleState
                0x08001df8       0x26 build/stm32f7xx_ll_sdmmc.o
                0x08001df8                SDMMC_CmdGoIdleState
 .text.SDMMC_CmdSendCID
                0x08001e1e       0x2a build/stm32f7xx_ll_sdmmc.o
                0x08001e1e                SDMMC_CmdSendCID
 .text.SDMMC_CmdSendCSD
                0x08001e48       0x2a build/stm32f7xx_ll_sdmmc.o
                0x08001e48                SDMMC_CmdSendCSD
 .text.SDMMC_CmdSetRelAdd
                0x08001e72       0x30 build/stm32f7xx_ll_sdmmc.o
                0x08001e72                SDMMC_CmdSetRelAdd
 .text.SDMMC_CmdSendStatus
                0x08001ea2       0x30 build/stm32f7xx_ll_sdmmc.o
                0x08001ea2                SDMMC_CmdSendStatus
 .text.SDMMC_CmdOpCondition
                0x08001ed2       0x2a build/stm32f7xx_ll_sdmmc.o
                0x08001ed2                SDMMC_CmdOpCondition
 .text.SDMMC_CmdSwitch
                0x08001efc       0x30 build/stm32f7xx_ll_sdmmc.o
                0x08001efc                SDMMC_CmdSwitch
 .text.MMC_PowerON
                0x08001f2c       0x6c build/stm32f7xx_hal_mmc.o
 .text.HAL_MMC_GetCardCSD
                0x08001f98      0x184 build/stm32f7xx_hal_mmc.o
                0x08001f98                HAL_MMC_GetCardCSD
 .text.MMC_InitCard
                0x0800211c       0xe0 build/stm32f7xx_hal_mmc.o
 .text.HAL_MMC_InitCard
                0x080021fc       0x80 build/stm32f7xx_hal_mmc.o
                0x080021fc                HAL_MMC_InitCard
 .text.HAL_MMC_Init
                0x0800227c       0x32 build/stm32f7xx_hal_mmc.o
                0x0800227c                HAL_MMC_Init
 *fill*         0x080022ae        0x2 
 .text.HAL_MMC_ConfigWideBusOperation
                0x080022b0      0x174 build/stm32f7xx_hal_mmc.o
                0x080022b0                HAL_MMC_ConfigWideBusOperation
 .text.HAL_SPI_Init
                0x08002424       0xba build/stm32f7xx_hal_spi.o
                0x08002424                HAL_SPI_Init
 .text.TIM_TI1_ConfigInputStage
                0x080024de       0x26 build/stm32f7xx_hal_tim.o
 .text.TIM_TI2_SetConfig
                0x08002504       0x34 build/stm32f7xx_hal_tim.o
 .text.TIM_TI2_ConfigInputStage
                0x08002538       0x28 build/stm32f7xx_hal_tim.o
 .text.TIM_TI3_SetConfig
                0x08002560       0x32 build/stm32f7xx_hal_tim.o
 .text.TIM_TI4_SetConfig
                0x08002592       0x34 build/stm32f7xx_hal_tim.o
 .text.TIM_ITRx_SetConfig
                0x080025c6       0x10 build/stm32f7xx_hal_tim.o
 .text.HAL_TIM_Base_Start_IT
                0x080025d6       0x18 build/stm32f7xx_hal_tim.o
                0x080025d6                HAL_TIM_Base_Start_IT
 .text.HAL_TIM_PWM_MspInit
                0x080025ee        0x2 build/stm32f7xx_hal_tim.o
                0x080025ee                HAL_TIM_PWM_MspInit
 .text.HAL_TIM_IC_MspInit
                0x080025f0        0x2 build/stm32f7xx_hal_tim.o
                0x080025f0                HAL_TIM_IC_MspInit
 .text.HAL_TIM_OC_DelayElapsedCallback
                0x080025f2        0x2 build/stm32f7xx_hal_tim.o
                0x080025f2                HAL_TIM_OC_DelayElapsedCallback
 .text.HAL_TIM_IC_CaptureCallback
                0x080025f4        0x2 build/stm32f7xx_hal_tim.o
                0x080025f4                HAL_TIM_IC_CaptureCallback
 .text.HAL_TIM_PWM_PulseFinishedCallback
                0x080025f6        0x2 build/stm32f7xx_hal_tim.o
                0x080025f6                HAL_TIM_PWM_PulseFinishedCallback
 .text.HAL_TIM_TriggerCallback
                0x080025f8        0x2 build/stm32f7xx_hal_tim.o
                0x080025f8                HAL_TIM_TriggerCallback
 .text.HAL_TIM_IRQHandler
                0x080025fa      0x19a build/stm32f7xx_hal_tim.o
                0x080025fa                HAL_TIM_IRQHandler
 .text.TIM_Base_SetConfig
                0x08002794      0x10c build/stm32f7xx_hal_tim.o
                0x08002794                TIM_Base_SetConfig
 .text.HAL_TIM_Base_Init
                0x080028a0       0x32 build/stm32f7xx_hal_tim.o
                0x080028a0                HAL_TIM_Base_Init
 .text.HAL_TIM_PWM_Init
                0x080028d2       0x32 build/stm32f7xx_hal_tim.o
                0x080028d2                HAL_TIM_PWM_Init
 .text.HAL_TIM_IC_Init
                0x08002904       0x32 build/stm32f7xx_hal_tim.o
                0x08002904                HAL_TIM_IC_Init
 *fill*         0x08002936        0x2 
 .text.TIM_OC1_SetConfig
                0x08002938       0x60 build/stm32f7xx_hal_tim.o
                0x08002938                TIM_OC1_SetConfig
 .text.TIM_OC2_SetConfig
                0x08002998       0x68 build/stm32f7xx_hal_tim.o
                0x08002998                TIM_OC2_SetConfig
 .text.TIM_OC3_SetConfig
                0x08002a00       0x68 build/stm32f7xx_hal_tim.o
                0x08002a00                TIM_OC3_SetConfig
 .text.TIM_OC4_SetConfig
                0x08002a68       0x54 build/stm32f7xx_hal_tim.o
                0x08002a68                TIM_OC4_SetConfig
 .text.TIM_TI1_SetConfig
                0x08002abc       0x90 build/stm32f7xx_hal_tim.o
                0x08002abc                TIM_TI1_SetConfig
 .text.HAL_TIM_IC_ConfigChannel
                0x08002b4c       0xc0 build/stm32f7xx_hal_tim.o
                0x08002b4c                HAL_TIM_IC_ConfigChannel
 .text.TIM_ETR_SetConfig
                0x08002c0c       0x18 build/stm32f7xx_hal_tim.o
                0x08002c0c                TIM_ETR_SetConfig
 .text.HAL_TIM_ConfigClockSource
                0x08002c24      0x114 build/stm32f7xx_hal_tim.o
                0x08002c24                HAL_TIM_ConfigClockSource
 .text.HAL_TIM_SlaveConfigSynchronization
                0x08002d38       0xa0 build/stm32f7xx_hal_tim.o
                0x08002d38                HAL_TIM_SlaveConfigSynchronization
 .text.TIM_OC5_SetConfig
                0x08002dd8       0x54 build/stm32f7xx_hal_tim_ex.o
 .text.TIM_OC6_SetConfig
                0x08002e2c       0x54 build/stm32f7xx_hal_tim_ex.o
 .text.HAL_TIMEx_MasterConfigSynchronization
                0x08002e80       0x58 build/stm32f7xx_hal_tim_ex.o
                0x08002e80                HAL_TIMEx_MasterConfigSynchronization
 .text.HAL_TIMEx_CommutationCallback
                0x08002ed8        0x2 build/stm32f7xx_hal_tim_ex.o
                0x08002ed8                HAL_TIMEx_CommutationCallback
 .text.HAL_TIMEx_BreakCallback
                0x08002eda        0x2 build/stm32f7xx_hal_tim_ex.o
                0x08002eda                HAL_TIMEx_BreakCallback
 .text.HAL_TIM_PWM_ConfigChannel
                0x08002edc      0x134 build/stm32f7xx_hal_tim_ex.o
                0x08002edc                HAL_TIM_PWM_ConfigChannel
 .text.UART_WaitOnFlagUntilTimeout
                0x08003010       0x62 build/stm32f7xx_hal_uart.o
                0x08003010                UART_WaitOnFlagUntilTimeout
 *fill*         0x08003072        0x2 
 .text.UART_SetConfig
                0x08003074      0x35c build/stm32f7xx_hal_uart.o
                0x08003074                UART_SetConfig
 .text.UART_AdvFeatureConfig
                0x080033d0       0xca build/stm32f7xx_hal_uart.o
                0x080033d0                UART_AdvFeatureConfig
 .text.UART_CheckIdleState
                0x0800349a       0x48 build/stm32f7xx_hal_uart.o
                0x0800349a                UART_CheckIdleState
 .text.HAL_UART_Init
                0x080034e2       0x66 build/stm32f7xx_hal_uart.o
                0x080034e2                HAL_UART_Init
 .text.HAL_RCC_OscConfig
                0x08003548      0x3d4 build/stm32f7xx_hal_rcc.o
                0x08003548                HAL_RCC_OscConfig
 .text.HAL_RCC_GetSysClockFreq
                0x0800391c       0xa8 build/stm32f7xx_hal_rcc.o
                0x0800391c                HAL_RCC_GetSysClockFreq
 .text.HAL_RCC_ClockConfig
                0x080039c4      0x164 build/stm32f7xx_hal_rcc.o
                0x080039c4                HAL_RCC_ClockConfig
 .text.HAL_RCC_GetHCLKFreq
                0x08003b28        0xc build/stm32f7xx_hal_rcc.o
                0x08003b28                HAL_RCC_GetHCLKFreq
 .text.HAL_RCC_GetPCLK1Freq
                0x08003b34       0x20 build/stm32f7xx_hal_rcc.o
                0x08003b34                HAL_RCC_GetPCLK1Freq
 .text.HAL_RCC_GetPCLK2Freq
                0x08003b54       0x20 build/stm32f7xx_hal_rcc.o
                0x08003b54                HAL_RCC_GetPCLK2Freq
 .text.HAL_RCC_GetClockConfig
                0x08003b74       0x3c build/stm32f7xx_hal_rcc.o
                0x08003b74                HAL_RCC_GetClockConfig
 .text.HAL_RCCEx_PeriphCLKConfig
                0x08003bb0      0x5ac build/stm32f7xx_hal_rcc_ex.o
                0x08003bb0                HAL_RCCEx_PeriphCLKConfig
 .text.HAL_GPIO_Init
                0x0800415c      0x1e0 build/stm32f7xx_hal_gpio.o
                0x0800415c                HAL_GPIO_Init
 .text.HAL_GPIO_WritePin
                0x0800433c        0xc build/stm32f7xx_hal_gpio.o
                0x0800433c                HAL_GPIO_WritePin
 .text.DMA_CalcBaseAndBitshift
                0x08004348       0x38 build/stm32f7xx_hal_dma.o
 .text.DMA_CheckFifoParam
                0x08004380       0x8e build/stm32f7xx_hal_dma.o
 *fill*         0x0800440e        0x2 
 .text.HAL_DMA_Init
                0x08004410       0xcc build/stm32f7xx_hal_dma.o
                0x08004410                HAL_DMA_Init
 .text.HAL_DMA_IRQHandler
                0x080044dc      0x1dc build/stm32f7xx_hal_dma.o
                0x080044dc                HAL_DMA_IRQHandler
 .text.HAL_Init
                0x080046b8       0x16 build/stm32f7xx_hal.o
                0x080046b8                HAL_Init
 *fill*         0x080046ce        0x2 
 .text.HAL_IncTick
                0x080046d0       0x18 build/stm32f7xx_hal.o
                0x080046d0                HAL_IncTick
 .text.HAL_GetTick
                0x080046e8        0xc build/stm32f7xx_hal.o
                0x080046e8                HAL_GetTick
 .text.HAL_Delay
                0x080046f4       0x28 build/stm32f7xx_hal.o
                0x080046f4                HAL_Delay
 .text.SystemInit
                0x0800471c       0x50 build/system_stm32f7xx.o
                0x0800471c                SystemInit
 .text.prvHeapInit
                0x0800476c       0x64 build/heap_4.o
 .text.prvInsertBlockIntoFreeList
                0x080047d0       0x58 build/heap_4.o
 .text.pvPortMalloc
                0x08004828      0x114 build/heap_4.o
                0x08004828                pvPortMalloc
 .text.vPortFree
                0x0800493c       0x78 build/heap_4.o
                0x0800493c                vPortFree
 .text.prvTaskExitError
                0x080049b4       0x3c build/port.o
 .text.prvPortStartFirstTask
                0x080049f0       0x20 build/port.o
 .text.vPortEnableVFP
                0x08004a10       0x14 build/port.o
 .text.pxPortInitialiseStack
                0x08004a24       0x2c build/port.o
                0x08004a24                pxPortInitialiseStack
 .text.SVC_Handler
                0x08004a50       0x24 build/port.o
                0x08004a50                SVC_Handler
 .text.vPortEnterCritical
                0x08004a74       0x4c build/port.o
                0x08004a74                vPortEnterCritical
 .text.vPortExitCritical
                0x08004ac0       0x30 build/port.o
                0x08004ac0                vPortExitCritical
 .text.PendSV_Handler
                0x08004af0       0x64 build/port.o
                0x08004af0                PendSV_Handler
 .text.xPortSysTickHandler
                0x08004b54       0x30 build/port.o
                0x08004b54                xPortSysTickHandler
 .text.vPortSetupTimerInterrupt
                0x08004b84       0x2c build/port.o
                0x08004b84                vPortSetupTimerInterrupt
 .text.xPortStartScheduler
                0x08004bb0       0xa8 build/port.o
                0x08004bb0                xPortStartScheduler
 .text.vListInitialise
                0x08004c58       0x16 build/list.o
                0x08004c58                vListInitialise
 .text.vListInitialiseItem
                0x08004c6e        0x6 build/list.o
                0x08004c6e                vListInitialiseItem
 .text.vListInsertEnd
                0x08004c74       0x18 build/list.o
                0x08004c74                vListInsertEnd
 .text.vListInsert
                0x08004c8c       0x34 build/list.o
                0x08004c8c                vListInsert
 .text.uxListRemove
                0x08004cc0       0x26 build/list.o
                0x08004cc0                uxListRemove
 *fill*         0x08004ce6        0x2 
 .text.prvResetNextTaskUnblockTime
                0x08004ce8       0x2c build/tasks.o
 .text.prvDeleteTCB
                0x08004d14       0x12 build/tasks.o
 .text.prvInitialiseNewTask
                0x08004d26       0x80 build/tasks.o
 *fill*         0x08004da6        0x2 
 .text.prvInitialiseTaskLists
                0x08004da8       0x68 build/tasks.o
 .text.prvAddNewTaskToReadyList
                0x08004e10       0xa8 build/tasks.o
 .text.prvAddCurrentTaskToDelayedList
                0x08004eb8       0xa0 build/tasks.o
 .text.xTaskCreate
                0x08004f58       0x62 build/tasks.o
                0x08004f58                xTaskCreate
 *fill*         0x08004fba        0x2 
 .text.vTaskStartScheduler
                0x08004fbc       0x84 build/tasks.o
                0x08004fbc                vTaskStartScheduler
 .text.vTaskSuspendAll
                0x08005040       0x10 build/tasks.o
                0x08005040                vTaskSuspendAll
 .text.xTaskIncrementTick
                0x08005050      0x11c build/tasks.o
                0x08005050                xTaskIncrementTick
 .text.xTaskResumeAll
                0x0800516c       0xf8 build/tasks.o
                0x0800516c                xTaskResumeAll
 .text.vTaskDelay
                0x08005264       0x50 build/tasks.o
                0x08005264                vTaskDelay
 .text.prvCheckTasksWaitingTermination
                0x080052b4       0x5c build/tasks.o
 .text.prvIdleTask
                0x08005310       0x28 build/tasks.o
 .text.vTaskSwitchContext
                0x08005338       0x9c build/tasks.o
                0x08005338                vTaskSwitchContext
 .text.xTaskGetSchedulerState
                0x080053d4       0x20 build/tasks.o
                0x080053d4                xTaskGetSchedulerState
 .text.makeFreeRtosPriority
                0x080053f4        0xc build/cmsis_os.o
 .text.osKernelStart
                0x08005400        0xa build/cmsis_os.o
                0x08005400                osKernelStart
 .text.osThreadCreate
                0x0800540a       0x34 build/cmsis_os.o
                0x0800540a                osThreadCreate
 .text.osDelay  0x0800543e       0x12 build/cmsis_os.o
                0x0800543e                osDelay
 .text.osSystickHandler
                0x08005450       0x10 build/cmsis_os.o
                0x08005450                osSystickHandler
 .text.Reset_Handler
                0x08005460       0x50 build/startup_stm32f746xx.o
                0x08005460                Reset_Handler
 .text.Default_Handler
                0x080054b0        0x2 build/startup_stm32f746xx.o
                0x080054b0                RTC_Alarm_IRQHandler
                0x080054b0                EXTI2_IRQHandler
                0x080054b0                TIM8_CC_IRQHandler
                0x080054b0                UART8_IRQHandler
                0x080054b0                SPI4_IRQHandler
                0x080054b0                TIM1_CC_IRQHandler
                0x080054b0                DMA2_Stream5_IRQHandler
                0x080054b0                PVD_IRQHandler
                0x080054b0                TAMP_STAMP_IRQHandler
                0x080054b0                CAN2_RX1_IRQHandler
                0x080054b0                EXTI3_IRQHandler
                0x080054b0                TIM8_TRG_COM_TIM14_IRQHandler
                0x080054b0                TIM1_UP_TIM10_IRQHandler
                0x080054b0                TIM8_UP_TIM13_IRQHandler
                0x080054b0                I2C3_ER_IRQHandler
                0x080054b0                EXTI0_IRQHandler
                0x080054b0                I2C2_EV_IRQHandler
                0x080054b0                DMA1_Stream2_IRQHandler
                0x080054b0                CAN1_RX0_IRQHandler
                0x080054b0                FPU_IRQHandler
                0x080054b0                OTG_HS_WKUP_IRQHandler
                0x080054b0                LTDC_ER_IRQHandler
                0x080054b0                CAN2_SCE_IRQHandler
                0x080054b0                DMA2_Stream2_IRQHandler
                0x080054b0                SPI1_IRQHandler
                0x080054b0                TIM6_DAC_IRQHandler
                0x080054b0                TIM1_BRK_TIM9_IRQHandler
                0x080054b0                DCMI_IRQHandler
                0x080054b0                CAN2_RX0_IRQHandler
                0x080054b0                SAI2_IRQHandler
                0x080054b0                USART6_IRQHandler
                0x080054b0                USART3_IRQHandler
                0x080054b0                CAN1_RX1_IRQHandler
                0x080054b0                UART5_IRQHandler
                0x080054b0                TIM4_IRQHandler
                0x080054b0                QUADSPI_IRQHandler
                0x080054b0                I2C1_EV_IRQHandler
                0x080054b0                DMA1_Stream6_IRQHandler
                0x080054b0                DMA1_Stream1_IRQHandler
                0x080054b0                UART4_IRQHandler
                0x080054b0                TIM3_IRQHandler
                0x080054b0                RCC_IRQHandler
                0x080054b0                TIM8_BRK_TIM12_IRQHandler
                0x080054b0                Default_Handler
                0x080054b0                CEC_IRQHandler
                0x080054b0                EXTI15_10_IRQHandler
                0x080054b0                ADC_IRQHandler
                0x080054b0                DMA1_Stream7_IRQHandler
                0x080054b0                SPI5_IRQHandler
                0x080054b0                TIM7_IRQHandler
                0x080054b0                SDMMC1_IRQHandler
                0x080054b0                CAN2_TX_IRQHandler
                0x080054b0                TIM5_IRQHandler
                0x080054b0                DMA2_Stream7_IRQHandler
                0x080054b0                I2C3_EV_IRQHandler
                0x080054b0                EXTI9_5_IRQHandler
                0x080054b0                RTC_WKUP_IRQHandler
                0x080054b0                LTDC_IRQHandler
                0x080054b0                ETH_WKUP_IRQHandler
                0x080054b0                SPDIF_RX_IRQHandler
                0x080054b0                SPI2_IRQHandler
                0x080054b0                OTG_HS_EP1_IN_IRQHandler
                0x080054b0                DMA1_Stream0_IRQHandler
                0x080054b0                CAN1_TX_IRQHandler
                0x080054b0                EXTI4_IRQHandler
                0x080054b0                RNG_IRQHandler
                0x080054b0                ETH_IRQHandler
                0x080054b0                OTG_HS_EP1_OUT_IRQHandler
                0x080054b0                WWDG_IRQHandler
                0x080054b0                SPI6_IRQHandler
                0x080054b0                I2C4_EV_IRQHandler
                0x080054b0                OTG_FS_WKUP_IRQHandler
                0x080054b0                TIM1_TRG_COM_TIM11_IRQHandler
                0x080054b0                OTG_HS_IRQHandler
                0x080054b0                DMA2D_IRQHandler
                0x080054b0                EXTI1_IRQHandler
                0x080054b0                UART7_IRQHandler
                0x080054b0                USART2_IRQHandler
                0x080054b0                I2C2_ER_IRQHandler
                0x080054b0                DMA2_Stream1_IRQHandler
                0x080054b0                CAN1_SCE_IRQHandler
                0x080054b0                FLASH_IRQHandler
                0x080054b0                DMA2_Stream4_IRQHandler
                0x080054b0                USART1_IRQHandler
                0x080054b0                OTG_FS_IRQHandler
                0x080054b0                SPI3_IRQHandler
                0x080054b0                DMA1_Stream4_IRQHandler
                0x080054b0                I2C1_ER_IRQHandler
                0x080054b0                FMC_IRQHandler
                0x080054b0                LPTIM1_IRQHandler
                0x080054b0                I2C4_ER_IRQHandler
                0x080054b0                DMA2_Stream6_IRQHandler
                0x080054b0                SAI1_IRQHandler
                0x080054b0                DMA1_Stream3_IRQHandler
 *fill*         0x080054b2        0x2 
 .text.__libc_init_array
                0x080054b4       0x48 c:/program files (x86)/gnu tools arm embedded/7 2018-q2-update/bin/../lib/gcc/arm-none-eabi/7.3.1/../../../../arm-none-eabi/lib/thumb/v7e-m/fpv4-sp/hard\libc_nano.a(lib_a-init.o)
                0x080054b4                __libc_init_array
 *(.glue_7)
 .glue_7        0x080054fc        0x0 linker stubs
 *(.glue_7t)
 .glue_7t       0x080054fc        0x0 linker stubs
 *(.eh_frame)
 .eh_frame      0x080054fc        0x0 c:/program files (x86)/gnu tools arm embedded/7 2018-q2-update/bin/../lib/gcc/arm-none-eabi/7.3.1/thumb/v7e-m/fpv4-sp/hard/crtbegin.o
 *(.init)
 .init          0x080054fc        0x4 c:/program files (x86)/gnu tools arm embedded/7 2018-q2-update/bin/../lib/gcc/arm-none-eabi/7.3.1/thumb/v7e-m/fpv4-sp/hard/crti.o
                0x080054fc                _init
 .init          0x08005500        0x8 c:/program files (x86)/gnu tools arm embedded/7 2018-q2-update/bin/../lib/gcc/arm-none-eabi/7.3.1/thumb/v7e-m/fpv4-sp/hard/crtn.o
 *(.fini)
 .fini          0x08005508        0x4 c:/program files (x86)/gnu tools arm embedded/7 2018-q2-update/bin/../lib/gcc/arm-none-eabi/7.3.1/thumb/v7e-m/fpv4-sp/hard/crti.o
                0x08005508                _fini
 .fini          0x0800550c        0x8 c:/program files (x86)/gnu tools arm embedded/7 2018-q2-update/bin/../lib/gcc/arm-none-eabi/7.3.1/thumb/v7e-m/fpv4-sp/hard/crtn.o
                0x08005514                . = ALIGN (0x4)
                0x08005514                _etext = .

.vfp11_veneer   0x08005514        0x0
 .vfp11_veneer  0x08005514        0x0 linker stubs

.v4_bx          0x08005514        0x0
 .v4_bx         0x08005514        0x0 linker stubs

.iplt           0x08005514        0x0
 .iplt          0x08005514        0x0 c:/program files (x86)/gnu tools arm embedded/7 2018-q2-update/bin/../lib/gcc/arm-none-eabi/7.3.1/thumb/v7e-m/fpv4-sp/hard/crtbegin.o

.rodata         0x08005514       0xd8
                0x08005514                . = ALIGN (0x4)
 *(.rodata)
 .rodata        0x08005514       0x28 build/freertos.o
 *(.rodata*)
 .rodata.SystemClock_Config.str1.4
                0x0800553c        0xb build/main.o
 *fill*         0x08005547        0x1 
 .rodata.MX_ADC1_Init.str1.4
                0x08005548        0xa build/adc.o
 *fill*         0x08005552        0x2 
 .rodata.MX_DAC_Init.str1.4
                0x08005554        0xa build/dac.o
 *fill*         0x0800555e        0x2 
 .rodata.str1.4
                0x08005560       0x1c build/freertos.o
 .rodata.MX_I2C2_Init.str1.4
                0x0800557c        0xa build/i2c.o
 *fill*         0x08005586        0x2 
 .rodata.MX_RTC_Init.str1.4
                0x08005588        0xa build/rtc.o
 *fill*         0x08005592        0x2 
 .rodata.MX_SDMMC1_MMC_Init.str1.4
                0x08005594        0xc build/sdmmc.o
 .rodata.MX_SPI1_Init.str1.4
                0x080055a0        0xa build/spi.o
 *fill*         0x080055aa        0x2 
 .rodata.MX_TIM1_Init.str1.4
                0x080055ac        0xa build/tim.o
 *fill*         0x080055b6        0x2 
 .rodata.MX_USART6_UART_Init.str1.4
                0x080055b8        0xc build/usart.o
 .rodata.flagBitshiftOffset.10515
                0x080055c4        0x8 build/stm32f7xx_hal_dma.o
 .rodata.AHBPrescTable
                0x080055cc       0x10 build/system_stm32f7xx.o
                0x080055cc                AHBPrescTable
 .rodata.APBPrescTable
                0x080055dc        0x8 build/system_stm32f7xx.o
                0x080055dc                APBPrescTable
 .rodata.vTaskStartScheduler.str1.4
                0x080055e4        0x8 build/tasks.o
                                  0x5 (size before relaxing)
                0x080055ec                . = ALIGN (0x4)

.ARM.extab
 *(.ARM.extab* .gnu.linkonce.armextab.*)

.ARM            0x080055ec        0x8
                0x080055ec                __exidx_start = .
 *(.ARM.exidx*)
 .ARM.exidx     0x080055ec        0x8 c:/program files (x86)/gnu tools arm embedded/7 2018-q2-update/bin/../lib/gcc/arm-none-eabi/7.3.1/thumb/v7e-m/fpv4-sp/hard\libgcc.a(_udivmoddi4.o)
                0x080055f4                __exidx_end = .

.rel.dyn        0x080055f4        0x0
 .rel.iplt      0x080055f4        0x0 c:/program files (x86)/gnu tools arm embedded/7 2018-q2-update/bin/../lib/gcc/arm-none-eabi/7.3.1/thumb/v7e-m/fpv4-sp/hard/crtbegin.o

.preinit_array  0x080055f4        0x0
                0x080055f4                PROVIDE (__preinit_array_start = .)
 *(.preinit_array*)
                0x080055f4                PROVIDE (__preinit_array_end = .)

.init_array     0x080055f4        0x4
                0x080055f4                PROVIDE (__init_array_start = .)
 *(SORT_BY_NAME(.init_array.*))
 *(.init_array*)
 .init_array    0x080055f4        0x4 c:/program files (x86)/gnu tools arm embedded/7 2018-q2-update/bin/../lib/gcc/arm-none-eabi/7.3.1/thumb/v7e-m/fpv4-sp/hard/crtbegin.o
                0x080055f8                PROVIDE (__init_array_end = .)

.fini_array     0x080055f8        0x4
                [!provide]                PROVIDE (__fini_array_start = .)
 *(SORT_BY_NAME(.fini_array.*))
 *(.fini_array*)
 .fini_array    0x080055f8        0x4 c:/program files (x86)/gnu tools arm embedded/7 2018-q2-update/bin/../lib/gcc/arm-none-eabi/7.3.1/thumb/v7e-m/fpv4-sp/hard/crtbegin.o
                [!provide]                PROVIDE (__fini_array_end = .)
                0x080055fc                _sidata = LOADADDR (.data)

.data           0x20000000        0xc load address 0x080055fc
                0x20000000                . = ALIGN (0x4)
                0x20000000                _sdata = .
 *(.data)
 *(.data*)
 .data.uwTickFreq
                0x20000000        0x1 build/stm32f7xx_hal.o
                0x20000000                uwTickFreq
 *fill*         0x20000001        0x3 
 .data.SystemCoreClock
                0x20000004        0x4 build/system_stm32f7xx.o
                0x20000004                SystemCoreClock
 .data.uxCriticalNesting
                0x20000008        0x4 build/port.o
                0x2000000c                . = ALIGN (0x4)
                0x2000000c                _edata = .

.igot.plt       0x2000000c        0x0 load address 0x08005608
 .igot.plt      0x2000000c        0x0 c:/program files (x86)/gnu tools arm embedded/7 2018-q2-update/bin/../lib/gcc/arm-none-eabi/7.3.1/thumb/v7e-m/fpv4-sp/hard/crtbegin.o
                0x2000000c                . = ALIGN (0x4)

.bss            0x2000000c     0x4264 load address 0x08005608
                0x2000000c                _sbss = .
                0x2000000c                __bss_start__ = _sbss
 *(.bss)
 .bss           0x2000000c       0x1c c:/program files (x86)/gnu tools arm embedded/7 2018-q2-update/bin/../lib/gcc/arm-none-eabi/7.3.1/thumb/v7e-m/fpv4-sp/hard/crtbegin.o
 *(.bss*)
 .bss.pxEnd     0x20000028        0x4 build/heap_4.o
 .bss.ucHeap    0x2000002c     0x3c00 build/heap_4.o
 .bss.xBlockAllocatedBit
                0x20003c2c        0x4 build/heap_4.o
 .bss.xFreeBytesRemaining
                0x20003c30        0x4 build/heap_4.o
 .bss.xMinimumEverFreeBytesRemaining
                0x20003c34        0x4 build/heap_4.o
 .bss.xStart    0x20003c38        0x8 build/heap_4.o
 .bss.ucMaxSysCallPriority
                0x20003c40        0x1 build/port.o
 *fill*         0x20003c41        0x3 
 .bss.ulMaxPRIGROUPValue
                0x20003c44        0x4 build/port.o
 .bss.pxCurrentTCB
                0x20003c48        0x4 build/tasks.o
                0x20003c48                pxCurrentTCB
 .bss.pxDelayedTaskList
                0x20003c4c        0x4 build/tasks.o
 .bss.pxOverflowDelayedTaskList
                0x20003c50        0x4 build/tasks.o
 .bss.pxReadyTasksLists
                0x20003c54       0x8c build/tasks.o
 .bss.uxCurrentNumberOfTasks
                0x20003ce0        0x4 build/tasks.o
 .bss.uxDeletedTasksWaitingCleanUp
                0x20003ce4        0x4 build/tasks.o
 .bss.uxPendedTicks
                0x20003ce8        0x4 build/tasks.o
 .bss.uxSchedulerSuspended
                0x20003cec        0x4 build/tasks.o
 .bss.uxTaskNumber
                0x20003cf0        0x4 build/tasks.o
 .bss.uxTopReadyPriority
                0x20003cf4        0x4 build/tasks.o
 .bss.xDelayedTaskList1
                0x20003cf8       0x14 build/tasks.o
 .bss.xDelayedTaskList2
                0x20003d0c       0x14 build/tasks.o
 .bss.xIdleTaskHandle
                0x20003d20        0x4 build/tasks.o
 .bss.xNextTaskUnblockTime
                0x20003d24        0x4 build/tasks.o
 .bss.xNumOfOverflows
                0x20003d28        0x4 build/tasks.o
 .bss.xPendingReadyList
                0x20003d2c       0x14 build/tasks.o
 .bss.xSchedulerRunning
                0x20003d40        0x4 build/tasks.o
 .bss.xSuspendedTaskList
                0x20003d44       0x14 build/tasks.o
 .bss.xTasksWaitingTermination
                0x20003d58       0x14 build/tasks.o
 .bss.xTickCount
                0x20003d6c        0x4 build/tasks.o
 .bss.xYieldPending
                0x20003d70        0x4 build/tasks.o
 *(COMMON)
 COMMON         0x20003d74      0x138 build/adc.o
                0x20003d74                hadc2
                0x20003dbc                hadc1
                0x20003e04                hadc3
                0x20003e4c                hdma_adc1
 COMMON         0x20003eac       0x74 build/dac.o
                0x20003eac                hdma_dac1
                0x20003f0c                hdac
 COMMON         0x20003f20        0x8 build/freertos.o
                0x20003f20                defaultTaskHandle
                0x20003f24                displayManagerHandle
 COMMON         0x20003f28       0x4c build/i2c.o
                0x20003f28                hi2c2
 COMMON         0x20003f74       0x20 build/rtc.o
                0x20003f74                hrtc
 COMMON         0x20003f94       0x80 build/sdmmc.o
                0x20003f94                hmmc1
 COMMON         0x20004014      0x128 build/spi.o
                0x20004014                hspi2
                0x20004078                hspi1
                0x200040dc                hdma_spi1_tx
 COMMON         0x2000413c       0x80 build/tim.o
                0x2000413c                htim4
                0x2000417c                htim1
 COMMON         0x200041bc       0x70 build/usart.o
                0x200041bc                huart6
 COMMON         0x2000422c       0x40 build/stm32f7xx_hal_timebase_TIM.o
                0x2000422c                htim2
 COMMON         0x2000426c        0x4 build/stm32f7xx_hal.o
                0x2000426c                uwTick
                0x20004270                . = ALIGN (0x4)
                0x20004270                _ebss = .
                0x20004270                __bss_end__ = _ebss

._user_heap_stack
                0x20004270      0x600 load address 0x08005608
                0x20004270                . = ALIGN (0x8)
                [!provide]                PROVIDE (end = .)
                [!provide]                PROVIDE (_end = .)
                0x20004470                . = (. + _Min_Heap_Size)
 *fill*         0x20004270      0x200 
                0x20004870                . = (. + _Min_Stack_Size)
 *fill*         0x20004470      0x400 
                0x20004870                . = ALIGN (0x8)

/DISCARD/
 libc.a(*)
 libm.a(*)
 libgcc.a(*)

.ARM.attributes
                0x00000000       0x30
 *(.ARM.attributes)
 .ARM.attributes
                0x00000000       0x22 c:/program files (x86)/gnu tools arm embedded/7 2018-q2-update/bin/../lib/gcc/arm-none-eabi/7.3.1/thumb/v7e-m/fpv4-sp/hard/crti.o
 .ARM.attributes
                0x00000022       0x34 c:/program files (x86)/gnu tools arm embedded/7 2018-q2-update/bin/../lib/gcc/arm-none-eabi/7.3.1/thumb/v7e-m/fpv4-sp/hard/crtbegin.o
 .ARM.attributes
                0x00000056       0x39 build/main.o
 .ARM.attributes
                0x0000008f       0x39 build/gpio.o
 .ARM.attributes
                0x000000c8       0x39 build/adc.o
 .ARM.attributes
                0x00000101       0x39 build/dac.o
 .ARM.attributes
                0x0000013a       0x39 build/dma.o
 .ARM.attributes
                0x00000173       0x39 build/freertos.o
 .ARM.attributes
                0x000001ac       0x39 build/i2c.o
 .ARM.attributes
                0x000001e5       0x39 build/rtc.o
 .ARM.attributes
                0x0000021e       0x39 build/sdmmc.o
 .ARM.attributes
                0x00000257       0x39 build/spi.o
 .ARM.attributes
                0x00000290       0x39 build/tim.o
 .ARM.attributes
                0x000002c9       0x39 build/usart.o
 .ARM.attributes
                0x00000302       0x39 build/usb_otg.o
 .ARM.attributes
                0x0000033b       0x39 build/stm32f7xx_it.o
 .ARM.attributes
                0x00000374       0x39 build/stm32f7xx_hal_msp.o
 .ARM.attributes
                0x000003ad       0x39 build/stm32f7xx_hal_timebase_TIM.o
 .ARM.attributes
                0x000003e6       0x39 build/stm32f7xx_hal_adc.o
 .ARM.attributes
                0x0000041f       0x39 build/stm32f7xx_hal_cortex.o
 .ARM.attributes
                0x00000458       0x39 build/stm32f7xx_hal_dac.o
 .ARM.attributes
                0x00000491       0x39 build/stm32f7xx_hal_i2c.o
 .ARM.attributes
                0x000004ca       0x39 build/stm32f7xx_hal_i2c_ex.o
 .ARM.attributes
                0x00000503       0x39 build/stm32f7xx_hal_rtc.o
 .ARM.attributes
                0x0000053c       0x39 build/stm32f7xx_ll_sdmmc.o
 .ARM.attributes
                0x00000575       0x39 build/stm32f7xx_hal_mmc.o
 .ARM.attributes
                0x000005ae       0x39 build/stm32f7xx_hal_spi.o
 .ARM.attributes
                0x000005e7       0x39 build/stm32f7xx_hal_tim.o
 .ARM.attributes
                0x00000620       0x39 build/stm32f7xx_hal_tim_ex.o
 .ARM.attributes
                0x00000659       0x39 build/stm32f7xx_hal_uart.o
 .ARM.attributes
                0x00000692       0x39 build/stm32f7xx_hal_rcc.o
 .ARM.attributes
                0x000006cb       0x39 build/stm32f7xx_hal_rcc_ex.o
 .ARM.attributes
                0x00000704       0x39 build/stm32f7xx_hal_gpio.o
 .ARM.attributes
                0x0000073d       0x39 build/stm32f7xx_hal_dma.o
 .ARM.attributes
                0x00000776       0x39 build/stm32f7xx_hal.o
 .ARM.attributes
                0x000007af       0x39 build/system_stm32f7xx.o
 .ARM.attributes
                0x000007e8       0x39 build/heap_4.o
 .ARM.attributes
                0x00000821       0x39 build/port.o
 .ARM.attributes
                0x0000085a       0x39 build/list.o
 .ARM.attributes
                0x00000893       0x39 build/tasks.o
 .ARM.attributes
                0x000008cc       0x39 build/cmsis_os.o
 .ARM.attributes
                0x00000905       0x21 build/startup_stm32f746xx.o
 .ARM.attributes
                0x00000926       0x34 c:/program files (x86)/gnu tools arm embedded/7 2018-q2-update/bin/../lib/gcc/arm-none-eabi/7.3.1/../../../../arm-none-eabi/lib/thumb/v7e-m/fpv4-sp/hard\libc_nano.a(lib_a-init.o)
 .ARM.attributes
                0x0000095a       0x22 c:/program files (x86)/gnu tools arm embedded/7 2018-q2-update/bin/../lib/gcc/arm-none-eabi/7.3.1/thumb/v7e-m/fpv4-sp/hard\libgcc.a(_aeabi_uldivmod.o)
 .ARM.attributes
                0x0000097c       0x34 c:/program files (x86)/gnu tools arm embedded/7 2018-q2-update/bin/../lib/gcc/arm-none-eabi/7.3.1/thumb/v7e-m/fpv4-sp/hard\libgcc.a(_udivmoddi4.o)
 .ARM.attributes
                0x000009b0       0x22 c:/program files (x86)/gnu tools arm embedded/7 2018-q2-update/bin/../lib/gcc/arm-none-eabi/7.3.1/thumb/v7e-m/fpv4-sp/hard\libgcc.a(_dvmd_tls.o)
 .ARM.attributes
                0x000009d2       0x22 c:/program files (x86)/gnu tools arm embedded/7 2018-q2-update/bin/../lib/gcc/arm-none-eabi/7.3.1/thumb/v7e-m/fpv4-sp/hard/crtn.o
OUTPUT(build/PSDR.elf elf32-littlearm)

.debug_info     0x00000000    0x3ca1a
 .debug_info    0x00000000     0x3146 build/main.o
 .debug_info    0x00003146     0x1026 build/gpio.o
 .debug_info    0x0000416c     0x17a6 build/adc.o
 .debug_info    0x00005912     0x1435 build/dac.o
 .debug_info    0x00006d47      0xfc5 build/dma.o
 .debug_info    0x00007d0c      0xc2a build/freertos.o
 .debug_info    0x00008936     0x14fa build/i2c.o
 .debug_info    0x00009e30     0x1189 build/rtc.o
 .debug_info    0x0000afb9     0x1575 build/sdmmc.o
 .debug_info    0x0000c52e     0x1567 build/spi.o
 .debug_info    0x0000da95     0x1968 build/tim.o
 .debug_info    0x0000f3fd     0x149f build/usart.o
 .debug_info    0x0001089c      0xa39 build/usb_otg.o
 .debug_info    0x000112d5     0x1130 build/stm32f7xx_it.o
 .debug_info    0x00012405     0x1016 build/stm32f7xx_hal_msp.o
 .debug_info    0x0001341b     0x166d build/stm32f7xx_hal_timebase_TIM.o
 .debug_info    0x00014a88     0x179e build/stm32f7xx_hal_adc.o
 .debug_info    0x00016226     0x1b74 build/stm32f7xx_hal_cortex.o
 .debug_info    0x00017d9a     0x14ab build/stm32f7xx_hal_dac.o
 .debug_info    0x00019245     0x3cc9 build/stm32f7xx_hal_i2c.o
 .debug_info    0x0001cf0e     0x1081 build/stm32f7xx_hal_i2c_ex.o
 .debug_info    0x0001df8f     0x18e2 build/stm32f7xx_hal_rtc.o
 .debug_info    0x0001f871     0x2058 build/stm32f7xx_ll_sdmmc.o
 .debug_info    0x000218c9     0x2934 build/stm32f7xx_hal_mmc.o
 .debug_info    0x000241fd     0x2883 build/stm32f7xx_hal_spi.o
 .debug_info    0x00026a80     0x3acb build/stm32f7xx_hal_tim.o
 .debug_info    0x0002a54b     0x215c build/stm32f7xx_hal_tim_ex.o
 .debug_info    0x0002c6a7     0x230f build/stm32f7xx_hal_uart.o
 .debug_info    0x0002e9b6     0x14d6 build/stm32f7xx_hal_rcc.o
 .debug_info    0x0002fe8c     0x1217 build/stm32f7xx_hal_rcc_ex.o
 .debug_info    0x000310a3     0x113f build/stm32f7xx_hal_gpio.o
 .debug_info    0x000321e2     0x13f0 build/stm32f7xx_hal_dma.o
 .debug_info    0x000335d2     0x1447 build/stm32f7xx_hal.o
 .debug_info    0x00034a19     0x10b2 build/system_stm32f7xx.o
 .debug_info    0x00035acb      0xd7b build/heap_4.o
 .debug_info    0x00036846      0x523 build/port.o
 .debug_info    0x00036d69      0xbdc build/list.o
 .debug_info    0x00037945     0x2b2c build/tasks.o
 .debug_info    0x0003a471     0x2587 build/cmsis_os.o
 .debug_info    0x0003c9f8       0x22 build/startup_stm32f746xx.o

.debug_abbrev   0x00000000     0x66ac
 .debug_abbrev  0x00000000      0x298 build/main.o
 .debug_abbrev  0x00000298      0x20d build/gpio.o
 .debug_abbrev  0x000004a5      0x280 build/adc.o
 .debug_abbrev  0x00000725      0x257 build/dac.o
 .debug_abbrev  0x0000097c      0x216 build/dma.o
 .debug_abbrev  0x00000b92      0x221 build/freertos.o
 .debug_abbrev  0x00000db3      0x23b build/i2c.o
 .debug_abbrev  0x00000fee      0x23b build/rtc.o
 .debug_abbrev  0x00001229      0x23b build/sdmmc.o
 .debug_abbrev  0x00001464      0x257 build/spi.o
 .debug_abbrev  0x000016bb      0x24c build/tim.o
 .debug_abbrev  0x00001907      0x23b build/usart.o
 .debug_abbrev  0x00001b42      0x192 build/usb_otg.o
 .debug_abbrev  0x00001cd4      0x203 build/stm32f7xx_it.o
 .debug_abbrev  0x00001ed7      0x216 build/stm32f7xx_hal_msp.o
 .debug_abbrev  0x000020ed      0x27b build/stm32f7xx_hal_timebase_TIM.o
 .debug_abbrev  0x00002368      0x2f1 build/stm32f7xx_hal_adc.o
 .debug_abbrev  0x00002659      0x3dc build/stm32f7xx_hal_cortex.o
 .debug_abbrev  0x00002a35      0x2f0 build/stm32f7xx_hal_dac.o
 .debug_abbrev  0x00002d25      0x33b build/stm32f7xx_hal_i2c.o
 .debug_abbrev  0x00003060      0x1f7 build/stm32f7xx_hal_i2c_ex.o
 .debug_abbrev  0x00003257      0x2e1 build/stm32f7xx_hal_rtc.o
 .debug_abbrev  0x00003538      0x2ce build/stm32f7xx_ll_sdmmc.o
 .debug_abbrev  0x00003806      0x30f build/stm32f7xx_hal_mmc.o
 .debug_abbrev  0x00003b15      0x30b build/stm32f7xx_hal_spi.o
 .debug_abbrev  0x00003e20      0x2e5 build/stm32f7xx_hal_tim.o
 .debug_abbrev  0x00004105      0x2f8 build/stm32f7xx_hal_tim_ex.o
 .debug_abbrev  0x000043fd      0x345 build/stm32f7xx_hal_uart.o
 .debug_abbrev  0x00004742      0x2fd build/stm32f7xx_hal_rcc.o
 .debug_abbrev  0x00004a3f      0x28f build/stm32f7xx_hal_rcc_ex.o
 .debug_abbrev  0x00004cce      0x2be build/stm32f7xx_hal_gpio.o
 .debug_abbrev  0x00004f8c      0x328 build/stm32f7xx_hal_dma.o
 .debug_abbrev  0x000052b4      0x2c7 build/stm32f7xx_hal.o
 .debug_abbrev  0x0000557b      0x1f3 build/system_stm32f7xx.o
 .debug_abbrev  0x0000576e      0x312 build/heap_4.o
 .debug_abbrev  0x00005a80      0x230 build/port.o
 .debug_abbrev  0x00005cb0      0x217 build/list.o
 .debug_abbrev  0x00005ec7      0x400 build/tasks.o
 .debug_abbrev  0x000062c7      0x3d3 build/cmsis_os.o
 .debug_abbrev  0x0000669a       0x12 build/startup_stm32f746xx.o

.debug_loc      0x00000000    0x19f48
 .debug_loc     0x00000000       0xc0 build/main.o
 .debug_loc     0x000000c0       0x39 build/gpio.o
 .debug_loc     0x000000f9      0x202 build/adc.o
 .debug_loc     0x000002fb       0xf2 build/dac.o
 .debug_loc     0x000003ed       0x38 build/dma.o
 .debug_loc     0x00000425       0xba build/freertos.o
 .debug_loc     0x000004df       0xd3 build/i2c.o
 .debug_loc     0x000005b2       0x20 build/rtc.o
 .debug_loc     0x000005d2       0xd3 build/sdmmc.o
 .debug_loc     0x000006a5      0x144 build/spi.o
 .debug_loc     0x000007e9      0x1d1 build/tim.o
 .debug_loc     0x000009ba       0xd3 build/usart.o
 .debug_loc     0x00000a8d       0xa0 build/stm32f7xx_it.o
 .debug_loc     0x00000b2d       0x38 build/stm32f7xx_hal_msp.o
 .debug_loc     0x00000b65       0xbd build/stm32f7xx_hal_timebase_TIM.o
 .debug_loc     0x00000c22      0xacf build/stm32f7xx_hal_adc.o
 .debug_loc     0x000016f1      0x650 build/stm32f7xx_hal_cortex.o
 .debug_loc     0x00001d41      0x940 build/stm32f7xx_hal_dac.o
 .debug_loc     0x00002681     0x4526 build/stm32f7xx_hal_i2c.o
 .debug_loc     0x00006ba7      0x134 build/stm32f7xx_hal_i2c_ex.o
 .debug_loc     0x00006cdb      0xd54 build/stm32f7xx_hal_rtc.o
 .debug_loc     0x00007a2f     0x1774 build/stm32f7xx_ll_sdmmc.o
 .debug_loc     0x000091a3     0x1dcc build/stm32f7xx_hal_mmc.o
 .debug_loc     0x0000af6f     0x21e5 build/stm32f7xx_hal_spi.o
 .debug_loc     0x0000d154     0x4145 build/stm32f7xx_hal_tim.o
 .debug_loc     0x00011299     0x1e55 build/stm32f7xx_hal_tim_ex.o
 .debug_loc     0x000130ee     0x1a1e build/stm32f7xx_hal_uart.o
 .debug_loc     0x00014b0c      0x63d build/stm32f7xx_hal_rcc.o
 .debug_loc     0x00015149      0x6e2 build/stm32f7xx_hal_rcc_ex.o
 .debug_loc     0x0001582b      0x531 build/stm32f7xx_hal_gpio.o
 .debug_loc     0x00015d5c      0xd0e build/stm32f7xx_hal_dma.o
 .debug_loc     0x00016a6a      0x19d build/stm32f7xx_hal.o
 .debug_loc     0x00016c07      0x16a build/system_stm32f7xx.o
 .debug_loc     0x00016d71      0x324 build/heap_4.o
 .debug_loc     0x00017095      0x128 build/port.o
 .debug_loc     0x000171bd       0x9c build/list.o
 .debug_loc     0x00017259     0x1702 build/tasks.o
 .debug_loc     0x0001895b     0x15ed build/cmsis_os.o

.debug_aranges  0x00000000     0x1b40
 .debug_aranges
                0x00000000       0x38 build/main.o
 .debug_aranges
                0x00000038       0x20 build/gpio.o
 .debug_aranges
                0x00000058       0x40 build/adc.o
 .debug_aranges
                0x00000098       0x30 build/dac.o
 .debug_aranges
                0x000000c8       0x20 build/dma.o
 .debug_aranges
                0x000000e8       0x30 build/freertos.o
 .debug_aranges
                0x00000118       0x30 build/i2c.o
 .debug_aranges
                0x00000148       0x30 build/rtc.o
 .debug_aranges
                0x00000178       0x30 build/sdmmc.o
 .debug_aranges
                0x000001a8       0x38 build/spi.o
 .debug_aranges
                0x000001e0       0x40 build/tim.o
 .debug_aranges
                0x00000220       0x30 build/usart.o
 .debug_aranges
                0x00000250       0x20 build/usb_otg.o
 .debug_aranges
                0x00000270       0x70 build/stm32f7xx_it.o
 .debug_aranges
                0x000002e0       0x20 build/stm32f7xx_hal_msp.o
 .debug_aranges
                0x00000300       0x30 build/stm32f7xx_hal_timebase_TIM.o
 .debug_aranges
                0x00000330       0xe8 build/stm32f7xx_hal_adc.o
 .debug_aranges
                0x00000418       0xa8 build/stm32f7xx_hal_cortex.o
 .debug_aranges
                0x000004c0       0xc0 build/stm32f7xx_hal_dac.o
 .debug_aranges
                0x00000580      0x260 build/stm32f7xx_hal_i2c.o
 .debug_aranges
                0x000007e0       0x28 build/stm32f7xx_hal_i2c_ex.o
 .debug_aranges
                0x00000808       0xb8 build/stm32f7xx_hal_rtc.o
 .debug_aranges
                0x000008c0      0x178 build/stm32f7xx_ll_sdmmc.o
 .debug_aranges
                0x00000a38      0x140 build/stm32f7xx_hal_mmc.o
 .debug_aranges
                0x00000b78      0x1d8 build/stm32f7xx_hal_spi.o
 .debug_aranges
                0x00000d50      0x368 build/stm32f7xx_hal_tim.o
 .debug_aranges
                0x000010b8      0x170 build/stm32f7xx_hal_tim_ex.o
 .debug_aranges
                0x00001228      0x190 build/stm32f7xx_hal_uart.o
 .debug_aranges
                0x000013b8       0x88 build/stm32f7xx_hal_rcc.o
 .debug_aranges
                0x00001440       0x50 build/stm32f7xx_hal_rcc_ex.o
 .debug_aranges
                0x00001490       0x58 build/stm32f7xx_hal_gpio.o
 .debug_aranges
                0x000014e8       0x90 build/stm32f7xx_hal_dma.o
 .debug_aranges
                0x00001578      0x100 build/stm32f7xx_hal.o
 .debug_aranges
                0x00001678       0x28 build/system_stm32f7xx.o
 .debug_aranges
                0x000016a0       0x50 build/heap_4.o
 .debug_aranges
                0x000016f0       0x80 build/port.o
 .debug_aranges
                0x00001770       0x40 build/list.o
 .debug_aranges
                0x000017b0      0x190 build/tasks.o
 .debug_aranges
                0x00001940      0x1d8 build/cmsis_os.o
 .debug_aranges
                0x00001b18       0x28 build/startup_stm32f746xx.o

.debug_ranges   0x00000000     0x19b8
 .debug_ranges  0x00000000       0x28 build/main.o
 .debug_ranges  0x00000028       0x10 build/gpio.o
 .debug_ranges  0x00000038       0x30 build/adc.o
 .debug_ranges  0x00000068       0x20 build/dac.o
 .debug_ranges  0x00000088       0x10 build/dma.o
 .debug_ranges  0x00000098       0x20 build/freertos.o
 .debug_ranges  0x000000b8       0x20 build/i2c.o
 .debug_ranges  0x000000d8       0x20 build/rtc.o
 .debug_ranges  0x000000f8       0x20 build/sdmmc.o
 .debug_ranges  0x00000118       0x28 build/spi.o
 .debug_ranges  0x00000140       0x30 build/tim.o
 .debug_ranges  0x00000170       0x20 build/usart.o
 .debug_ranges  0x00000190       0x10 build/usb_otg.o
 .debug_ranges  0x000001a0       0x60 build/stm32f7xx_it.o
 .debug_ranges  0x00000200       0x10 build/stm32f7xx_hal_msp.o
 .debug_ranges  0x00000210       0x20 build/stm32f7xx_hal_timebase_TIM.o
 .debug_ranges  0x00000230       0xd8 build/stm32f7xx_hal_adc.o
 .debug_ranges  0x00000308       0xf8 build/stm32f7xx_hal_cortex.o
 .debug_ranges  0x00000400       0xb0 build/stm32f7xx_hal_dac.o
 .debug_ranges  0x000004b0      0x250 build/stm32f7xx_hal_i2c.o
 .debug_ranges  0x00000700       0x18 build/stm32f7xx_hal_i2c_ex.o
 .debug_ranges  0x00000718       0xa8 build/stm32f7xx_hal_rtc.o
 .debug_ranges  0x000007c0      0x168 build/stm32f7xx_ll_sdmmc.o
 .debug_ranges  0x00000928      0x130 build/stm32f7xx_hal_mmc.o
 .debug_ranges  0x00000a58      0x1c8 build/stm32f7xx_hal_spi.o
 .debug_ranges  0x00000c20      0x358 build/stm32f7xx_hal_tim.o
 .debug_ranges  0x00000f78      0x160 build/stm32f7xx_hal_tim_ex.o
 .debug_ranges  0x000010d8      0x180 build/stm32f7xx_hal_uart.o
 .debug_ranges  0x00001258       0x78 build/stm32f7xx_hal_rcc.o
 .debug_ranges  0x000012d0       0x40 build/stm32f7xx_hal_rcc_ex.o
 .debug_ranges  0x00001310       0x48 build/stm32f7xx_hal_gpio.o
 .debug_ranges  0x00001358       0x80 build/stm32f7xx_hal_dma.o
 .debug_ranges  0x000013d8       0xf0 build/stm32f7xx_hal.o
 .debug_ranges  0x000014c8       0x18 build/system_stm32f7xx.o
 .debug_ranges  0x000014e0       0x40 build/heap_4.o
 .debug_ranges  0x00001520       0x70 build/port.o
 .debug_ranges  0x00001590       0x30 build/list.o
 .debug_ranges  0x000015c0      0x210 build/tasks.o
 .debug_ranges  0x000017d0      0x1c8 build/cmsis_os.o
 .debug_ranges  0x00001998       0x20 build/startup_stm32f746xx.o

.debug_line     0x00000000     0xe05b
 .debug_line    0x00000000      0x4b6 build/main.o
 .debug_line    0x000004b6      0x28f build/gpio.o
 .debug_line    0x00000745      0x399 build/adc.o
 .debug_line    0x00000ade      0x2f8 build/dac.o
 .debug_line    0x00000dd6      0x25a build/dma.o
 .debug_line    0x00001030      0x2d0 build/freertos.o
 .debug_line    0x00001300      0x302 build/i2c.o
 .debug_line    0x00001602      0x2a8 build/rtc.o
 .debug_line    0x000018aa      0x30b build/sdmmc.o
 .debug_line    0x00001bb5      0x336 build/spi.o
 .debug_line    0x00001eeb      0x36a build/tim.o
 .debug_line    0x00002255      0x2e8 build/usart.o
 .debug_line    0x0000253d      0x209 build/usb_otg.o
 .debug_line    0x00002746      0x371 build/stm32f7xx_it.o
 .debug_line    0x00002ab7      0x269 build/stm32f7xx_hal_msp.o
 .debug_line    0x00002d20      0x2f7 build/stm32f7xx_hal_timebase_TIM.o
 .debug_line    0x00003017      0x733 build/stm32f7xx_hal_adc.o
 .debug_line    0x0000374a      0x4c5 build/stm32f7xx_hal_cortex.o
 .debug_line    0x00003c0f      0x533 build/stm32f7xx_hal_dac.o
 .debug_line    0x00004142     0x13c6 build/stm32f7xx_hal_i2c.o
 .debug_line    0x00005508      0x334 build/stm32f7xx_hal_i2c_ex.o
 .debug_line    0x0000583c      0x671 build/stm32f7xx_hal_rtc.o
 .debug_line    0x00005ead      0x70d build/stm32f7xx_ll_sdmmc.o
 .debug_line    0x000065ba      0x9c9 build/stm32f7xx_hal_mmc.o
 .debug_line    0x00006f83      0xd49 build/stm32f7xx_hal_spi.o
 .debug_line    0x00007ccc     0x1293 build/stm32f7xx_hal_tim.o
 .debug_line    0x00008f5f      0x9a8 build/stm32f7xx_hal_tim_ex.o
 .debug_line    0x00009907      0xc88 build/stm32f7xx_hal_uart.o
 .debug_line    0x0000a58f      0x589 build/stm32f7xx_hal_rcc.o
 .debug_line    0x0000ab18      0x4d4 build/stm32f7xx_hal_rcc_ex.o
 .debug_line    0x0000afec      0x41b build/stm32f7xx_hal_gpio.o
 .debug_line    0x0000b407      0x5ce build/stm32f7xx_hal_dma.o
 .debug_line    0x0000b9d5      0x4b8 build/stm32f7xx_hal.o
 .debug_line    0x0000be8d      0x256 build/system_stm32f7xx.o
 .debug_line    0x0000c0e3      0x3ec build/heap_4.o
 .debug_line    0x0000c4cf      0x32a build/port.o
 .debug_line    0x0000c7f9      0x343 build/list.o
 .debug_line    0x0000cb3c      0xb9a build/tasks.o
 .debug_line    0x0000d6d6      0x911 build/cmsis_os.o
 .debug_line    0x0000dfe7       0x74 build/startup_stm32f746xx.o

.debug_str      0x00000000     0x86a8
 .debug_str     0x00000000     0x22cb build/main.o
                               0x242f (size before relaxing)
 .debug_str     0x000022cb       0xaf build/gpio.o
                                0x7c4 (size before relaxing)
 .debug_str     0x0000237a       0xca build/adc.o
                                0xc70 (size before relaxing)
 .debug_str     0x00002444       0x97 build/dac.o
                                0xbdd (size before relaxing)
 .debug_str     0x000024db       0x1d build/dma.o
                                0xcd0 (size before relaxing)
 .debug_str     0x000024f8      0x1a0 build/freertos.o
                                0x793 (size before relaxing)
 .debug_str     0x00002698       0x7e build/i2c.o
                                0xd48 (size before relaxing)
 .debug_str     0x00002716       0x43 build/rtc.o
                                0x9ca (size before relaxing)
 .debug_str     0x00002759       0x64 build/sdmmc.o
                                0xcc5 (size before relaxing)
 .debug_str     0x000027bd       0x50 build/spi.o
                                0xc93 (size before relaxing)
 .debug_str     0x0000280d      0x2bd build/tim.o
                                0xf29 (size before relaxing)
 .debug_str     0x00002aca       0x49 build/usart.o
                                0xcdb (size before relaxing)
 .debug_str     0x00002b13        0xe build/usb_otg.o
                                0x5f4 (size before relaxing)
 .debug_str     0x00002b21      0x11d build/stm32f7xx_it.o
                                0xb50 (size before relaxing)
 .debug_str     0x00002c3e       0x41 build/stm32f7xx_hal_msp.o
                                0xce8 (size before relaxing)
 .debug_str     0x00002c7f       0xdd build/stm32f7xx_hal_timebase_TIM.o
                               0x1280 (size before relaxing)
 .debug_str     0x00002d5c      0x2c6 build/stm32f7xx_hal_adc.o
                                0xd53 (size before relaxing)
 .debug_str     0x00003022      0x464 build/stm32f7xx_hal_cortex.o
                               0x11bb (size before relaxing)
 .debug_str     0x00003486      0x1b8 build/stm32f7xx_hal_dac.o
                                0xbf0 (size before relaxing)
 .debug_str     0x0000363e      0x793 build/stm32f7xx_hal_i2c.o
                               0x1324 (size before relaxing)
 .debug_str     0x00003dd1       0x38 build/stm32f7xx_hal_i2c_ex.o
                                0xb9c (size before relaxing)
 .debug_str     0x00003e09      0x2c3 build/stm32f7xx_hal_rtc.o
                                0xbb0 (size before relaxing)
 .debug_str     0x000040cc      0x4b6 build/stm32f7xx_ll_sdmmc.o
                                0xc08 (size before relaxing)
 .debug_str     0x00004582      0x671 build/stm32f7xx_hal_mmc.o
                               0x1448 (size before relaxing)
 .debug_str     0x00004bf3      0x4f8 build/stm32f7xx_hal_spi.o
                               0x1004 (size before relaxing)
 .debug_str     0x000050eb      0xaec build/stm32f7xx_hal_tim.o
                               0x1809 (size before relaxing)
 .debug_str     0x00005bd7      0x510 build/stm32f7xx_hal_tim_ex.o
                               0x128f (size before relaxing)
 .debug_str     0x000060e7      0x534 build/stm32f7xx_hal_uart.o
                               0x123d (size before relaxing)
 .debug_str     0x0000661b      0x12c build/stm32f7xx_hal_rcc.o
                                0xaf9 (size before relaxing)
 .debug_str     0x00006747      0x144 build/stm32f7xx_hal_rcc_ex.o
                                0xb23 (size before relaxing)
 .debug_str     0x0000688b      0x103 build/stm32f7xx_hal_gpio.o
                                0x92b (size before relaxing)
 .debug_str     0x0000698e      0x289 build/stm32f7xx_hal_dma.o
                                0xb94 (size before relaxing)
 .debug_str     0x00006c17      0x2a0 build/stm32f7xx_hal.o
                               0x107d (size before relaxing)
 .debug_str     0x00006eb7       0x42 build/system_stm32f7xx.o
                                0x858 (size before relaxing)
 .debug_str     0x00006ef9      0x24f build/heap_4.o
                                0x7e3 (size before relaxing)
 .debug_str     0x00007148      0x28b build/port.o
                                0x46d (size before relaxing)
 .debug_str     0x000073d3      0x141 build/list.o
                                0x6fa (size before relaxing)
 .debug_str     0x00007514      0x9cd build/tasks.o
                               0x11f5 (size before relaxing)
 .debug_str     0x00007ee1      0x7a3 build/cmsis_os.o
                               0x11ad (size before relaxing)
 .debug_str     0x00008684       0x24 build/startup_stm32f746xx.o
                                 0x58 (size before relaxing)

.comment        0x00000000       0x7f
 .comment       0x00000000       0x7f build/main.o
                                 0x80 (size before relaxing)
 .comment       0x0000007f       0x80 build/gpio.o
 .comment       0x0000007f       0x80 build/adc.o
 .comment       0x0000007f       0x80 build/dac.o
 .comment       0x0000007f       0x80 build/dma.o
 .comment       0x0000007f       0x80 build/freertos.o
 .comment       0x0000007f       0x80 build/i2c.o
 .comment       0x0000007f       0x80 build/rtc.o
 .comment       0x0000007f       0x80 build/sdmmc.o
 .comment       0x0000007f       0x80 build/spi.o
 .comment       0x0000007f       0x80 build/tim.o
 .comment       0x0000007f       0x80 build/usart.o
 .comment       0x0000007f       0x80 build/usb_otg.o
 .comment       0x0000007f       0x80 build/stm32f7xx_it.o
 .comment       0x0000007f       0x80 build/stm32f7xx_hal_msp.o
 .comment       0x0000007f       0x80 build/stm32f7xx_hal_timebase_TIM.o
 .comment       0x0000007f       0x80 build/stm32f7xx_hal_adc.o
 .comment       0x0000007f       0x80 build/stm32f7xx_hal_cortex.o
 .comment       0x0000007f       0x80 build/stm32f7xx_hal_dac.o
 .comment       0x0000007f       0x80 build/stm32f7xx_hal_i2c.o
 .comment       0x0000007f       0x80 build/stm32f7xx_hal_i2c_ex.o
 .comment       0x0000007f       0x80 build/stm32f7xx_hal_rtc.o
 .comment       0x0000007f       0x80 build/stm32f7xx_ll_sdmmc.o
 .comment       0x0000007f       0x80 build/stm32f7xx_hal_mmc.o
 .comment       0x0000007f       0x80 build/stm32f7xx_hal_spi.o
 .comment       0x0000007f       0x80 build/stm32f7xx_hal_tim.o
 .comment       0x0000007f       0x80 build/stm32f7xx_hal_tim_ex.o
 .comment       0x0000007f       0x80 build/stm32f7xx_hal_uart.o
 .comment       0x0000007f       0x80 build/stm32f7xx_hal_rcc.o
 .comment       0x0000007f       0x80 build/stm32f7xx_hal_rcc_ex.o
 .comment       0x0000007f       0x80 build/stm32f7xx_hal_gpio.o
 .comment       0x0000007f       0x80 build/stm32f7xx_hal_dma.o
 .comment       0x0000007f       0x80 build/stm32f7xx_hal.o
 .comment       0x0000007f       0x80 build/system_stm32f7xx.o
 .comment       0x0000007f       0x80 build/heap_4.o
 .comment       0x0000007f       0x80 build/port.o
 .comment       0x0000007f       0x80 build/list.o
 .comment       0x0000007f       0x80 build/tasks.o
 .comment       0x0000007f       0x80 build/cmsis_os.o

.debug_frame    0x00000000     0x541c
 .debug_frame   0x00000000       0x7c build/main.o
 .debug_frame   0x0000007c       0x44 build/gpio.o
 .debug_frame   0x000000c0       0xb8 build/adc.o
 .debug_frame   0x00000178       0x74 build/dac.o
 .debug_frame   0x000001ec       0x2c build/dma.o
 .debug_frame   0x00000218       0x70 build/freertos.o
 .debug_frame   0x00000288       0x64 build/i2c.o
 .debug_frame   0x000002ec       0x4c build/rtc.o
 .debug_frame   0x00000338       0x70 build/sdmmc.o
 .debug_frame   0x000003a8       0x8c build/spi.o
 .debug_frame   0x00000434       0xa8 build/tim.o
 .debug_frame   0x000004dc       0x64 build/usart.o
 .debug_frame   0x00000540       0x20 build/usb_otg.o
 .debug_frame   0x00000560       0xfc build/stm32f7xx_it.o
 .debug_frame   0x0000065c       0x30 build/stm32f7xx_hal_msp.o
 .debug_frame   0x0000068c       0x50 build/stm32f7xx_hal_timebase_TIM.o
 .debug_frame   0x000006dc      0x2b8 build/stm32f7xx_hal_adc.o
 .debug_frame   0x00000994      0x16c build/stm32f7xx_hal_cortex.o
 .debug_frame   0x00000b00      0x224 build/stm32f7xx_hal_dac.o
 .debug_frame   0x00000d24      0x970 build/stm32f7xx_hal_i2c.o
 .debug_frame   0x00001694       0x30 build/stm32f7xx_hal_i2c_ex.o
 .debug_frame   0x000016c4      0x260 build/stm32f7xx_hal_rtc.o
 .debug_frame   0x00001924      0x4ec build/stm32f7xx_ll_sdmmc.o
 .debug_frame   0x00001e10      0x47c build/stm32f7xx_hal_mmc.o
 .debug_frame   0x0000228c      0x670 build/stm32f7xx_hal_spi.o
 .debug_frame   0x000028fc      0xb44 build/stm32f7xx_hal_tim.o
 .debug_frame   0x00003440      0x4e4 build/stm32f7xx_hal_tim_ex.o
 .debug_frame   0x00003924      0x4d8 build/stm32f7xx_hal_uart.o
 .debug_frame   0x00003dfc      0x1d4 build/stm32f7xx_hal_rcc.o
 .debug_frame   0x00003fd0       0xe8 build/stm32f7xx_hal_rcc_ex.o
 .debug_frame   0x000040b8       0xec build/stm32f7xx_hal_gpio.o
 .debug_frame   0x000041a4      0x1b8 build/stm32f7xx_hal_dma.o
 .debug_frame   0x0000435c      0x220 build/stm32f7xx_hal.o
 .debug_frame   0x0000457c       0x3c build/system_stm32f7xx.o
 .debug_frame   0x000045b8       0xbc build/heap_4.o
 .debug_frame   0x00004674       0xf8 build/port.o
 .debug_frame   0x0000476c       0x70 build/list.o
 .debug_frame   0x000047dc      0x588 build/tasks.o
 .debug_frame   0x00004d64      0x62c build/cmsis_os.o
 .debug_frame   0x00005390       0x2c c:/program files (x86)/gnu tools arm embedded/7 2018-q2-update/bin/../lib/gcc/arm-none-eabi/7.3.1/../../../../arm-none-eabi/lib/thumb/v7e-m/fpv4-sp/hard\libc_nano.a(lib_a-init.o)
 .debug_frame   0x000053bc       0x2c c:/program files (x86)/gnu tools arm embedded/7 2018-q2-update/bin/../lib/gcc/arm-none-eabi/7.3.1/thumb/v7e-m/fpv4-sp/hard\libgcc.a(_aeabi_uldivmod.o)
 .debug_frame   0x000053e8       0x34 c:/program files (x86)/gnu tools arm embedded/7 2018-q2-update/bin/../lib/gcc/arm-none-eabi/7.3.1/thumb/v7e-m/fpv4-sp/hard\libgcc.a(_udivmoddi4.o)

Cross Reference Table

Symbol                                            File
ADC_IRQHandler                                    build/startup_stm32f746xx.o
AHBPrescTable                                     build/system_stm32f7xx.o
                                                  build/stm32f7xx_hal_rcc.o
APBPrescTable                                     build/system_stm32f7xx.o
                                                  build/stm32f7xx_hal_rcc.o
BusFault_Handler                                  build/stm32f7xx_it.o
CAN1_RX0_IRQHandler                               build/startup_stm32f746xx.o
CAN1_RX1_IRQHandler                               build/startup_stm32f746xx.o
CAN1_SCE_IRQHandler                               build/startup_stm32f746xx.o
CAN1_TX_IRQHandler                                build/startup_stm32f746xx.o
CAN2_RX0_IRQHandler                               build/startup_stm32f746xx.o
CAN2_RX1_IRQHandler                               build/startup_stm32f746xx.o
CAN2_SCE_IRQHandler                               build/startup_stm32f746xx.o
CAN2_TX_IRQHandler                                build/startup_stm32f746xx.o
CEC_IRQHandler                                    build/startup_stm32f746xx.o
DAC_DMAConvCpltCh2                                build/stm32f7xx_hal_dac_ex.o
                                                  build/stm32f7xx_hal_dac.o
DAC_DMAErrorCh2                                   build/stm32f7xx_hal_dac_ex.o
                                                  build/stm32f7xx_hal_dac.o
DAC_DMAHalfConvCpltCh2                            build/stm32f7xx_hal_dac_ex.o
                                                  build/stm32f7xx_hal_dac.o
DCMI_IRQHandler                                   build/startup_stm32f746xx.o
DMA1_Stream0_IRQHandler                           build/startup_stm32f746xx.o
DMA1_Stream1_IRQHandler                           build/startup_stm32f746xx.o
DMA1_Stream2_IRQHandler                           build/startup_stm32f746xx.o
DMA1_Stream3_IRQHandler                           build/startup_stm32f746xx.o
DMA1_Stream4_IRQHandler                           build/startup_stm32f746xx.o
DMA1_Stream5_IRQHandler                           build/stm32f7xx_it.o
DMA1_Stream6_IRQHandler                           build/startup_stm32f746xx.o
DMA1_Stream7_IRQHandler                           build/startup_stm32f746xx.o
DMA2D_IRQHandler                                  build/startup_stm32f746xx.o
DMA2_Stream0_IRQHandler                           build/stm32f7xx_it.o
DMA2_Stream1_IRQHandler                           build/startup_stm32f746xx.o
DMA2_Stream2_IRQHandler                           build/startup_stm32f746xx.o
DMA2_Stream3_IRQHandler                           build/stm32f7xx_it.o
DMA2_Stream4_IRQHandler                           build/startup_stm32f746xx.o
DMA2_Stream5_IRQHandler                           build/startup_stm32f746xx.o
DMA2_Stream6_IRQHandler                           build/startup_stm32f746xx.o
DMA2_Stream7_IRQHandler                           build/startup_stm32f746xx.o
DebugMon_Handler                                  build/stm32f7xx_it.o
Default_Handler                                   build/startup_stm32f746xx.o
ETH_IRQHandler                                    build/startup_stm32f746xx.o
ETH_WKUP_IRQHandler                               build/startup_stm32f746xx.o
EXTI0_IRQHandler                                  build/startup_stm32f746xx.o
EXTI15_10_IRQHandler                              build/startup_stm32f746xx.o
EXTI1_IRQHandler                                  build/startup_stm32f746xx.o
EXTI2_IRQHandler                                  build/startup_stm32f746xx.o
EXTI3_IRQHandler                                  build/startup_stm32f746xx.o
EXTI4_IRQHandler                                  build/startup_stm32f746xx.o
EXTI9_5_IRQHandler                                build/startup_stm32f746xx.o
FLASH_Erase_Sector                                build/stm32f7xx_hal_flash_ex.o
                                                  build/stm32f7xx_hal_flash.o
FLASH_IRQHandler                                  build/startup_stm32f746xx.o
FLASH_WaitForLastOperation                        build/stm32f7xx_hal_flash.o
                                                  build/stm32f7xx_hal_flash_ex.o
FMC_IRQHandler                                    build/startup_stm32f746xx.o
FPU_IRQHandler                                    build/startup_stm32f746xx.o
HAL_ADCEx_InjectedConfigChannel                   build/stm32f7xx_hal_adc_ex.o
HAL_ADCEx_InjectedConvCpltCallback                build/stm32f7xx_hal_adc_ex.o
                                                  build/stm32f7xx_hal_adc.o
HAL_ADCEx_InjectedGetValue                        build/stm32f7xx_hal_adc_ex.o
HAL_ADCEx_InjectedPollForConversion               build/stm32f7xx_hal_adc_ex.o
HAL_ADCEx_InjectedStart                           build/stm32f7xx_hal_adc_ex.o
HAL_ADCEx_InjectedStart_IT                        build/stm32f7xx_hal_adc_ex.o
HAL_ADCEx_InjectedStop                            build/stm32f7xx_hal_adc_ex.o
HAL_ADCEx_InjectedStop_IT                         build/stm32f7xx_hal_adc_ex.o
HAL_ADCEx_MultiModeConfigChannel                  build/stm32f7xx_hal_adc_ex.o
HAL_ADCEx_MultiModeGetValue                       build/stm32f7xx_hal_adc_ex.o
HAL_ADCEx_MultiModeStart_DMA                      build/stm32f7xx_hal_adc_ex.o
HAL_ADCEx_MultiModeStop_DMA                       build/stm32f7xx_hal_adc_ex.o
HAL_ADC_AnalogWDGConfig                           build/stm32f7xx_hal_adc.o
HAL_ADC_ConfigChannel                             build/stm32f7xx_hal_adc.o
                                                  build/adc.o
HAL_ADC_ConvCpltCallback                          build/stm32f7xx_hal_adc.o
                                                  build/stm32f7xx_hal_adc_ex.o
HAL_ADC_ConvHalfCpltCallback                      build/stm32f7xx_hal_adc.o
                                                  build/stm32f7xx_hal_adc_ex.o
HAL_ADC_DeInit                                    build/stm32f7xx_hal_adc.o
HAL_ADC_ErrorCallback                             build/stm32f7xx_hal_adc.o
                                                  build/stm32f7xx_hal_adc_ex.o
HAL_ADC_GetError                                  build/stm32f7xx_hal_adc.o
HAL_ADC_GetState                                  build/stm32f7xx_hal_adc.o
HAL_ADC_GetValue                                  build/stm32f7xx_hal_adc.o
HAL_ADC_IRQHandler                                build/stm32f7xx_hal_adc.o
HAL_ADC_Init                                      build/stm32f7xx_hal_adc.o
                                                  build/adc.o
HAL_ADC_LevelOutOfWindowCallback                  build/stm32f7xx_hal_adc.o
HAL_ADC_MspDeInit                                 build/adc.o
HAL_ADC_MspInit                                   build/adc.o
HAL_ADC_PollForConversion                         build/stm32f7xx_hal_adc.o
HAL_ADC_PollForEvent                              build/stm32f7xx_hal_adc.o
HAL_ADC_Start                                     build/stm32f7xx_hal_adc.o
HAL_ADC_Start_DMA                                 build/stm32f7xx_hal_adc.o
HAL_ADC_Start_IT                                  build/stm32f7xx_hal_adc.o
HAL_ADC_Stop                                      build/stm32f7xx_hal_adc.o
HAL_ADC_Stop_DMA                                  build/stm32f7xx_hal_adc.o
HAL_ADC_Stop_IT                                   build/stm32f7xx_hal_adc.o
HAL_DACEx_ConvCpltCallbackCh2                     build/stm32f7xx_hal_dac_ex.o
HAL_DACEx_ConvHalfCpltCallbackCh2                 build/stm32f7xx_hal_dac_ex.o
HAL_DACEx_DMAUnderrunCallbackCh2                  build/stm32f7xx_hal_dac_ex.o
                                                  build/stm32f7xx_hal_dac.o
HAL_DACEx_DualGetValue                            build/stm32f7xx_hal_dac_ex.o
HAL_DACEx_DualSetValue                            build/stm32f7xx_hal_dac_ex.o
HAL_DACEx_ErrorCallbackCh2                        build/stm32f7xx_hal_dac_ex.o
HAL_DACEx_NoiseWaveGenerate                       build/stm32f7xx_hal_dac_ex.o
HAL_DACEx_TriangleWaveGenerate                    build/stm32f7xx_hal_dac_ex.o
HAL_DAC_ConfigChannel                             build/stm32f7xx_hal_dac.o
                                                  build/dac.o
HAL_DAC_ConvCpltCallbackCh1                       build/stm32f7xx_hal_dac.o
HAL_DAC_ConvHalfCpltCallbackCh1                   build/stm32f7xx_hal_dac.o
HAL_DAC_DMAUnderrunCallbackCh1                    build/stm32f7xx_hal_dac.o
HAL_DAC_DeInit                                    build/stm32f7xx_hal_dac.o
HAL_DAC_ErrorCallbackCh1                          build/stm32f7xx_hal_dac.o
HAL_DAC_GetError                                  build/stm32f7xx_hal_dac.o
HAL_DAC_GetState                                  build/stm32f7xx_hal_dac.o
HAL_DAC_GetValue                                  build/stm32f7xx_hal_dac.o
HAL_DAC_IRQHandler                                build/stm32f7xx_hal_dac.o
HAL_DAC_Init                                      build/stm32f7xx_hal_dac.o
                                                  build/dac.o
HAL_DAC_MspDeInit                                 build/dac.o
HAL_DAC_MspInit                                   build/dac.o
HAL_DAC_SetValue                                  build/stm32f7xx_hal_dac.o
HAL_DAC_Start                                     build/stm32f7xx_hal_dac.o
HAL_DAC_Start_DMA                                 build/stm32f7xx_hal_dac.o
HAL_DAC_Stop                                      build/stm32f7xx_hal_dac.o
HAL_DAC_Stop_DMA                                  build/stm32f7xx_hal_dac.o
HAL_DBGMCU_DisableDBGSleepMode                    build/stm32f7xx_hal.o
HAL_DBGMCU_DisableDBGStandbyMode                  build/stm32f7xx_hal.o
HAL_DBGMCU_DisableDBGStopMode                     build/stm32f7xx_hal.o
HAL_DBGMCU_EnableDBGSleepMode                     build/stm32f7xx_hal.o
HAL_DBGMCU_EnableDBGStandbyMode                   build/stm32f7xx_hal.o
HAL_DBGMCU_EnableDBGStopMode                      build/stm32f7xx_hal.o
HAL_DMAEx_ChangeMemory                            build/stm32f7xx_hal_dma_ex.o
HAL_DMAEx_MultiBufferStart                        build/stm32f7xx_hal_dma_ex.o
HAL_DMAEx_MultiBufferStart_IT                     build/stm32f7xx_hal_dma_ex.o
HAL_DMA_Abort                                     build/stm32f7xx_hal_dma.o
                                                  build/stm32f7xx_hal_uart.o
                                                  build/stm32f7xx_hal_tim.o
                                                  build/stm32f7xx_hal_spi.o
                                                  build/stm32f7xx_hal_mmc.o
                                                  build/stm32f7xx_hal_dac.o
                                                  build/stm32f7xx_hal_adc_ex.o
                                                  build/stm32f7xx_hal_adc.o
HAL_DMA_Abort_IT                                  build/stm32f7xx_hal_dma.o
                                                  build/stm32f7xx_hal_uart.o
                                                  build/stm32f7xx_hal_spi.o
                                                  build/stm32f7xx_hal_mmc.o
                                                  build/stm32f7xx_hal_i2c.o
HAL_DMA_DeInit                                    build/stm32f7xx_hal_dma.o
                                                  build/spi.o
                                                  build/dac.o
                                                  build/adc.o
HAL_DMA_GetError                                  build/stm32f7xx_hal_dma.o
                                                  build/stm32f7xx_hal_mmc.o
HAL_DMA_GetState                                  build/stm32f7xx_hal_dma.o
HAL_DMA_IRQHandler                                build/stm32f7xx_hal_dma.o
                                                  build/stm32f7xx_it.o
HAL_DMA_Init                                      build/stm32f7xx_hal_dma.o
                                                  build/spi.o
                                                  build/dac.o
                                                  build/adc.o
HAL_DMA_PollForTransfer                           build/stm32f7xx_hal_dma.o
HAL_DMA_RegisterCallback                          build/stm32f7xx_hal_dma.o
HAL_DMA_Start                                     build/stm32f7xx_hal_dma.o
HAL_DMA_Start_IT                                  build/stm32f7xx_hal_dma.o
                                                  build/stm32f7xx_hal_uart.o
                                                  build/stm32f7xx_hal_tim_ex.o
                                                  build/stm32f7xx_hal_tim.o
                                                  build/stm32f7xx_hal_spi.o
                                                  build/stm32f7xx_hal_mmc.o
                                                  build/stm32f7xx_hal_i2c.o
                                                  build/stm32f7xx_hal_dac.o
                                                  build/stm32f7xx_hal_adc_ex.o
                                                  build/stm32f7xx_hal_adc.o
HAL_DMA_UnRegisterCallback                        build/stm32f7xx_hal_dma.o
HAL_DeInit                                        build/stm32f7xx_hal.o
HAL_Delay                                         build/stm32f7xx_hal.o
                                                  build/stm32f7xx_hal_mmc.o
HAL_DisableCompensationCell                       build/stm32f7xx_hal.o
HAL_DisableFMCMemorySwapping                      build/stm32f7xx_hal.o
HAL_EnableCompensationCell                        build/stm32f7xx_hal.o
HAL_EnableFMCMemorySwapping                       build/stm32f7xx_hal.o
HAL_FLASHEx_Erase                                 build/stm32f7xx_hal_flash_ex.o
HAL_FLASHEx_Erase_IT                              build/stm32f7xx_hal_flash_ex.o
HAL_FLASHEx_OBGetConfig                           build/stm32f7xx_hal_flash_ex.o
HAL_FLASHEx_OBProgram                             build/stm32f7xx_hal_flash_ex.o
HAL_FLASH_EndOfOperationCallback                  build/stm32f7xx_hal_flash.o
HAL_FLASH_GetError                                build/stm32f7xx_hal_flash.o
HAL_FLASH_IRQHandler                              build/stm32f7xx_hal_flash.o
HAL_FLASH_Lock                                    build/stm32f7xx_hal_flash.o
HAL_FLASH_OB_Launch                               build/stm32f7xx_hal_flash.o
HAL_FLASH_OB_Lock                                 build/stm32f7xx_hal_flash.o
HAL_FLASH_OB_Unlock                               build/stm32f7xx_hal_flash.o
HAL_FLASH_OperationErrorCallback                  build/stm32f7xx_hal_flash.o
HAL_FLASH_Program                                 build/stm32f7xx_hal_flash.o
HAL_FLASH_Program_IT                              build/stm32f7xx_hal_flash.o
HAL_FLASH_Unlock                                  build/stm32f7xx_hal_flash.o
HAL_GPIO_DeInit                                   build/stm32f7xx_hal_gpio.o
                                                  build/usart.o
                                                  build/tim.o
                                                  build/spi.o
                                                  build/sdmmc.o
                                                  build/i2c.o
                                                  build/dac.o
                                                  build/adc.o
HAL_GPIO_EXTI_Callback                            build/stm32f7xx_hal_gpio.o
HAL_GPIO_EXTI_IRQHandler                          build/stm32f7xx_hal_gpio.o
HAL_GPIO_Init                                     build/stm32f7xx_hal_gpio.o
                                                  build/stm32f7xx_hal_rcc.o
                                                  build/usart.o
                                                  build/tim.o
                                                  build/spi.o
                                                  build/sdmmc.o
                                                  build/i2c.o
                                                  build/dac.o
                                                  build/adc.o
                                                  build/gpio.o
HAL_GPIO_LockPin                                  build/stm32f7xx_hal_gpio.o
HAL_GPIO_ReadPin                                  build/stm32f7xx_hal_gpio.o
HAL_GPIO_TogglePin                                build/stm32f7xx_hal_gpio.o
HAL_GPIO_WritePin                                 build/stm32f7xx_hal_gpio.o
                                                  build/gpio.o
HAL_GetDEVID                                      build/stm32f7xx_hal.o
HAL_GetHalVersion                                 build/stm32f7xx_hal.o
HAL_GetREVID                                      build/stm32f7xx_hal.o
HAL_GetTick                                       build/stm32f7xx_hal.o
                                                  build/stm32f7xx_hal_pwr_ex.o
                                                  build/stm32f7xx_hal_dma.o
                                                  build/stm32f7xx_hal_flash.o
                                                  build/stm32f7xx_hal_rcc_ex.o
                                                  build/stm32f7xx_hal_rcc.o
                                                  build/stm32f7xx_hal_uart.o
                                                  build/stm32f7xx_hal_spi.o
                                                  build/stm32f7xx_hal_mmc.o
                                                  build/stm32f7xx_hal_rtc_ex.o
                                                  build/stm32f7xx_hal_rtc.o
                                                  build/stm32f7xx_hal_i2c.o